<html>
<body>
<pre>
<h1>µVision Build Log</h1>
<h2>Tool Versions:</h2>
IDE-Version: µVision V5.26.2.0
Copyright (C) 2018 ARM Ltd and ARM Germany GmbH. All rights reserved.
License Information: Eldor Bekpulatov, Cornell, LIC=----
 
Tool Versions:
Toolchain:       MDK-Lite  Version: 5.26.2.0
Toolchain Path:  C:\Keil_v5\ARM\ARMCC\Bin
C Compiler:      Armcc.exe V5.06 update 6 (build 750)
Assembler:       Armasm.exe V5.06 update 6 (build 750)
Linker/Locator:  ArmLink.exe V5.06 update 6 (build 750)
Library Manager: ArmAr.exe V5.06 update 6 (build 750)
Hex Converter:   FromElf.exe V5.06 update 6 (build 750)
CPU DLL:         
Dialog DLL:      DCM.DLL V1.17.2.0
Target DLL:      CMSIS_AGDI.dll V1.30.6.0
Dialog DLL:      TCM.DLL V1.36.1.0
 
<h2>Project:</h2>
C:\Users\eldor\Downloads\Lab06\servo_operation.uvprojx
Project File Date:  05/25/2019

<h2>Output:</h2>
*** Using Compiler 'V5.06 update 6 (build 750)', folder: 'C:\Keil_v5\ARM\ARMCC\Bin'
Rebuild target 'servo_operation'
compiling Servo.cpp...
mbed\Servo.cpp(43): warning:  #1035-D: single-precision operand implicitly converted to double-precision
      float offset = _range * 2.0 * (percent - 0.5);
mbed\Servo.cpp(43): warning:  #1035-D: single-precision operand implicitly converted to double-precision
      float offset = _range * 2.0 * (percent - 0.5);
mbed\Servo.cpp(44): warning:  #1035-D: single-precision operand implicitly converted to double-precision
      _pwm.pulsewidth(0.0015 + clamp(offset, -_range, _range));
mbed\Servo.cpp(50): warning:  #1035-D: single-precision operand implicitly converted to double-precision
      _pwm.pulsewidth(0.0015 + clamp(offset, -_range, _range));
mbed\Servo.cpp: 4 warnings, 0 errors
compiling main.cpp...
main.cpp(17): warning:  #1035-D: single-precision operand implicitly converted to double-precision
  	if ( stepper->mode == 1.0 ) { 
main.cpp(22): warning:  #1035-D: single-precision operand implicitly converted to double-precision
  				else if ( stepper->mode == 0.5 ) {
main.cpp(27): warning:  #1035-D: single-precision operand implicitly converted to double-precision
  				else if ( stepper->mode == 0.25 ) {
main.cpp: 3 warnings, 0 errors
linking...
C:\Users\eldor\AppData\Local\Temp\p155c-3(124): warning: L6312W: Empty Execution region description for region RW_IRAM1
C:\Users\eldor\AppData\Local\Temp\p155c-3: Warning: L6320W: Ignoring --keep command. Cannot find argument 'os_cb_sections'.
Program Size: Code=26820 RO-data=5596 RW-data=288 ZI-data=2120  
Finished: 0 information, 2 warning and 0 error messages.
".\BUILD\servo_operation.axf" - 0 Error(s), 9 Warning(s).

<h2>Software Packages used:</h2>

Package Vendor: Keil
                http://www.keil.com/pack/Keil.Kinetis_K60_DFP.1.5.0.pack
                Keil.Kinetis_K60_DFP.1.5.0
                NXP Kinetis K60 Series Device Support and Examples

<h2>Collection of Component include folders:</h2>
  .\RTE\_servo_operation
  C:\Keil_v5\ARM\PACK\Keil\Kinetis_K60_DFP\1.5.0\Device\Include

<h2>Collection of Component Files used:</h2>
Build Time Elapsed:  00:00:01
</pre>
</body>
</html>
