<!doctype html public "-//w3c//dtd html 4.0 transitional//en">
<html><head>
<title>Static Call Graph - [.\BUILD\servo_operation.axf]</title></head>
<body><HR>
<H1>Static Call Graph for image .\BUILD\servo_operation.axf</H1><HR>
<BR><P>#&#060CALLGRAPH&#062# ARM Linker, 5060750: Last Updated: Sat May 25 14:46:11 2019
<BR><P>
<H3>Maximum Stack Usage =        624 bytes + Unknown(Cycles, Untraceable Function Pointers)</H3><H3>
Call chain for Maximum Stack Depth:</H3>
__rt_lib_init_stdio_2 &rArr; _initio &rArr; freopen &rArr; _sys_open &rArr; open &rArr; mbed::FilePath::FilePath(const char*) &rArr; mbed::FileBase::lookup(const char*, unsigned) &rArr; SingletonPtr&lang;PlatformMutex&rang;::operator -&rang;() &rArr; mbed_assert_internal &rArr; mbed_error_printf &rArr; serial_init &rArr;  mbed_assert_internal (Cycle)
<P>
<H3>
Mutually Recursive functions
</H3> <LI><a href="#[d]">HardFault_Handler</a>&nbsp;&nbsp;&nbsp;&rArr;&nbsp;&nbsp;&nbsp;<a href="#[d]">HardFault_Handler</a><BR>
 <LI><a href="#[e]">MemManage_Handler</a>&nbsp;&nbsp;&nbsp;&rArr;&nbsp;&nbsp;&nbsp;<a href="#[e]">MemManage_Handler</a><BR>
 <LI><a href="#[f]">BusFault_Handler</a>&nbsp;&nbsp;&nbsp;&rArr;&nbsp;&nbsp;&nbsp;<a href="#[f]">BusFault_Handler</a><BR>
 <LI><a href="#[10]">UsageFault_Handler</a>&nbsp;&nbsp;&nbsp;&rArr;&nbsp;&nbsp;&nbsp;<a href="#[10]">UsageFault_Handler</a><BR>
 <LI><a href="#[11]">SVC_Handler</a>&nbsp;&nbsp;&nbsp;&rArr;&nbsp;&nbsp;&nbsp;<a href="#[11]">SVC_Handler</a><BR>
 <LI><a href="#[12]">DebugMon_Handler</a>&nbsp;&nbsp;&nbsp;&rArr;&nbsp;&nbsp;&nbsp;<a href="#[12]">DebugMon_Handler</a><BR>
 <LI><a href="#[13]">PendSV_Handler</a>&nbsp;&nbsp;&nbsp;&rArr;&nbsp;&nbsp;&nbsp;<a href="#[13]">PendSV_Handler</a><BR>
 <LI><a href="#[14]">SysTick_Handler</a>&nbsp;&nbsp;&nbsp;&rArr;&nbsp;&nbsp;&nbsp;<a href="#[14]">SysTick_Handler</a><BR>
 <LI><a href="#[173]">core_util_critical_section_enter</a>&nbsp;&nbsp;&nbsp;&rArr;&nbsp;&nbsp;&nbsp;<a href="#[159]">mbed_assert_internal</a><BR>
 <LI><a href="#[194]">hal_critical_section_exit</a>&nbsp;&nbsp;&nbsp;&rArr;&nbsp;&nbsp;&nbsp;<a href="#[159]">mbed_assert_internal</a><BR>
 <LI><a href="#[19c]">initialize</a>&nbsp;&nbsp;&nbsp;&rArr;&nbsp;&nbsp;&nbsp;<a href="#[159]">mbed_assert_internal</a><BR>
 <LI><a href="#[1a0]">schedule_interrupt</a>&nbsp;&nbsp;&nbsp;&rArr;&nbsp;&nbsp;&nbsp;<a href="#[159]">mbed_assert_internal</a><BR>
 <LI><a href="#[170]">gpio_write</a>&nbsp;&nbsp;&nbsp;&rArr;&nbsp;&nbsp;&nbsp;<a href="#[159]">mbed_assert_internal</a><BR>
 <LI><a href="#[198]">pin_function</a>&nbsp;&nbsp;&nbsp;&rArr;&nbsp;&nbsp;&nbsp;<a href="#[159]">mbed_assert_internal</a><BR>
 <LI><a href="#[196]">gpio_dir</a>&nbsp;&nbsp;&nbsp;&rArr;&nbsp;&nbsp;&nbsp;<a href="#[159]">mbed_assert_internal</a><BR>
 <LI><a href="#[1aa]">pinmap_pinout</a>&nbsp;&nbsp;&nbsp;&rArr;&nbsp;&nbsp;&nbsp;<a href="#[19a]">pin_mode</a><BR>
 <LI><a href="#[16b]">__cxa_guard_release</a>&nbsp;&nbsp;&nbsp;&rArr;&nbsp;&nbsp;&nbsp;<a href="#[159]">mbed_assert_internal</a><BR>
 <LI><a href="#[167]">__cxa_guard_acquire</a>&nbsp;&nbsp;&nbsp;&rArr;&nbsp;&nbsp;&nbsp;<a href="#[159]">mbed_assert_internal</a><BR>
 <LI><a href="#[164]">get_fhc(int)</a>&nbsp;&nbsp;&nbsp;&rArr;&nbsp;&nbsp;&nbsp;<a href="#[168]">serial_init</a><BR>
 <LI><a href="#[1a3]">print_error_report</a>&nbsp;&nbsp;&nbsp;&rArr;&nbsp;&nbsp;&nbsp;<a href="#[1a1]">mbed_error_printf</a><BR>
 <LI><a href="#[168]">serial_init</a>&nbsp;&nbsp;&nbsp;&rArr;&nbsp;&nbsp;&nbsp;<a href="#[159]">mbed_assert_internal</a><BR>
 <LI><a href="#[192]">core_util_atomic_decr_u16</a>&nbsp;&nbsp;&nbsp;&rArr;&nbsp;&nbsp;&nbsp;<a href="#[192]">core_util_atomic_decr_u16</a><BR>
 <LI><a href="#[15a]">gcd(int, int)</a>&nbsp;&nbsp;&nbsp;&rArr;&nbsp;&nbsp;&nbsp;<a href="#[15a]">gcd(int, int)</a><BR>
</UL>
<P>
<H3>
Function Pointers
</H3><UL>
 <LI><a href="#[3c]">ADC0_IRQHandler</a> from mbed/TARGET_K64F/TOOLCHAIN_ARM_STD/startup_MK64F12.o(.text) referenced from mbed/TARGET_K64F/TOOLCHAIN_ARM_STD/startup_MK64F12.o(RESET)
 <LI><a href="#[5e]">ADC1_IRQHandler</a> from mbed/TARGET_K64F/TOOLCHAIN_ARM_STD/startup_MK64F12.o(.text) referenced from mbed/TARGET_K64F/TOOLCHAIN_ARM_STD/startup_MK64F12.o(RESET)
 <LI><a href="#[f]">BusFault_Handler</a> from mbed/TARGET_K64F/TOOLCHAIN_ARM_STD/startup_MK64F12.o(.text) referenced from mbed/TARGET_K64F/TOOLCHAIN_ARM_STD/startup_MK64F12.o(RESET)
 <LI><a href="#[61]">CAN0_Bus_Off_IRQHandler</a> from mbed/TARGET_K64F/TOOLCHAIN_ARM_STD/startup_MK64F12.o(.text) referenced from mbed/TARGET_K64F/TOOLCHAIN_ARM_STD/startup_MK64F12.o(RESET)
 <LI><a href="#[94]">CAN0_DriverIRQHandler</a> from mbed/TARGET_K64F/TOOLCHAIN_ARM_STD/fsl_flexcan.o(i.CAN0_DriverIRQHandler) referenced from mbed/TARGET_K64F/TOOLCHAIN_ARM_STD/startup_MK64F12.o(.text)
 <LI><a href="#[62]">CAN0_Error_IRQHandler</a> from mbed/TARGET_K64F/TOOLCHAIN_ARM_STD/startup_MK64F12.o(.text) referenced from mbed/TARGET_K64F/TOOLCHAIN_ARM_STD/startup_MK64F12.o(RESET)
 <LI><a href="#[60]">CAN0_ORed_Message_buffer_IRQHandler</a> from mbed/TARGET_K64F/TOOLCHAIN_ARM_STD/startup_MK64F12.o(.text) referenced from mbed/TARGET_K64F/TOOLCHAIN_ARM_STD/startup_MK64F12.o(RESET)
 <LI><a href="#[64]">CAN0_Rx_Warning_IRQHandler</a> from mbed/TARGET_K64F/TOOLCHAIN_ARM_STD/startup_MK64F12.o(.text) referenced from mbed/TARGET_K64F/TOOLCHAIN_ARM_STD/startup_MK64F12.o(RESET)
 <LI><a href="#[63]">CAN0_Tx_Warning_IRQHandler</a> from mbed/TARGET_K64F/TOOLCHAIN_ARM_STD/startup_MK64F12.o(.text) referenced from mbed/TARGET_K64F/TOOLCHAIN_ARM_STD/startup_MK64F12.o(RESET)
 <LI><a href="#[65]">CAN0_Wake_Up_IRQHandler</a> from mbed/TARGET_K64F/TOOLCHAIN_ARM_STD/startup_MK64F12.o(.text) referenced from mbed/TARGET_K64F/TOOLCHAIN_ARM_STD/startup_MK64F12.o(RESET)
 <LI><a href="#[3d]">CMP0_IRQHandler</a> from mbed/TARGET_K64F/TOOLCHAIN_ARM_STD/startup_MK64F12.o(.text) referenced from mbed/TARGET_K64F/TOOLCHAIN_ARM_STD/startup_MK64F12.o(RESET)
 <LI><a href="#[3e]">CMP1_IRQHandler</a> from mbed/TARGET_K64F/TOOLCHAIN_ARM_STD/startup_MK64F12.o(.text) referenced from mbed/TARGET_K64F/TOOLCHAIN_ARM_STD/startup_MK64F12.o(RESET)
 <LI><a href="#[5b]">CMP2_IRQHandler</a> from mbed/TARGET_K64F/TOOLCHAIN_ARM_STD/startup_MK64F12.o(.text) referenced from mbed/TARGET_K64F/TOOLCHAIN_ARM_STD/startup_MK64F12.o(RESET)
 <LI><a href="#[42]">CMT_IRQHandler</a> from mbed/TARGET_K64F/TOOLCHAIN_ARM_STD/startup_MK64F12.o(.text) referenced from mbed/TARGET_K64F/TOOLCHAIN_ARM_STD/startup_MK64F12.o(RESET)
 <LI><a href="#[4d]">DAC0_IRQHandler</a> from mbed/TARGET_K64F/TOOLCHAIN_ARM_STD/startup_MK64F12.o(.text) referenced from mbed/TARGET_K64F/TOOLCHAIN_ARM_STD/startup_MK64F12.o(RESET)
 <LI><a href="#[5d]">DAC1_IRQHandler</a> from mbed/TARGET_K64F/TOOLCHAIN_ARM_STD/startup_MK64F12.o(.text) referenced from mbed/TARGET_K64F/TOOLCHAIN_ARM_STD/startup_MK64F12.o(RESET)
 <LI><a href="#[6e]">DMA0_DriverIRQHandler</a> from mbed/TARGET_K64F/TOOLCHAIN_ARM_STD/fsl_edma.o(i.DMA0_DriverIRQHandler) referenced from mbed/TARGET_K64F/TOOLCHAIN_ARM_STD/startup_MK64F12.o(.text)
 <LI><a href="#[15]">DMA0_IRQHandler</a> from mbed/TARGET_K64F/TOOLCHAIN_ARM_STD/startup_MK64F12.o(.text) referenced from mbed/TARGET_K64F/TOOLCHAIN_ARM_STD/startup_MK64F12.o(RESET)
 <LI><a href="#[78]">DMA10_DriverIRQHandler</a> from mbed/TARGET_K64F/TOOLCHAIN_ARM_STD/fsl_edma.o(i.DMA10_DriverIRQHandler) referenced from mbed/TARGET_K64F/TOOLCHAIN_ARM_STD/startup_MK64F12.o(.text)
 <LI><a href="#[1f]">DMA10_IRQHandler</a> from mbed/TARGET_K64F/TOOLCHAIN_ARM_STD/startup_MK64F12.o(.text) referenced from mbed/TARGET_K64F/TOOLCHAIN_ARM_STD/startup_MK64F12.o(RESET)
 <LI><a href="#[79]">DMA11_DriverIRQHandler</a> from mbed/TARGET_K64F/TOOLCHAIN_ARM_STD/fsl_edma.o(i.DMA11_DriverIRQHandler) referenced from mbed/TARGET_K64F/TOOLCHAIN_ARM_STD/startup_MK64F12.o(.text)
 <LI><a href="#[20]">DMA11_IRQHandler</a> from mbed/TARGET_K64F/TOOLCHAIN_ARM_STD/startup_MK64F12.o(.text) referenced from mbed/TARGET_K64F/TOOLCHAIN_ARM_STD/startup_MK64F12.o(RESET)
 <LI><a href="#[7a]">DMA12_DriverIRQHandler</a> from mbed/TARGET_K64F/TOOLCHAIN_ARM_STD/fsl_edma.o(i.DMA12_DriverIRQHandler) referenced from mbed/TARGET_K64F/TOOLCHAIN_ARM_STD/startup_MK64F12.o(.text)
 <LI><a href="#[21]">DMA12_IRQHandler</a> from mbed/TARGET_K64F/TOOLCHAIN_ARM_STD/startup_MK64F12.o(.text) referenced from mbed/TARGET_K64F/TOOLCHAIN_ARM_STD/startup_MK64F12.o(RESET)
 <LI><a href="#[7b]">DMA13_DriverIRQHandler</a> from mbed/TARGET_K64F/TOOLCHAIN_ARM_STD/fsl_edma.o(i.DMA13_DriverIRQHandler) referenced from mbed/TARGET_K64F/TOOLCHAIN_ARM_STD/startup_MK64F12.o(.text)
 <LI><a href="#[22]">DMA13_IRQHandler</a> from mbed/TARGET_K64F/TOOLCHAIN_ARM_STD/startup_MK64F12.o(.text) referenced from mbed/TARGET_K64F/TOOLCHAIN_ARM_STD/startup_MK64F12.o(RESET)
 <LI><a href="#[7c]">DMA14_DriverIRQHandler</a> from mbed/TARGET_K64F/TOOLCHAIN_ARM_STD/fsl_edma.o(i.DMA14_DriverIRQHandler) referenced from mbed/TARGET_K64F/TOOLCHAIN_ARM_STD/startup_MK64F12.o(.text)
 <LI><a href="#[23]">DMA14_IRQHandler</a> from mbed/TARGET_K64F/TOOLCHAIN_ARM_STD/startup_MK64F12.o(.text) referenced from mbed/TARGET_K64F/TOOLCHAIN_ARM_STD/startup_MK64F12.o(RESET)
 <LI><a href="#[7d]">DMA15_DriverIRQHandler</a> from mbed/TARGET_K64F/TOOLCHAIN_ARM_STD/fsl_edma.o(i.DMA15_DriverIRQHandler) referenced from mbed/TARGET_K64F/TOOLCHAIN_ARM_STD/startup_MK64F12.o(.text)
 <LI><a href="#[24]">DMA15_IRQHandler</a> from mbed/TARGET_K64F/TOOLCHAIN_ARM_STD/startup_MK64F12.o(.text) referenced from mbed/TARGET_K64F/TOOLCHAIN_ARM_STD/startup_MK64F12.o(RESET)
 <LI><a href="#[6f]">DMA1_DriverIRQHandler</a> from mbed/TARGET_K64F/TOOLCHAIN_ARM_STD/fsl_edma.o(i.DMA1_DriverIRQHandler) referenced from mbed/TARGET_K64F/TOOLCHAIN_ARM_STD/startup_MK64F12.o(.text)
 <LI><a href="#[16]">DMA1_IRQHandler</a> from mbed/TARGET_K64F/TOOLCHAIN_ARM_STD/startup_MK64F12.o(.text) referenced from mbed/TARGET_K64F/TOOLCHAIN_ARM_STD/startup_MK64F12.o(RESET)
 <LI><a href="#[70]">DMA2_DriverIRQHandler</a> from mbed/TARGET_K64F/TOOLCHAIN_ARM_STD/fsl_edma.o(i.DMA2_DriverIRQHandler) referenced from mbed/TARGET_K64F/TOOLCHAIN_ARM_STD/startup_MK64F12.o(.text)
 <LI><a href="#[17]">DMA2_IRQHandler</a> from mbed/TARGET_K64F/TOOLCHAIN_ARM_STD/startup_MK64F12.o(.text) referenced from mbed/TARGET_K64F/TOOLCHAIN_ARM_STD/startup_MK64F12.o(RESET)
 <LI><a href="#[71]">DMA3_DriverIRQHandler</a> from mbed/TARGET_K64F/TOOLCHAIN_ARM_STD/fsl_edma.o(i.DMA3_DriverIRQHandler) referenced from mbed/TARGET_K64F/TOOLCHAIN_ARM_STD/startup_MK64F12.o(.text)
 <LI><a href="#[18]">DMA3_IRQHandler</a> from mbed/TARGET_K64F/TOOLCHAIN_ARM_STD/startup_MK64F12.o(.text) referenced from mbed/TARGET_K64F/TOOLCHAIN_ARM_STD/startup_MK64F12.o(RESET)
 <LI><a href="#[72]">DMA4_DriverIRQHandler</a> from mbed/TARGET_K64F/TOOLCHAIN_ARM_STD/fsl_edma.o(i.DMA4_DriverIRQHandler) referenced from mbed/TARGET_K64F/TOOLCHAIN_ARM_STD/startup_MK64F12.o(.text)
 <LI><a href="#[19]">DMA4_IRQHandler</a> from mbed/TARGET_K64F/TOOLCHAIN_ARM_STD/startup_MK64F12.o(.text) referenced from mbed/TARGET_K64F/TOOLCHAIN_ARM_STD/startup_MK64F12.o(RESET)
 <LI><a href="#[73]">DMA5_DriverIRQHandler</a> from mbed/TARGET_K64F/TOOLCHAIN_ARM_STD/fsl_edma.o(i.DMA5_DriverIRQHandler) referenced from mbed/TARGET_K64F/TOOLCHAIN_ARM_STD/startup_MK64F12.o(.text)
 <LI><a href="#[1a]">DMA5_IRQHandler</a> from mbed/TARGET_K64F/TOOLCHAIN_ARM_STD/startup_MK64F12.o(.text) referenced from mbed/TARGET_K64F/TOOLCHAIN_ARM_STD/startup_MK64F12.o(RESET)
 <LI><a href="#[74]">DMA6_DriverIRQHandler</a> from mbed/TARGET_K64F/TOOLCHAIN_ARM_STD/fsl_edma.o(i.DMA6_DriverIRQHandler) referenced from mbed/TARGET_K64F/TOOLCHAIN_ARM_STD/startup_MK64F12.o(.text)
 <LI><a href="#[1b]">DMA6_IRQHandler</a> from mbed/TARGET_K64F/TOOLCHAIN_ARM_STD/startup_MK64F12.o(.text) referenced from mbed/TARGET_K64F/TOOLCHAIN_ARM_STD/startup_MK64F12.o(RESET)
 <LI><a href="#[75]">DMA7_DriverIRQHandler</a> from mbed/TARGET_K64F/TOOLCHAIN_ARM_STD/fsl_edma.o(i.DMA7_DriverIRQHandler) referenced from mbed/TARGET_K64F/TOOLCHAIN_ARM_STD/startup_MK64F12.o(.text)
 <LI><a href="#[1c]">DMA7_IRQHandler</a> from mbed/TARGET_K64F/TOOLCHAIN_ARM_STD/startup_MK64F12.o(.text) referenced from mbed/TARGET_K64F/TOOLCHAIN_ARM_STD/startup_MK64F12.o(RESET)
 <LI><a href="#[76]">DMA8_DriverIRQHandler</a> from mbed/TARGET_K64F/TOOLCHAIN_ARM_STD/fsl_edma.o(i.DMA8_DriverIRQHandler) referenced from mbed/TARGET_K64F/TOOLCHAIN_ARM_STD/startup_MK64F12.o(.text)
 <LI><a href="#[1d]">DMA8_IRQHandler</a> from mbed/TARGET_K64F/TOOLCHAIN_ARM_STD/startup_MK64F12.o(.text) referenced from mbed/TARGET_K64F/TOOLCHAIN_ARM_STD/startup_MK64F12.o(RESET)
 <LI><a href="#[77]">DMA9_DriverIRQHandler</a> from mbed/TARGET_K64F/TOOLCHAIN_ARM_STD/fsl_edma.o(i.DMA9_DriverIRQHandler) referenced from mbed/TARGET_K64F/TOOLCHAIN_ARM_STD/startup_MK64F12.o(.text)
 <LI><a href="#[1e]">DMA9_IRQHandler</a> from mbed/TARGET_K64F/TOOLCHAIN_ARM_STD/startup_MK64F12.o(.text) referenced from mbed/TARGET_K64F/TOOLCHAIN_ARM_STD/startup_MK64F12.o(RESET)
 <LI><a href="#[7e]">DMA_Error_DriverIRQHandler</a> from mbed/TARGET_K64F/TOOLCHAIN_ARM_STD/startup_MK64F12.o(.text) referenced from mbed/TARGET_K64F/TOOLCHAIN_ARM_STD/startup_MK64F12.o(.text)
 <LI><a href="#[25]">DMA_Error_IRQHandler</a> from mbed/TARGET_K64F/TOOLCHAIN_ARM_STD/startup_MK64F12.o(.text) referenced from mbed/TARGET_K64F/TOOLCHAIN_ARM_STD/startup_MK64F12.o(RESET)
 <LI><a href="#[12]">DebugMon_Handler</a> from mbed/TARGET_K64F/TOOLCHAIN_ARM_STD/startup_MK64F12.o(.text) referenced from mbed/TARGET_K64F/TOOLCHAIN_ARM_STD/startup_MK64F12.o(RESET)
 <LI><a href="#[6b]">DefaultISR</a> from mbed/TARGET_K64F/TOOLCHAIN_ARM_STD/startup_MK64F12.o(.text) referenced 153 times from mbed/TARGET_K64F/TOOLCHAIN_ARM_STD/startup_MK64F12.o(RESET)
 <LI><a href="#[96]">ENET_1588_Timer_DriverIRQHandler</a> from mbed/TARGET_K64F/TOOLCHAIN_ARM_STD/startup_MK64F12.o(.text) referenced from mbed/TARGET_K64F/TOOLCHAIN_ARM_STD/startup_MK64F12.o(.text)
 <LI><a href="#[67]">ENET_1588_Timer_IRQHandler</a> from mbed/TARGET_K64F/TOOLCHAIN_ARM_STD/startup_MK64F12.o(.text) referenced from mbed/TARGET_K64F/TOOLCHAIN_ARM_STD/startup_MK64F12.o(RESET)
 <LI><a href="#[99]">ENET_Error_DriverIRQHandler</a> from mbed/TARGET_K64F/TOOLCHAIN_ARM_STD/startup_MK64F12.o(.text) referenced from mbed/TARGET_K64F/TOOLCHAIN_ARM_STD/startup_MK64F12.o(.text)
 <LI><a href="#[6a]">ENET_Error_IRQHandler</a> from mbed/TARGET_K64F/TOOLCHAIN_ARM_STD/fsl_enet.o(i.ENET_Error_IRQHandler) referenced from mbed/TARGET_K64F/TOOLCHAIN_ARM_STD/startup_MK64F12.o(RESET)
 <LI><a href="#[98]">ENET_Receive_DriverIRQHandler</a> from mbed/TARGET_K64F/TOOLCHAIN_ARM_STD/startup_MK64F12.o(.text) referenced from mbed/TARGET_K64F/TOOLCHAIN_ARM_STD/startup_MK64F12.o(.text)
 <LI><a href="#[69]">ENET_Receive_IRQHandler</a> from mbed/TARGET_K64F/TOOLCHAIN_ARM_STD/fsl_enet.o(i.ENET_Receive_IRQHandler) referenced from mbed/TARGET_K64F/TOOLCHAIN_ARM_STD/startup_MK64F12.o(RESET)
 <LI><a href="#[97]">ENET_Transmit_DriverIRQHandler</a> from mbed/TARGET_K64F/TOOLCHAIN_ARM_STD/startup_MK64F12.o(.text) referenced from mbed/TARGET_K64F/TOOLCHAIN_ARM_STD/startup_MK64F12.o(.text)
 <LI><a href="#[68]">ENET_Transmit_IRQHandler</a> from mbed/TARGET_K64F/TOOLCHAIN_ARM_STD/fsl_enet.o(i.ENET_Transmit_IRQHandler) referenced from mbed/TARGET_K64F/TOOLCHAIN_ARM_STD/startup_MK64F12.o(RESET)
 <LI><a href="#[27]">FTFE_IRQHandler</a> from mbed/TARGET_K64F/TOOLCHAIN_ARM_STD/startup_MK64F12.o(.text) referenced from mbed/TARGET_K64F/TOOLCHAIN_ARM_STD/startup_MK64F12.o(RESET)
 <LI><a href="#[3f]">FTM0_IRQHandler</a> from mbed/TARGET_K64F/TOOLCHAIN_ARM_STD/startup_MK64F12.o(.text) referenced from mbed/TARGET_K64F/TOOLCHAIN_ARM_STD/startup_MK64F12.o(RESET)
 <LI><a href="#[40]">FTM1_IRQHandler</a> from mbed/TARGET_K64F/TOOLCHAIN_ARM_STD/startup_MK64F12.o(.text) referenced from mbed/TARGET_K64F/TOOLCHAIN_ARM_STD/startup_MK64F12.o(RESET)
 <LI><a href="#[41]">FTM2_IRQHandler</a> from mbed/TARGET_K64F/TOOLCHAIN_ARM_STD/startup_MK64F12.o(.text) referenced from mbed/TARGET_K64F/TOOLCHAIN_ARM_STD/startup_MK64F12.o(RESET)
 <LI><a href="#[5c]">FTM3_IRQHandler</a> from mbed/TARGET_K64F/TOOLCHAIN_ARM_STD/startup_MK64F12.o(.text) referenced from mbed/TARGET_K64F/TOOLCHAIN_ARM_STD/startup_MK64F12.o(RESET)
 <LI><a href="#[d]">HardFault_Handler</a> from mbed/TARGET_K64F/TOOLCHAIN_ARM_STD/startup_MK64F12.o(.text) referenced from mbed/TARGET_K64F/TOOLCHAIN_ARM_STD/startup_MK64F12.o(RESET)
 <LI><a href="#[7f]">I2C0_DriverIRQHandler</a> from mbed/TARGET_K64F/TOOLCHAIN_ARM_STD/fsl_i2c.o(i.I2C0_DriverIRQHandler) referenced from mbed/TARGET_K64F/TOOLCHAIN_ARM_STD/startup_MK64F12.o(.text)
 <LI><a href="#[2d]">I2C0_IRQHandler</a> from mbed/TARGET_K64F/TOOLCHAIN_ARM_STD/startup_MK64F12.o(.text) referenced from mbed/TARGET_K64F/TOOLCHAIN_ARM_STD/startup_MK64F12.o(RESET)
 <LI><a href="#[80]">I2C1_DriverIRQHandler</a> from mbed/TARGET_K64F/TOOLCHAIN_ARM_STD/fsl_i2c.o(i.I2C1_DriverIRQHandler) referenced from mbed/TARGET_K64F/TOOLCHAIN_ARM_STD/startup_MK64F12.o(.text)
 <LI><a href="#[2e]">I2C1_IRQHandler</a> from mbed/TARGET_K64F/TOOLCHAIN_ARM_STD/startup_MK64F12.o(.text) referenced from mbed/TARGET_K64F/TOOLCHAIN_ARM_STD/startup_MK64F12.o(RESET)
 <LI><a href="#[93]">I2C2_DriverIRQHandler</a> from mbed/TARGET_K64F/TOOLCHAIN_ARM_STD/fsl_i2c.o(i.I2C2_DriverIRQHandler) referenced from mbed/TARGET_K64F/TOOLCHAIN_ARM_STD/startup_MK64F12.o(.text)
 <LI><a href="#[5f]">I2C2_IRQHandler</a> from mbed/TARGET_K64F/TOOLCHAIN_ARM_STD/startup_MK64F12.o(.text) referenced from mbed/TARGET_K64F/TOOLCHAIN_ARM_STD/startup_MK64F12.o(RESET)
 <LI><a href="#[84]">I2S0_Rx_DriverIRQHandler</a> from mbed/TARGET_K64F/TOOLCHAIN_ARM_STD/fsl_sai.o(i.I2S0_Rx_DriverIRQHandler) referenced from mbed/TARGET_K64F/TOOLCHAIN_ARM_STD/startup_MK64F12.o(.text)
 <LI><a href="#[32]">I2S0_Rx_IRQHandler</a> from mbed/TARGET_K64F/TOOLCHAIN_ARM_STD/startup_MK64F12.o(.text) referenced from mbed/TARGET_K64F/TOOLCHAIN_ARM_STD/startup_MK64F12.o(RESET)
 <LI><a href="#[83]">I2S0_Tx_DriverIRQHandler</a> from mbed/TARGET_K64F/TOOLCHAIN_ARM_STD/fsl_sai.o(i.I2S0_Tx_DriverIRQHandler) referenced from mbed/TARGET_K64F/TOOLCHAIN_ARM_STD/startup_MK64F12.o(.text)
 <LI><a href="#[31]">I2S0_Tx_IRQHandler</a> from mbed/TARGET_K64F/TOOLCHAIN_ARM_STD/startup_MK64F12.o(.text) referenced from mbed/TARGET_K64F/TOOLCHAIN_ARM_STD/startup_MK64F12.o(RESET)
 <LI><a href="#[2a]">LLWU_IRQHandler</a> from mbed/TARGET_K64F/TOOLCHAIN_ARM_STD/startup_MK64F12.o(.text) referenced from mbed/TARGET_K64F/TOOLCHAIN_ARM_STD/startup_MK64F12.o(RESET)
 <LI><a href="#[4f]">LPTMR0_IRQHandler</a> from mbed/TARGET_K64F/TOOLCHAIN_ARM_STD/startup_MK64F12.o(.text) referenced from mbed/TARGET_K64F/TOOLCHAIN_ARM_STD/startup_MK64F12.o(RESET)
 <LI><a href="#[29]">LVD_LVW_IRQHandler</a> from mbed/TARGET_K64F/TOOLCHAIN_ARM_STD/startup_MK64F12.o(.text) referenced from mbed/TARGET_K64F/TOOLCHAIN_ARM_STD/startup_MK64F12.o(RESET)
 <LI><a href="#[4e]">MCG_IRQHandler</a> from mbed/TARGET_K64F/TOOLCHAIN_ARM_STD/startup_MK64F12.o(.text) referenced from mbed/TARGET_K64F/TOOLCHAIN_ARM_STD/startup_MK64F12.o(RESET)
 <LI><a href="#[26]">MCM_IRQHandler</a> from mbed/TARGET_K64F/TOOLCHAIN_ARM_STD/startup_MK64F12.o(.text) referenced from mbed/TARGET_K64F/TOOLCHAIN_ARM_STD/startup_MK64F12.o(RESET)
 <LI><a href="#[e]">MemManage_Handler</a> from mbed/TARGET_K64F/TOOLCHAIN_ARM_STD/startup_MK64F12.o(.text) referenced from mbed/TARGET_K64F/TOOLCHAIN_ARM_STD/startup_MK64F12.o(RESET)
 <LI><a href="#[c]">NMI_Handler</a> from mbed/TARGET_K64F/TOOLCHAIN_ARM_STD/mbed_overrides.o(i.NMI_Handler) referenced from mbed/TARGET_K64F/TOOLCHAIN_ARM_STD/startup_MK64F12.o(RESET)
 <LI><a href="#[49]">PDB0_IRQHandler</a> from mbed/TARGET_K64F/TOOLCHAIN_ARM_STD/startup_MK64F12.o(.text) referenced from mbed/TARGET_K64F/TOOLCHAIN_ARM_STD/startup_MK64F12.o(RESET)
 <LI><a href="#[45]">PIT0_IRQHandler</a> from mbed/TARGET_K64F/TOOLCHAIN_ARM_STD/startup_MK64F12.o(.text) referenced from mbed/TARGET_K64F/TOOLCHAIN_ARM_STD/startup_MK64F12.o(RESET)
 <LI><a href="#[46]">PIT1_IRQHandler</a> from mbed/TARGET_K64F/TOOLCHAIN_ARM_STD/startup_MK64F12.o(.text) referenced from mbed/TARGET_K64F/TOOLCHAIN_ARM_STD/startup_MK64F12.o(RESET)
 <LI><a href="#[47]">PIT2_IRQHandler</a> from mbed/TARGET_K64F/TOOLCHAIN_ARM_STD/startup_MK64F12.o(.text) referenced from mbed/TARGET_K64F/TOOLCHAIN_ARM_STD/startup_MK64F12.o(RESET)
 <LI><a href="#[48]">PIT3_IRQHandler</a> from mbed/TARGET_K64F/TOOLCHAIN_ARM_STD/startup_MK64F12.o(.text) referenced from mbed/TARGET_K64F/TOOLCHAIN_ARM_STD/startup_MK64F12.o(RESET)
 <LI><a href="#[50]">PORTA_IRQHandler</a> from mbed/TARGET_K64F/TOOLCHAIN_ARM_STD/startup_MK64F12.o(.text) referenced from mbed/TARGET_K64F/TOOLCHAIN_ARM_STD/startup_MK64F12.o(RESET)
 <LI><a href="#[51]">PORTB_IRQHandler</a> from mbed/TARGET_K64F/TOOLCHAIN_ARM_STD/startup_MK64F12.o(.text) referenced from mbed/TARGET_K64F/TOOLCHAIN_ARM_STD/startup_MK64F12.o(RESET)
 <LI><a href="#[52]">PORTC_IRQHandler</a> from mbed/TARGET_K64F/TOOLCHAIN_ARM_STD/startup_MK64F12.o(.text) referenced from mbed/TARGET_K64F/TOOLCHAIN_ARM_STD/startup_MK64F12.o(RESET)
 <LI><a href="#[53]">PORTD_IRQHandler</a> from mbed/TARGET_K64F/TOOLCHAIN_ARM_STD/startup_MK64F12.o(.text) referenced from mbed/TARGET_K64F/TOOLCHAIN_ARM_STD/startup_MK64F12.o(RESET)
 <LI><a href="#[54]">PORTE_IRQHandler</a> from mbed/TARGET_K64F/TOOLCHAIN_ARM_STD/startup_MK64F12.o(.text) referenced from mbed/TARGET_K64F/TOOLCHAIN_ARM_STD/startup_MK64F12.o(RESET)
 <LI><a href="#[13]">PendSV_Handler</a> from mbed/TARGET_K64F/TOOLCHAIN_ARM_STD/startup_MK64F12.o(.text) referenced from mbed/TARGET_K64F/TOOLCHAIN_ARM_STD/startup_MK64F12.o(RESET)
 <LI><a href="#[2c]">RNG_IRQHandler</a> from mbed/TARGET_K64F/TOOLCHAIN_ARM_STD/startup_MK64F12.o(.text) referenced from mbed/TARGET_K64F/TOOLCHAIN_ARM_STD/startup_MK64F12.o(RESET)
 <LI><a href="#[43]">RTC_IRQHandler</a> from mbed/TARGET_K64F/TOOLCHAIN_ARM_STD/startup_MK64F12.o(.text) referenced from mbed/TARGET_K64F/TOOLCHAIN_ARM_STD/startup_MK64F12.o(RESET)
 <LI><a href="#[44]">RTC_Seconds_IRQHandler</a> from mbed/TARGET_K64F/TOOLCHAIN_ARM_STD/startup_MK64F12.o(.text) referenced from mbed/TARGET_K64F/TOOLCHAIN_ARM_STD/startup_MK64F12.o(RESET)
 <LI><a href="#[28]">Read_Collision_IRQHandler</a> from mbed/TARGET_K64F/TOOLCHAIN_ARM_STD/startup_MK64F12.o(.text) referenced from mbed/TARGET_K64F/TOOLCHAIN_ARM_STD/startup_MK64F12.o(RESET)
 <LI><a href="#[4c]">Reserved71_IRQHandler</a> from mbed/TARGET_K64F/TOOLCHAIN_ARM_STD/startup_MK64F12.o(.text) referenced from mbed/TARGET_K64F/TOOLCHAIN_ARM_STD/startup_MK64F12.o(RESET)
 <LI><a href="#[b]">Reset_Handler</a> from mbed/TARGET_K64F/TOOLCHAIN_ARM_STD/startup_MK64F12.o(.text) referenced from mbed/TARGET_K64F/TOOLCHAIN_ARM_STD/startup_MK64F12.o(RESET)
 <LI><a href="#[95]">SDHC_DriverIRQHandler</a> from mbed/TARGET_K64F/TOOLCHAIN_ARM_STD/fsl_sdhc.o(i.SDHC_DriverIRQHandler) referenced from mbed/TARGET_K64F/TOOLCHAIN_ARM_STD/startup_MK64F12.o(.text)
 <LI><a href="#[66]">SDHC_IRQHandler</a> from mbed/TARGET_K64F/TOOLCHAIN_ARM_STD/startup_MK64F12.o(.text) referenced from mbed/TARGET_K64F/TOOLCHAIN_ARM_STD/startup_MK64F12.o(RESET)
 <LI><a href="#[81]">SPI0_DriverIRQHandler</a> from mbed/TARGET_K64F/TOOLCHAIN_ARM_STD/fsl_dspi.o(i.SPI0_DriverIRQHandler) referenced from mbed/TARGET_K64F/TOOLCHAIN_ARM_STD/startup_MK64F12.o(.text)
 <LI><a href="#[2f]">SPI0_IRQHandler</a> from mbed/TARGET_K64F/TOOLCHAIN_ARM_STD/startup_MK64F12.o(.text) referenced from mbed/TARGET_K64F/TOOLCHAIN_ARM_STD/startup_MK64F12.o(RESET)
 <LI><a href="#[82]">SPI1_DriverIRQHandler</a> from mbed/TARGET_K64F/TOOLCHAIN_ARM_STD/fsl_dspi.o(i.SPI1_DriverIRQHandler) referenced from mbed/TARGET_K64F/TOOLCHAIN_ARM_STD/startup_MK64F12.o(.text)
 <LI><a href="#[30]">SPI1_IRQHandler</a> from mbed/TARGET_K64F/TOOLCHAIN_ARM_STD/startup_MK64F12.o(.text) referenced from mbed/TARGET_K64F/TOOLCHAIN_ARM_STD/startup_MK64F12.o(RESET)
 <LI><a href="#[8e]">SPI2_DriverIRQHandler</a> from mbed/TARGET_K64F/TOOLCHAIN_ARM_STD/fsl_dspi.o(i.SPI2_DriverIRQHandler) referenced from mbed/TARGET_K64F/TOOLCHAIN_ARM_STD/startup_MK64F12.o(.text)
 <LI><a href="#[56]">SPI2_IRQHandler</a> from mbed/TARGET_K64F/TOOLCHAIN_ARM_STD/startup_MK64F12.o(.text) referenced from mbed/TARGET_K64F/TOOLCHAIN_ARM_STD/startup_MK64F12.o(RESET)
 <LI><a href="#[11]">SVC_Handler</a> from mbed/TARGET_K64F/TOOLCHAIN_ARM_STD/startup_MK64F12.o(.text) referenced from mbed/TARGET_K64F/TOOLCHAIN_ARM_STD/startup_MK64F12.o(RESET)
 <LI><a href="#[55]">SWI_IRQHandler</a> from mbed/TARGET_K64F/TOOLCHAIN_ARM_STD/startup_MK64F12.o(.text) referenced from mbed/TARGET_K64F/TOOLCHAIN_ARM_STD/startup_MK64F12.o(RESET)
 <LI><a href="#[14]">SysTick_Handler</a> from mbed/TARGET_K64F/TOOLCHAIN_ARM_STD/startup_MK64F12.o(.text) referenced from mbed/TARGET_K64F/TOOLCHAIN_ARM_STD/startup_MK64F12.o(RESET)
 <LI><a href="#[6c]">SystemInit</a> from mbed/TARGET_K64F/TOOLCHAIN_ARM_STD/system_MK64F12.o(i.SystemInit) referenced from mbed/TARGET_K64F/TOOLCHAIN_ARM_STD/startup_MK64F12.o(.text)
 <LI><a href="#[87]">UART0_ERR_DriverIRQHandler</a> from mbed/TARGET_K64F/TOOLCHAIN_ARM_STD/startup_MK64F12.o(.text) referenced from mbed/TARGET_K64F/TOOLCHAIN_ARM_STD/startup_MK64F12.o(.text)
 <LI><a href="#[35]">UART0_ERR_IRQHandler</a> from mbed/TARGET_K64F/TOOLCHAIN_ARM_STD/startup_MK64F12.o(.text) referenced from mbed/TARGET_K64F/TOOLCHAIN_ARM_STD/startup_MK64F12.o(RESET)
 <LI><a href="#[85]">UART0_LON_DriverIRQHandler</a> from mbed/TARGET_K64F/TOOLCHAIN_ARM_STD/startup_MK64F12.o(.text) referenced from mbed/TARGET_K64F/TOOLCHAIN_ARM_STD/startup_MK64F12.o(.text)
 <LI><a href="#[33]">UART0_LON_IRQHandler</a> from mbed/TARGET_K64F/TOOLCHAIN_ARM_STD/startup_MK64F12.o(.text) referenced from mbed/TARGET_K64F/TOOLCHAIN_ARM_STD/startup_MK64F12.o(RESET)
 <LI><a href="#[86]">UART0_RX_TX_DriverIRQHandler</a> from mbed/TARGET_K64F/TOOLCHAIN_ARM_STD/fsl_uart.o(i.UART0_RX_TX_DriverIRQHandler) referenced from mbed/TARGET_K64F/TOOLCHAIN_ARM_STD/startup_MK64F12.o(.text)
 <LI><a href="#[34]">UART0_RX_TX_IRQHandler</a> from mbed/TARGET_K64F/TOOLCHAIN_ARM_STD/startup_MK64F12.o(.text) referenced from mbed/TARGET_K64F/TOOLCHAIN_ARM_STD/startup_MK64F12.o(RESET)
 <LI><a href="#[89]">UART1_ERR_DriverIRQHandler</a> from mbed/TARGET_K64F/TOOLCHAIN_ARM_STD/startup_MK64F12.o(.text) referenced from mbed/TARGET_K64F/TOOLCHAIN_ARM_STD/startup_MK64F12.o(.text)
 <LI><a href="#[37]">UART1_ERR_IRQHandler</a> from mbed/TARGET_K64F/TOOLCHAIN_ARM_STD/startup_MK64F12.o(.text) referenced from mbed/TARGET_K64F/TOOLCHAIN_ARM_STD/startup_MK64F12.o(RESET)
 <LI><a href="#[88]">UART1_RX_TX_DriverIRQHandler</a> from mbed/TARGET_K64F/TOOLCHAIN_ARM_STD/fsl_uart.o(i.UART1_RX_TX_DriverIRQHandler) referenced from mbed/TARGET_K64F/TOOLCHAIN_ARM_STD/startup_MK64F12.o(.text)
 <LI><a href="#[36]">UART1_RX_TX_IRQHandler</a> from mbed/TARGET_K64F/TOOLCHAIN_ARM_STD/startup_MK64F12.o(.text) referenced from mbed/TARGET_K64F/TOOLCHAIN_ARM_STD/startup_MK64F12.o(RESET)
 <LI><a href="#[8b]">UART2_ERR_DriverIRQHandler</a> from mbed/TARGET_K64F/TOOLCHAIN_ARM_STD/startup_MK64F12.o(.text) referenced from mbed/TARGET_K64F/TOOLCHAIN_ARM_STD/startup_MK64F12.o(.text)
 <LI><a href="#[39]">UART2_ERR_IRQHandler</a> from mbed/TARGET_K64F/TOOLCHAIN_ARM_STD/startup_MK64F12.o(.text) referenced from mbed/TARGET_K64F/TOOLCHAIN_ARM_STD/startup_MK64F12.o(RESET)
 <LI><a href="#[8a]">UART2_RX_TX_DriverIRQHandler</a> from mbed/TARGET_K64F/TOOLCHAIN_ARM_STD/fsl_uart.o(i.UART2_RX_TX_DriverIRQHandler) referenced from mbed/TARGET_K64F/TOOLCHAIN_ARM_STD/startup_MK64F12.o(.text)
 <LI><a href="#[38]">UART2_RX_TX_IRQHandler</a> from mbed/TARGET_K64F/TOOLCHAIN_ARM_STD/startup_MK64F12.o(.text) referenced from mbed/TARGET_K64F/TOOLCHAIN_ARM_STD/startup_MK64F12.o(RESET)
 <LI><a href="#[8d]">UART3_ERR_DriverIRQHandler</a> from mbed/TARGET_K64F/TOOLCHAIN_ARM_STD/startup_MK64F12.o(.text) referenced from mbed/TARGET_K64F/TOOLCHAIN_ARM_STD/startup_MK64F12.o(.text)
 <LI><a href="#[3b]">UART3_ERR_IRQHandler</a> from mbed/TARGET_K64F/TOOLCHAIN_ARM_STD/startup_MK64F12.o(.text) referenced from mbed/TARGET_K64F/TOOLCHAIN_ARM_STD/startup_MK64F12.o(RESET)
 <LI><a href="#[8c]">UART3_RX_TX_DriverIRQHandler</a> from mbed/TARGET_K64F/TOOLCHAIN_ARM_STD/fsl_uart.o(i.UART3_RX_TX_DriverIRQHandler) referenced from mbed/TARGET_K64F/TOOLCHAIN_ARM_STD/startup_MK64F12.o(.text)
 <LI><a href="#[3a]">UART3_RX_TX_IRQHandler</a> from mbed/TARGET_K64F/TOOLCHAIN_ARM_STD/startup_MK64F12.o(.text) referenced from mbed/TARGET_K64F/TOOLCHAIN_ARM_STD/startup_MK64F12.o(RESET)
 <LI><a href="#[90]">UART4_ERR_DriverIRQHandler</a> from mbed/TARGET_K64F/TOOLCHAIN_ARM_STD/startup_MK64F12.o(.text) referenced from mbed/TARGET_K64F/TOOLCHAIN_ARM_STD/startup_MK64F12.o(.text)
 <LI><a href="#[58]">UART4_ERR_IRQHandler</a> from mbed/TARGET_K64F/TOOLCHAIN_ARM_STD/startup_MK64F12.o(.text) referenced from mbed/TARGET_K64F/TOOLCHAIN_ARM_STD/startup_MK64F12.o(RESET)
 <LI><a href="#[8f]">UART4_RX_TX_DriverIRQHandler</a> from mbed/TARGET_K64F/TOOLCHAIN_ARM_STD/fsl_uart.o(i.UART4_RX_TX_DriverIRQHandler) referenced from mbed/TARGET_K64F/TOOLCHAIN_ARM_STD/startup_MK64F12.o(.text)
 <LI><a href="#[57]">UART4_RX_TX_IRQHandler</a> from mbed/TARGET_K64F/TOOLCHAIN_ARM_STD/startup_MK64F12.o(.text) referenced from mbed/TARGET_K64F/TOOLCHAIN_ARM_STD/startup_MK64F12.o(RESET)
 <LI><a href="#[92]">UART5_ERR_DriverIRQHandler</a> from mbed/TARGET_K64F/TOOLCHAIN_ARM_STD/startup_MK64F12.o(.text) referenced from mbed/TARGET_K64F/TOOLCHAIN_ARM_STD/startup_MK64F12.o(.text)
 <LI><a href="#[5a]">UART5_ERR_IRQHandler</a> from mbed/TARGET_K64F/TOOLCHAIN_ARM_STD/startup_MK64F12.o(.text) referenced from mbed/TARGET_K64F/TOOLCHAIN_ARM_STD/startup_MK64F12.o(RESET)
 <LI><a href="#[91]">UART5_RX_TX_DriverIRQHandler</a> from mbed/TARGET_K64F/TOOLCHAIN_ARM_STD/fsl_uart.o(i.UART5_RX_TX_DriverIRQHandler) referenced from mbed/TARGET_K64F/TOOLCHAIN_ARM_STD/startup_MK64F12.o(.text)
 <LI><a href="#[59]">UART5_RX_TX_IRQHandler</a> from mbed/TARGET_K64F/TOOLCHAIN_ARM_STD/startup_MK64F12.o(.text) referenced from mbed/TARGET_K64F/TOOLCHAIN_ARM_STD/startup_MK64F12.o(RESET)
 <LI><a href="#[4a]">USB0_IRQHandler</a> from mbed/TARGET_K64F/TOOLCHAIN_ARM_STD/startup_MK64F12.o(.text) referenced from mbed/TARGET_K64F/TOOLCHAIN_ARM_STD/startup_MK64F12.o(RESET)
 <LI><a href="#[4b]">USBDCD_IRQHandler</a> from mbed/TARGET_K64F/TOOLCHAIN_ARM_STD/startup_MK64F12.o(.text) referenced from mbed/TARGET_K64F/TOOLCHAIN_ARM_STD/startup_MK64F12.o(RESET)
 <LI><a href="#[10]">UsageFault_Handler</a> from mbed/TARGET_K64F/TOOLCHAIN_ARM_STD/startup_MK64F12.o(.text) referenced from mbed/TARGET_K64F/TOOLCHAIN_ARM_STD/startup_MK64F12.o(RESET)
 <LI><a href="#[2b]">WDOG_EWM_IRQHandler</a> from mbed/TARGET_K64F/TOOLCHAIN_ARM_STD/startup_MK64F12.o(.text) referenced from mbed/TARGET_K64F/TOOLCHAIN_ARM_STD/startup_MK64F12.o(RESET)
 <LI><a href="#[a9]">DirectSerial::seek(long, int)</a> from mbed/TARGET_K64F/TOOLCHAIN_ARM_STD/mbed_retarget.o(i._ZN12DirectSerial4seekEli) referenced from mbed/TARGET_K64F/TOOLCHAIN_ARM_STD/mbed_retarget.o(.constdata__ZTV12DirectSerial)
 <LI><a href="#[ac]">DirectSerial::size()</a> from mbed/TARGET_K64F/TOOLCHAIN_ARM_STD/mbed_retarget.o(i._ZN12DirectSerial4sizeEv) referenced from mbed/TARGET_K64F/TOOLCHAIN_ARM_STD/mbed_retarget.o(.constdata__ZTV12DirectSerial)
 <LI><a href="#[aa]">DirectSerial::close()</a> from mbed/TARGET_K64F/TOOLCHAIN_ARM_STD/mbed_retarget.o(i._ZN12DirectSerial5closeEv) referenced from mbed/TARGET_K64F/TOOLCHAIN_ARM_STD/mbed_retarget.o(.constdata__ZTV12DirectSerial)
 <LI><a href="#[a8]">DirectSerial::write(const void*, unsigned)</a> from mbed/TARGET_K64F/TOOLCHAIN_ARM_STD/mbed_retarget.o(i._ZN12DirectSerial5writeEPKvj) referenced from mbed/TARGET_K64F/TOOLCHAIN_ARM_STD/mbed_retarget.o(.constdata__ZTV12DirectSerial)
 <LI><a href="#[ab]">DirectSerial::isatty()</a> from mbed/TARGET_K64F/TOOLCHAIN_ARM_STD/mbed_retarget.o(i._ZN12DirectSerial6isattyEv) referenced from mbed/TARGET_K64F/TOOLCHAIN_ARM_STD/mbed_retarget.o(.constdata__ZTV12DirectSerial)
 <LI><a href="#[9d]">DirectSerial::~DirectSerial()</a> from mbed/TARGET_K64F/TOOLCHAIN_ARM_STD/mbed_retarget.o(i._ZN12DirectSerialD1Ev) referenced from mbed/TARGET_K64F/TOOLCHAIN_ARM_STD/mbed_retarget.o(.constdata__ZTV12DirectSerial)
 <LI><a href="#[9d]">DirectSerial::~DirectSerial()</a> from mbed/TARGET_K64F/TOOLCHAIN_ARM_STD/mbed_retarget.o(i._ZN12DirectSerialD1Ev) referenced from mbed/TARGET_K64F/TOOLCHAIN_ARM_STD/mbed_retarget.o(i._Z7get_fhci)
 <LI><a href="#[9e]">Servo::~Servo()</a> from .\build\main.o(i._ZN5ServoD1Ev) referenced from .\build\main.o(i.__sti___8_main_cpp_c3143a38)
 <LI><a href="#[af]">__main</a> from C:\Keil_v5\ARM\ARMCC\Bin\..\lib\armlib\c_w.l(__main.o)(!!!main) referenced from mbed/TARGET_K64F/TOOLCHAIN_ARM_STD/startup_MK64F12.o(.text)
 <LI><a href="#[ad]">__sti___8_main_cpp_c3143a38</a> from .\build\main.o(i.__sti___8_main_cpp_c3143a38) referenced from .\build\main.o(.init_array)
 <LI><a href="#[9c]">_get_lc_ctype</a> from C:\Keil_v5\ARM\ARMCC\Bin\..\lib\armlib\c_w.l(lc_ctype_c.o)(locale$$code) referenced from C:\Keil_v5\ARM\ARMCC\Bin\..\lib\armlib\c_w.l(rt_ctype_table.o)(.text)
 <LI><a href="#[9b]">_printf_input_char</a> from C:\Keil_v5\ARM\ARMCC\Bin\..\lib\armlib\c_w.l(_printf_char_common.o)(.text) referenced from C:\Keil_v5\ARM\ARMCC\Bin\..\lib\armlib\c_w.l(_printf_char_common.o)(.text)
 <LI><a href="#[9a]">_snputc</a> from C:\Keil_v5\ARM\ARMCC\Bin\..\lib\armlib\c_w.l(_snputc.o)(.text) referenced from C:\Keil_v5\ARM\ARMCC\Bin\..\lib\armlib\c_w.l(vsnprintf.o)(.text)
 <LI><a href="#[9f]">pit_isr</a> from mbed/TARGET_K64F/TOOLCHAIN_ARM_STD/us_ticker.o(i.pit_isr) referenced from mbed/TARGET_K64F/TOOLCHAIN_ARM_STD/us_ticker.o(i.us_ticker_init)
 <LI><a href="#[ae]">ticker_irq_handler</a> from mbed/TARGET_K64F/TOOLCHAIN_ARM_STD/mbed.ar(mbed_ticker_api.o)(i.ticker_irq_handler) referenced from mbed/TARGET_K64F/TOOLCHAIN_ARM_STD/mbed.ar(mbed_us_ticker_api.o)(.data)
 <LI><a href="#[a3]">us_ticker_clear_interrupt</a> from mbed/TARGET_K64F/TOOLCHAIN_ARM_STD/us_ticker.o(i.us_ticker_clear_interrupt) referenced from mbed/TARGET_K64F/TOOLCHAIN_ARM_STD/mbed.ar(mbed_us_ticker_api.o)(.constdata)
 <LI><a href="#[a2]">us_ticker_disable_interrupt</a> from mbed/TARGET_K64F/TOOLCHAIN_ARM_STD/us_ticker.o(i.us_ticker_disable_interrupt) referenced from mbed/TARGET_K64F/TOOLCHAIN_ARM_STD/mbed.ar(mbed_us_ticker_api.o)(.constdata)
 <LI><a href="#[a5]">us_ticker_fire_interrupt</a> from mbed/TARGET_K64F/TOOLCHAIN_ARM_STD/us_ticker.o(i.us_ticker_fire_interrupt) referenced from mbed/TARGET_K64F/TOOLCHAIN_ARM_STD/mbed.ar(mbed_us_ticker_api.o)(.constdata)
 <LI><a href="#[a6]">us_ticker_free</a> from mbed/TARGET_K64F/TOOLCHAIN_ARM_STD/us_ticker.o(i.us_ticker_free) referenced from mbed/TARGET_K64F/TOOLCHAIN_ARM_STD/mbed.ar(mbed_us_ticker_api.o)(.constdata)
 <LI><a href="#[a7]">us_ticker_get_info</a> from mbed/TARGET_K64F/TOOLCHAIN_ARM_STD/us_ticker.o(i.us_ticker_get_info) referenced from mbed/TARGET_K64F/TOOLCHAIN_ARM_STD/mbed.ar(mbed_us_ticker_api.o)(.constdata)
 <LI><a href="#[a0]">us_ticker_init</a> from mbed/TARGET_K64F/TOOLCHAIN_ARM_STD/us_ticker.o(i.us_ticker_init) referenced from mbed/TARGET_K64F/TOOLCHAIN_ARM_STD/mbed.ar(mbed_us_ticker_api.o)(.constdata)
 <LI><a href="#[a1]">us_ticker_read</a> from mbed/TARGET_K64F/TOOLCHAIN_ARM_STD/us_ticker.o(i.us_ticker_read) referenced from mbed/TARGET_K64F/TOOLCHAIN_ARM_STD/mbed.ar(mbed_us_ticker_api.o)(.constdata)
 <LI><a href="#[a4]">us_ticker_set_interrupt</a> from mbed/TARGET_K64F/TOOLCHAIN_ARM_STD/us_ticker.o(i.us_ticker_set_interrupt) referenced from mbed/TARGET_K64F/TOOLCHAIN_ARM_STD/mbed.ar(mbed_us_ticker_api.o)(.constdata)
</UL>
<P>
<H3>
Global Symbols
</H3>
<P><STRONG><a name="[af]"></a>__main</STRONG> (Thumb, 8 bytes, Stack size 0 bytes, C:\Keil_v5\ARM\ARMCC\Bin\..\lib\armlib\c_w.l(__main.o)(!!!main))
<BR><BR>[Calls]<UL><LI><a href="#[b2]">&gt;&gt;</a>&nbsp;&nbsp;&nbsp;__rt_entry
<LI><a href="#[b1]">&gt;&gt;</a>&nbsp;&nbsp;&nbsp;__scatterload
</UL>

<P><STRONG><a name="[b1]"></a>__scatterload</STRONG> (Thumb, 0 bytes, Stack size unknown bytes, C:\Keil_v5\ARM\ARMCC\Bin\..\lib\armlib\c_w.l(__scatter.o)(!!!scatter))
<BR><BR>[Called By]<UL><LI><a href="#[af]">&gt;&gt;</a>&nbsp;&nbsp;&nbsp;__main
</UL>

<P><STRONG><a name="[b3]"></a>__scatterload_rt2</STRONG> (Thumb, 44 bytes, Stack size unknown bytes, C:\Keil_v5\ARM\ARMCC\Bin\..\lib\armlib\c_w.l(__scatter.o)(!!!scatter), UNUSED)
<BR><BR>[Calls]<UL><LI><a href="#[b2]">&gt;&gt;</a>&nbsp;&nbsp;&nbsp;__rt_entry
</UL>

<P><STRONG><a name="[1be]"></a>__scatterload_rt2_thumb_only</STRONG> (Thumb, 0 bytes, Stack size unknown bytes, C:\Keil_v5\ARM\ARMCC\Bin\..\lib\armlib\c_w.l(__scatter.o)(!!!scatter), UNUSED)

<P><STRONG><a name="[1bf]"></a>__scatterload_null</STRONG> (Thumb, 0 bytes, Stack size unknown bytes, C:\Keil_v5\ARM\ARMCC\Bin\..\lib\armlib\c_w.l(__scatter.o)(!!!scatter), UNUSED)

<P><STRONG><a name="[b4]"></a>__scatterload_copy</STRONG> (Thumb, 26 bytes, Stack size unknown bytes, C:\Keil_v5\ARM\ARMCC\Bin\..\lib\armlib\c_w.l(__scatter_copy.o)(!!handler_copy), UNUSED)
<BR><BR>[Calls]<UL><LI><a href="#[b4]">&gt;&gt;</a>&nbsp;&nbsp;&nbsp;__scatterload_copy
</UL>
<BR>[Called By]<UL><LI><a href="#[b4]">&gt;&gt;</a>&nbsp;&nbsp;&nbsp;__scatterload_copy
</UL>

<P><STRONG><a name="[1c0]"></a>__scatterload_zeroinit</STRONG> (Thumb, 28 bytes, Stack size unknown bytes, C:\Keil_v5\ARM\ARMCC\Bin\..\lib\armlib\c_w.l(__scatter_zi.o)(!!handler_zi), UNUSED)

<P><STRONG><a name="[b5]"></a>_printf_n</STRONG> (Thumb, 0 bytes, Stack size unknown bytes, C:\Keil_v5\ARM\ARMCC\Bin\..\lib\armlib\c_w.l(_printf_n.o)(.ARM.Collect$$_printf_percent$$00000001))
<BR><BR>[Calls]<UL><LI><a href="#[b6]">&gt;&gt;</a>&nbsp;&nbsp;&nbsp;_printf_charcount
</UL>

<P><STRONG><a name="[112]"></a>_printf_percent</STRONG> (Thumb, 0 bytes, Stack size unknown bytes, C:\Keil_v5\ARM\ARMCC\Bin\..\lib\armlib\c_w.l(_printf_percent.o)(.ARM.Collect$$_printf_percent$$00000000))
<BR><BR>[Called By]<UL><LI><a href="#[10b]">&gt;&gt;</a>&nbsp;&nbsp;&nbsp;__printf
</UL>

<P><STRONG><a name="[b7]"></a>_printf_p</STRONG> (Thumb, 0 bytes, Stack size unknown bytes, C:\Keil_v5\ARM\ARMCC\Bin\..\lib\armlib\c_w.l(_printf_p.o)(.ARM.Collect$$_printf_percent$$00000002))
<BR><BR>[Stack]<UL><LI>Max Depth = 64 + Unknown Stack Size
<LI>Call Chain = _printf_p &rArr; _printf_hex_ptr &rArr; _printf_longlong_hex &rArr; _printf_int_common &rArr; _printf_post_padding
</UL>
<BR>[Calls]<UL><LI><a href="#[b8]">&gt;&gt;</a>&nbsp;&nbsp;&nbsp;_printf_hex_ptr
</UL>

<P><STRONG><a name="[b9]"></a>_printf_f</STRONG> (Thumb, 0 bytes, Stack size unknown bytes, C:\Keil_v5\ARM\ARMCC\Bin\..\lib\armlib\c_w.l(_printf_f.o)(.ARM.Collect$$_printf_percent$$00000003))
<BR><BR>[Stack]<UL><LI>Max Depth = 324 + Unknown Stack Size
<LI>Call Chain = _printf_f &rArr; _printf_fp_dec &rArr; _printf_fp_dec_real &rArr; _fp_digits &rArr; _btod_etento &rArr; _btod_emul &rArr; _e2e
</UL>
<BR>[Calls]<UL><LI><a href="#[ba]">&gt;&gt;</a>&nbsp;&nbsp;&nbsp;_printf_fp_dec
</UL>

<P><STRONG><a name="[bb]"></a>_printf_e</STRONG> (Thumb, 0 bytes, Stack size unknown bytes, C:\Keil_v5\ARM\ARMCC\Bin\..\lib\armlib\c_w.l(_printf_e.o)(.ARM.Collect$$_printf_percent$$00000004))
<BR><BR>[Stack]<UL><LI>Max Depth = 324 + Unknown Stack Size
<LI>Call Chain = _printf_e &rArr; _printf_fp_dec &rArr; _printf_fp_dec_real &rArr; _fp_digits &rArr; _btod_etento &rArr; _btod_emul &rArr; _e2e
</UL>
<BR>[Calls]<UL><LI><a href="#[ba]">&gt;&gt;</a>&nbsp;&nbsp;&nbsp;_printf_fp_dec
</UL>

<P><STRONG><a name="[bc]"></a>_printf_g</STRONG> (Thumb, 0 bytes, Stack size unknown bytes, C:\Keil_v5\ARM\ARMCC\Bin\..\lib\armlib\c_w.l(_printf_g.o)(.ARM.Collect$$_printf_percent$$00000005))
<BR><BR>[Stack]<UL><LI>Max Depth = 324 + Unknown Stack Size
<LI>Call Chain = _printf_g &rArr; _printf_fp_dec &rArr; _printf_fp_dec_real &rArr; _fp_digits &rArr; _btod_etento &rArr; _btod_emul &rArr; _e2e
</UL>
<BR>[Calls]<UL><LI><a href="#[ba]">&gt;&gt;</a>&nbsp;&nbsp;&nbsp;_printf_fp_dec
</UL>

<P><STRONG><a name="[bd]"></a>_printf_a</STRONG> (Thumb, 0 bytes, Stack size unknown bytes, C:\Keil_v5\ARM\ARMCC\Bin\..\lib\armlib\c_w.l(_printf_a.o)(.ARM.Collect$$_printf_percent$$00000006))
<BR><BR>[Stack]<UL><LI>Max Depth = 112 + Unknown Stack Size
<LI>Call Chain = _printf_a &rArr; _printf_fp_hex &rArr; _printf_fp_hex_real &rArr; _printf_fp_infnan &rArr; _printf_post_padding
</UL>
<BR>[Calls]<UL><LI><a href="#[be]">&gt;&gt;</a>&nbsp;&nbsp;&nbsp;_printf_fp_hex
</UL>

<P><STRONG><a name="[1c1]"></a>_printf_ll</STRONG> (Thumb, 0 bytes, Stack size unknown bytes, C:\Keil_v5\ARM\ARMCC\Bin\..\lib\armlib\c_w.l(_printf_ll.o)(.ARM.Collect$$_printf_percent$$00000007))

<P><STRONG><a name="[bf]"></a>_printf_i</STRONG> (Thumb, 0 bytes, Stack size unknown bytes, C:\Keil_v5\ARM\ARMCC\Bin\..\lib\armlib\c_w.l(_printf_i.o)(.ARM.Collect$$_printf_percent$$00000008))
<BR><BR>[Stack]<UL><LI>Max Depth = 72 + Unknown Stack Size
<LI>Call Chain = _printf_i &rArr; _printf_int_dec &rArr; _printf_int_common &rArr; _printf_post_padding
</UL>
<BR>[Calls]<UL><LI><a href="#[c0]">&gt;&gt;</a>&nbsp;&nbsp;&nbsp;_printf_int_dec
</UL>

<P><STRONG><a name="[c1]"></a>_printf_d</STRONG> (Thumb, 0 bytes, Stack size unknown bytes, C:\Keil_v5\ARM\ARMCC\Bin\..\lib\armlib\c_w.l(_printf_d.o)(.ARM.Collect$$_printf_percent$$00000009))
<BR><BR>[Stack]<UL><LI>Max Depth = 72 + Unknown Stack Size
<LI>Call Chain = _printf_d &rArr; _printf_int_dec &rArr; _printf_int_common &rArr; _printf_post_padding
</UL>
<BR>[Calls]<UL><LI><a href="#[c0]">&gt;&gt;</a>&nbsp;&nbsp;&nbsp;_printf_int_dec
</UL>

<P><STRONG><a name="[c2]"></a>_printf_u</STRONG> (Thumb, 0 bytes, Stack size unknown bytes, C:\Keil_v5\ARM\ARMCC\Bin\..\lib\armlib\c_w.l(_printf_u.o)(.ARM.Collect$$_printf_percent$$0000000A))
<BR><BR>[Stack]<UL><LI>Max Depth = 72 + Unknown Stack Size
<LI>Call Chain = _printf_u &rArr; _printf_int_dec &rArr; _printf_int_common &rArr; _printf_post_padding
</UL>
<BR>[Calls]<UL><LI><a href="#[c0]">&gt;&gt;</a>&nbsp;&nbsp;&nbsp;_printf_int_dec
</UL>

<P><STRONG><a name="[c3]"></a>_printf_o</STRONG> (Thumb, 0 bytes, Stack size unknown bytes, C:\Keil_v5\ARM\ARMCC\Bin\..\lib\armlib\c_w.l(_printf_o.o)(.ARM.Collect$$_printf_percent$$0000000B))
<BR><BR>[Stack]<UL><LI>Max Depth = 64 + Unknown Stack Size
<LI>Call Chain = _printf_o &rArr; _printf_int_oct &rArr; _printf_longlong_oct &rArr; _printf_int_common &rArr; _printf_post_padding
</UL>
<BR>[Calls]<UL><LI><a href="#[c4]">&gt;&gt;</a>&nbsp;&nbsp;&nbsp;_printf_int_oct
</UL>

<P><STRONG><a name="[c5]"></a>_printf_x</STRONG> (Thumb, 0 bytes, Stack size unknown bytes, C:\Keil_v5\ARM\ARMCC\Bin\..\lib\armlib\c_w.l(_printf_x.o)(.ARM.Collect$$_printf_percent$$0000000C))
<BR><BR>[Stack]<UL><LI>Max Depth = 80 + Unknown Stack Size
<LI>Call Chain = _printf_x &rArr; _printf_int_hex &rArr; _printf_longlong_hex &rArr; _printf_int_common &rArr; _printf_post_padding
</UL>
<BR>[Calls]<UL><LI><a href="#[c6]">&gt;&gt;</a>&nbsp;&nbsp;&nbsp;_printf_int_hex
</UL>

<P><STRONG><a name="[c7]"></a>_printf_lli</STRONG> (Thumb, 0 bytes, Stack size unknown bytes, C:\Keil_v5\ARM\ARMCC\Bin\..\lib\armlib\c_w.l(_printf_lli.o)(.ARM.Collect$$_printf_percent$$0000000D))
<BR><BR>[Stack]<UL><LI>Max Depth = 72 + Unknown Stack Size
<LI>Call Chain = _printf_lli &rArr; _printf_longlong_dec &rArr; _printf_int_common &rArr; _printf_post_padding
</UL>
<BR>[Calls]<UL><LI><a href="#[c8]">&gt;&gt;</a>&nbsp;&nbsp;&nbsp;_printf_longlong_dec
</UL>

<P><STRONG><a name="[c9]"></a>_printf_lld</STRONG> (Thumb, 0 bytes, Stack size unknown bytes, C:\Keil_v5\ARM\ARMCC\Bin\..\lib\armlib\c_w.l(_printf_lld.o)(.ARM.Collect$$_printf_percent$$0000000E))
<BR><BR>[Stack]<UL><LI>Max Depth = 72 + Unknown Stack Size
<LI>Call Chain = _printf_lld &rArr; _printf_longlong_dec &rArr; _printf_int_common &rArr; _printf_post_padding
</UL>
<BR>[Calls]<UL><LI><a href="#[c8]">&gt;&gt;</a>&nbsp;&nbsp;&nbsp;_printf_longlong_dec
</UL>

<P><STRONG><a name="[ca]"></a>_printf_llu</STRONG> (Thumb, 0 bytes, Stack size unknown bytes, C:\Keil_v5\ARM\ARMCC\Bin\..\lib\armlib\c_w.l(_printf_llu.o)(.ARM.Collect$$_printf_percent$$0000000F))
<BR><BR>[Stack]<UL><LI>Max Depth = 72 + Unknown Stack Size
<LI>Call Chain = _printf_llu &rArr; _printf_longlong_dec &rArr; _printf_int_common &rArr; _printf_post_padding
</UL>
<BR>[Calls]<UL><LI><a href="#[c8]">&gt;&gt;</a>&nbsp;&nbsp;&nbsp;_printf_longlong_dec
</UL>

<P><STRONG><a name="[cb]"></a>_printf_llo</STRONG> (Thumb, 0 bytes, Stack size unknown bytes, C:\Keil_v5\ARM\ARMCC\Bin\..\lib\armlib\c_w.l(_printf_llo.o)(.ARM.Collect$$_printf_percent$$00000010))
<BR><BR>[Stack]<UL><LI>Max Depth = 56 + Unknown Stack Size
<LI>Call Chain = _printf_llo &rArr; _printf_ll_oct &rArr; _printf_longlong_oct &rArr; _printf_int_common &rArr; _printf_post_padding
</UL>
<BR>[Calls]<UL><LI><a href="#[cc]">&gt;&gt;</a>&nbsp;&nbsp;&nbsp;_printf_ll_oct
</UL>

<P><STRONG><a name="[cd]"></a>_printf_llx</STRONG> (Thumb, 0 bytes, Stack size unknown bytes, C:\Keil_v5\ARM\ARMCC\Bin\..\lib\armlib\c_w.l(_printf_llx.o)(.ARM.Collect$$_printf_percent$$00000011))
<BR><BR>[Stack]<UL><LI>Max Depth = 64 + Unknown Stack Size
<LI>Call Chain = _printf_llx &rArr; _printf_ll_hex &rArr; _printf_longlong_hex &rArr; _printf_int_common &rArr; _printf_post_padding
</UL>
<BR>[Calls]<UL><LI><a href="#[ce]">&gt;&gt;</a>&nbsp;&nbsp;&nbsp;_printf_ll_hex
</UL>

<P><STRONG><a name="[1c2]"></a>_printf_l</STRONG> (Thumb, 0 bytes, Stack size unknown bytes, C:\Keil_v5\ARM\ARMCC\Bin\..\lib\armlib\c_w.l(_printf_l.o)(.ARM.Collect$$_printf_percent$$00000012))

<P><STRONG><a name="[cf]"></a>_printf_c</STRONG> (Thumb, 0 bytes, Stack size unknown bytes, C:\Keil_v5\ARM\ARMCC\Bin\..\lib\armlib\c_w.l(_printf_c.o)(.ARM.Collect$$_printf_percent$$00000013))
<BR><BR>[Stack]<UL><LI>Max Depth = 40 + Unknown Stack Size
<LI>Call Chain = _printf_c &rArr; _printf_char &rArr; _printf_cs_common &rArr; _printf_str &rArr; _printf_post_padding
</UL>
<BR>[Calls]<UL><LI><a href="#[d0]">&gt;&gt;</a>&nbsp;&nbsp;&nbsp;_printf_char
</UL>

<P><STRONG><a name="[d1]"></a>_printf_s</STRONG> (Thumb, 0 bytes, Stack size unknown bytes, C:\Keil_v5\ARM\ARMCC\Bin\..\lib\armlib\c_w.l(_printf_s.o)(.ARM.Collect$$_printf_percent$$00000014))
<BR><BR>[Stack]<UL><LI>Max Depth = 40 + Unknown Stack Size
<LI>Call Chain = _printf_s &rArr; _printf_string &rArr; _printf_cs_common &rArr; _printf_str &rArr; _printf_post_padding
</UL>
<BR>[Calls]<UL><LI><a href="#[d2]">&gt;&gt;</a>&nbsp;&nbsp;&nbsp;_printf_string
</UL>

<P><STRONG><a name="[d3]"></a>_printf_lc</STRONG> (Thumb, 0 bytes, Stack size unknown bytes, C:\Keil_v5\ARM\ARMCC\Bin\..\lib\armlib\c_w.l(_printf_lc.o)(.ARM.Collect$$_printf_percent$$00000015))
<BR><BR>[Stack]<UL><LI>Max Depth = 88 + Unknown Stack Size
<LI>Call Chain = _printf_lc &rArr; _printf_wchar &rArr; _printf_lcs_common &rArr; _printf_wctomb &rArr; _wcrtomb &rArr; __rt_ctype_table
</UL>
<BR>[Calls]<UL><LI><a href="#[d4]">&gt;&gt;</a>&nbsp;&nbsp;&nbsp;_printf_wchar
</UL>

<P><STRONG><a name="[d5]"></a>_printf_ls</STRONG> (Thumb, 0 bytes, Stack size unknown bytes, C:\Keil_v5\ARM\ARMCC\Bin\..\lib\armlib\c_w.l(_printf_ls.o)(.ARM.Collect$$_printf_percent$$00000016))
<BR><BR>[Stack]<UL><LI>Max Depth = 88 + Unknown Stack Size
<LI>Call Chain = _printf_ls &rArr; _printf_wstring &rArr; _printf_lcs_common &rArr; _printf_wctomb &rArr; _wcrtomb &rArr; __rt_ctype_table
</UL>
<BR>[Calls]<UL><LI><a href="#[d6]">&gt;&gt;</a>&nbsp;&nbsp;&nbsp;_printf_wstring
</UL>

<P><STRONG><a name="[1c3]"></a>_printf_percent_end</STRONG> (Thumb, 0 bytes, Stack size unknown bytes, C:\Keil_v5\ARM\ARMCC\Bin\..\lib\armlib\c_w.l(_printf_percent_end.o)(.ARM.Collect$$_printf_percent$$00000017))

<P><STRONG><a name="[e8]"></a>__rt_lib_init</STRONG> (Thumb, 0 bytes, Stack size unknown bytes, C:\Keil_v5\ARM\ARMCC\Bin\..\lib\armlib\c_w.l(libinit.o)(.ARM.Collect$$libinit$$00000000))
<BR><BR>[Called By]<UL><LI><a href="#[e7]">&gt;&gt;</a>&nbsp;&nbsp;&nbsp;__rt_entry_li
</UL>

<P><STRONG><a name="[d7]"></a>__rt_lib_init_fp_1</STRONG> (Thumb, 0 bytes, Stack size unknown bytes, C:\Keil_v5\ARM\ARMCC\Bin\..\lib\armlib\c_w.l(libinit2.o)(.ARM.Collect$$libinit$$00000001))
<BR><BR>[Calls]<UL><LI><a href="#[d8]">&gt;&gt;</a>&nbsp;&nbsp;&nbsp;_fp_init
</UL>

<P><STRONG><a name="[d9]"></a>__rt_lib_init_heap_2</STRONG> (Thumb, 0 bytes, Stack size unknown bytes, C:\Keil_v5\ARM\ARMCC\Bin\..\lib\armlib\c_w.l(libinit2.o)(.ARM.Collect$$libinit$$00000005))
<BR><BR>[Stack]<UL><LI>Max Depth = 64 + Unknown Stack Size
<LI>Call Chain = __rt_lib_init_heap_2 &rArr; _init_alloc &rArr; __rt_SIGRTMEM &rArr; __rt_SIGRTMEM_inner &rArr; __default_signal_display &rArr; _ttywrch
</UL>
<BR>[Calls]<UL><LI><a href="#[da]">&gt;&gt;</a>&nbsp;&nbsp;&nbsp;_init_alloc
</UL>

<P><STRONG><a name="[1c4]"></a>__rt_lib_init_preinit_1</STRONG> (Thumb, 0 bytes, Stack size unknown bytes, C:\Keil_v5\ARM\ARMCC\Bin\..\lib\armlib\c_w.l(libinit2.o)(.ARM.Collect$$libinit$$00000004))

<P><STRONG><a name="[1c5]"></a>__rt_lib_init_heap_1</STRONG> (Thumb, 0 bytes, Stack size unknown bytes, C:\Keil_v5\ARM\ARMCC\Bin\..\lib\armlib\c_w.l(libinit2.o)(.ARM.Collect$$libinit$$0000000A))

<P><STRONG><a name="[db]"></a>__rt_lib_init_lc_common</STRONG> (Thumb, 0 bytes, Stack size unknown bytes, C:\Keil_v5\ARM\ARMCC\Bin\..\lib\armlib\c_w.l(libinit2.o)(.ARM.Collect$$libinit$$0000000F))
<BR><BR>[Calls]<UL><LI><a href="#[dc]">&gt;&gt;</a>&nbsp;&nbsp;&nbsp;__rt_locale
</UL>

<P><STRONG><a name="[1c6]"></a>__rt_lib_init_rand_1</STRONG> (Thumb, 0 bytes, Stack size unknown bytes, C:\Keil_v5\ARM\ARMCC\Bin\..\lib\armlib\c_w.l(libinit2.o)(.ARM.Collect$$libinit$$0000000E))

<P><STRONG><a name="[1c7]"></a>__rt_lib_init_user_alloc_1</STRONG> (Thumb, 0 bytes, Stack size unknown bytes, C:\Keil_v5\ARM\ARMCC\Bin\..\lib\armlib\c_w.l(libinit2.o)(.ARM.Collect$$libinit$$0000000C))

<P><STRONG><a name="[1c8]"></a>__rt_lib_init_lc_collate_1</STRONG> (Thumb, 0 bytes, Stack size unknown bytes, C:\Keil_v5\ARM\ARMCC\Bin\..\lib\armlib\c_w.l(libinit2.o)(.ARM.Collect$$libinit$$00000011))

<P><STRONG><a name="[dd]"></a>__rt_lib_init_lc_ctype_2</STRONG> (Thumb, 0 bytes, Stack size unknown bytes, C:\Keil_v5\ARM\ARMCC\Bin\..\lib\armlib\c_w.l(libinit2.o)(.ARM.Collect$$libinit$$00000012))
<BR><BR>[Stack]<UL><LI>Max Depth = 8 + Unknown Stack Size
<LI>Call Chain = __rt_lib_init_lc_ctype_2 &rArr; _get_lc_ctype
</UL>
<BR>[Calls]<UL><LI><a href="#[9c]">&gt;&gt;</a>&nbsp;&nbsp;&nbsp;_get_lc_ctype
</UL>

<P><STRONG><a name="[1c9]"></a>__rt_lib_init_lc_ctype_1</STRONG> (Thumb, 0 bytes, Stack size unknown bytes, C:\Keil_v5\ARM\ARMCC\Bin\..\lib\armlib\c_w.l(libinit2.o)(.ARM.Collect$$libinit$$00000013))

<P><STRONG><a name="[1ca]"></a>__rt_lib_init_lc_monetary_1</STRONG> (Thumb, 0 bytes, Stack size unknown bytes, C:\Keil_v5\ARM\ARMCC\Bin\..\lib\armlib\c_w.l(libinit2.o)(.ARM.Collect$$libinit$$00000015))

<P><STRONG><a name="[de]"></a>__rt_lib_init_lc_numeric_2</STRONG> (Thumb, 0 bytes, Stack size unknown bytes, C:\Keil_v5\ARM\ARMCC\Bin\..\lib\armlib\c_w.l(libinit2.o)(.ARM.Collect$$libinit$$00000016))
<BR><BR>[Stack]<UL><LI>Max Depth = 8 + Unknown Stack Size
<LI>Call Chain = __rt_lib_init_lc_numeric_2 &rArr; _get_lc_numeric
</UL>
<BR>[Calls]<UL><LI><a href="#[df]">&gt;&gt;</a>&nbsp;&nbsp;&nbsp;_get_lc_numeric
</UL>

<P><STRONG><a name="[1cb]"></a>__rt_lib_init_atexit_1</STRONG> (Thumb, 0 bytes, Stack size unknown bytes, C:\Keil_v5\ARM\ARMCC\Bin\..\lib\armlib\c_w.l(libinit2.o)(.ARM.Collect$$libinit$$0000001B))

<P><STRONG><a name="[1cc]"></a>__rt_lib_init_clock_1</STRONG> (Thumb, 0 bytes, Stack size unknown bytes, C:\Keil_v5\ARM\ARMCC\Bin\..\lib\armlib\c_w.l(libinit2.o)(.ARM.Collect$$libinit$$00000021))

<P><STRONG><a name="[1cd]"></a>__rt_lib_init_fp_trap_1</STRONG> (Thumb, 0 bytes, Stack size unknown bytes, C:\Keil_v5\ARM\ARMCC\Bin\..\lib\armlib\c_w.l(libinit2.o)(.ARM.Collect$$libinit$$0000001F))

<P><STRONG><a name="[1ce]"></a>__rt_lib_init_getenv_1</STRONG> (Thumb, 0 bytes, Stack size unknown bytes, C:\Keil_v5\ARM\ARMCC\Bin\..\lib\armlib\c_w.l(libinit2.o)(.ARM.Collect$$libinit$$00000023))

<P><STRONG><a name="[1cf]"></a>__rt_lib_init_lc_numeric_1</STRONG> (Thumb, 0 bytes, Stack size unknown bytes, C:\Keil_v5\ARM\ARMCC\Bin\..\lib\armlib\c_w.l(libinit2.o)(.ARM.Collect$$libinit$$00000017))

<P><STRONG><a name="[1d0]"></a>__rt_lib_init_lc_time_1</STRONG> (Thumb, 0 bytes, Stack size unknown bytes, C:\Keil_v5\ARM\ARMCC\Bin\..\lib\armlib\c_w.l(libinit2.o)(.ARM.Collect$$libinit$$00000019))

<P><STRONG><a name="[1d1]"></a>__rt_lib_init_signal_1</STRONG> (Thumb, 0 bytes, Stack size unknown bytes, C:\Keil_v5\ARM\ARMCC\Bin\..\lib\armlib\c_w.l(libinit2.o)(.ARM.Collect$$libinit$$0000001D))

<P><STRONG><a name="[e0]"></a>__rt_lib_init_stdio_2</STRONG> (Thumb, 0 bytes, Stack size unknown bytes, C:\Keil_v5\ARM\ARMCC\Bin\..\lib\armlib\c_w.l(libinit2.o)(.ARM.Collect$$libinit$$00000024))
<BR><BR>[Stack]<UL><LI>Max Depth = 624 + Unknown Stack Size
<LI>Call Chain = __rt_lib_init_stdio_2 &rArr; _initio &rArr; freopen &rArr; _sys_open &rArr; open &rArr; mbed::FilePath::FilePath(const char*) &rArr; mbed::FileBase::lookup(const char*, unsigned) &rArr; SingletonPtr&lang;PlatformMutex&rang;::operator -&rang;() &rArr; mbed_assert_internal &rArr; mbed_error_printf &rArr; serial_init &rArr;  mbed_assert_internal (Cycle)
</UL>
<BR>[Calls]<UL><LI><a href="#[e1]">&gt;&gt;</a>&nbsp;&nbsp;&nbsp;_initio
</UL>

<P><STRONG><a name="[1d2]"></a>__rt_lib_init_alloca_1</STRONG> (Thumb, 0 bytes, Stack size unknown bytes, C:\Keil_v5\ARM\ARMCC\Bin\..\lib\armlib\c_w.l(libinit2.o)(.ARM.Collect$$libinit$$0000002E))

<P><STRONG><a name="[1d3]"></a>__rt_lib_init_argv_1</STRONG> (Thumb, 0 bytes, Stack size unknown bytes, C:\Keil_v5\ARM\ARMCC\Bin\..\lib\armlib\c_w.l(libinit2.o)(.ARM.Collect$$libinit$$0000002C))

<P><STRONG><a name="[e2]"></a>__rt_lib_init_cpp_2</STRONG> (Thumb, 0 bytes, Stack size unknown bytes, C:\Keil_v5\ARM\ARMCC\Bin\..\lib\armlib\c_w.l(libinit2.o)(.ARM.Collect$$libinit$$00000031))
<BR><BR>[Stack]<UL><LI>Max Depth = 16 + Unknown Stack Size
<LI>Call Chain = __rt_lib_init_cpp_2 &rArr; __cpp_initialize__aeabi_
</UL>
<BR>[Calls]<UL><LI><a href="#[b0]">&gt;&gt;</a>&nbsp;&nbsp;&nbsp;__cpp_initialize__aeabi_
</UL>

<P><STRONG><a name="[1d4]"></a>__rt_lib_init_exceptions_1</STRONG> (Thumb, 0 bytes, Stack size unknown bytes, C:\Keil_v5\ARM\ARMCC\Bin\..\lib\armlib\c_w.l(libinit2.o)(.ARM.Collect$$libinit$$00000030))

<P><STRONG><a name="[1d5]"></a>__rt_lib_init_stdio_1</STRONG> (Thumb, 0 bytes, Stack size unknown bytes, C:\Keil_v5\ARM\ARMCC\Bin\..\lib\armlib\c_w.l(libinit2.o)(.ARM.Collect$$libinit$$00000025))

<P><STRONG><a name="[1d6]"></a>__rt_lib_init_cpp_1</STRONG> (Thumb, 0 bytes, Stack size unknown bytes, C:\Keil_v5\ARM\ARMCC\Bin\..\lib\armlib\c_w.l(libinit2.o)(.ARM.Collect$$libinit$$00000032))

<P><STRONG><a name="[1d7]"></a>__rt_lib_init_return</STRONG> (Thumb, 0 bytes, Stack size unknown bytes, C:\Keil_v5\ARM\ARMCC\Bin\..\lib\armlib\c_w.l(libinit2.o)(.ARM.Collect$$libinit$$00000033))

<P><STRONG><a name="[b2]"></a>__rt_entry</STRONG> (Thumb, 0 bytes, Stack size unknown bytes, C:\Keil_v5\ARM\ARMCC\Bin\..\lib\armlib\c_w.l(__rtentry.o)(.ARM.Collect$$rtentry$$00000000))
<BR><BR>[Called By]<UL><LI><a href="#[af]">&gt;&gt;</a>&nbsp;&nbsp;&nbsp;__main
<LI><a href="#[b3]">&gt;&gt;</a>&nbsp;&nbsp;&nbsp;__scatterload_rt2
</UL>

<P><STRONG><a name="[1d8]"></a>__rt_entry_presh_1</STRONG> (Thumb, 0 bytes, Stack size unknown bytes, C:\Keil_v5\ARM\ARMCC\Bin\..\lib\armlib\c_w.l(__rtentry2.o)(.ARM.Collect$$rtentry$$00000002))

<P><STRONG><a name="[e3]"></a>__rt_entry_sh</STRONG> (Thumb, 0 bytes, Stack size unknown bytes, C:\Keil_v5\ARM\ARMCC\Bin\..\lib\armlib\c_w.l(__rtentry4.o)(.ARM.Collect$$rtentry$$00000004))
<BR><BR>[Stack]<UL><LI>Max Depth = 8 + Unknown Stack Size
<LI>Call Chain = __rt_entry_sh &rArr; __user_setup_stackheap
</UL>
<BR>[Calls]<UL><LI><a href="#[e4]">&gt;&gt;</a>&nbsp;&nbsp;&nbsp;__user_setup_stackheap
</UL>

<P><STRONG><a name="[1d9]"></a>__rt_lib_shutdown_stdio_2</STRONG> (Thumb, 0 bytes, Stack size unknown bytes, C:\Keil_v5\ARM\ARMCC\Bin\..\lib\armlib\c_w.l(libshutdown2.o)(.ARM.Collect$$libshutdown$$00000004))

<P><STRONG><a name="[e5]"></a>__rt_entry_postsh_1</STRONG> (Thumb, 0 bytes, Stack size unknown bytes, C:\Keil_v5\ARM\ARMCC\Bin\..\lib\armlib\c_w.l(__rtentry2.o)(.ARM.Collect$$rtentry$$00000008))
<BR><BR>[Stack]<UL><LI>Max Depth = 128 + Unknown Stack Size
<LI>Call Chain = __rt_entry_postsh_1 &rArr; _platform_post_stackheap_init &rArr; mbed_sdk_init &rArr; BOARD_BootClockRUN &rArr; CLOCK_BootToPeeMode &rArr; CLOCK_SetPbeMode &rArr; __aeabi_assert &rArr; abort &rArr; __rt_SIGABRT &rArr; __rt_SIGABRT_inner &rArr; __default_signal_display &rArr; _ttywrch
</UL>
<BR>[Calls]<UL><LI><a href="#[e6]">&gt;&gt;</a>&nbsp;&nbsp;&nbsp;_platform_post_stackheap_init
</UL>

<P><STRONG><a name="[e7]"></a>__rt_entry_li</STRONG> (Thumb, 0 bytes, Stack size unknown bytes, C:\Keil_v5\ARM\ARMCC\Bin\..\lib\armlib\c_w.l(__rtentry2.o)(.ARM.Collect$$rtentry$$0000000A))
<BR><BR>[Calls]<UL><LI><a href="#[e8]">&gt;&gt;</a>&nbsp;&nbsp;&nbsp;__rt_lib_init
</UL>

<P><STRONG><a name="[e9]"></a>__rt_entry_main</STRONG> (Thumb, 0 bytes, Stack size unknown bytes, C:\Keil_v5\ARM\ARMCC\Bin\..\lib\armlib\c_w.l(__rtentry2.o)(.ARM.Collect$$rtentry$$0000000D))
<BR><BR>[Stack]<UL><LI>Max Depth = 592 + Unknown Stack Size
<LI>Call Chain = __rt_entry_main &rArr; main &rArr; $Super$$main &rArr; moveTo(float, float) &rArr; moveXY(float, float, float) &rArr; mbed::DigitalOut::operator int() &rArr; gpio_read &rArr; mbed_assert_internal &rArr; mbed_error_printf &rArr; serial_init &rArr;  mbed_assert_internal (Cycle)
</UL>
<BR>[Calls]<UL><LI><a href="#[eb]">&gt;&gt;</a>&nbsp;&nbsp;&nbsp;exit
<LI><a href="#[ea]">&gt;&gt;</a>&nbsp;&nbsp;&nbsp;main
</UL>

<P><STRONG><a name="[1da]"></a>__rt_entry_postli_1</STRONG> (Thumb, 0 bytes, Stack size unknown bytes, C:\Keil_v5\ARM\ARMCC\Bin\..\lib\armlib\c_w.l(__rtentry2.o)(.ARM.Collect$$rtentry$$0000000C))

<P><STRONG><a name="[b]"></a>Reset_Handler</STRONG> (Thumb, 18 bytes, Stack size 0 bytes, mbed/TARGET_K64F/TOOLCHAIN_ARM_STD/startup_MK64F12.o(.text))
<BR>[Address Reference Count : 1]<UL><LI> startup_MK64F12.o(RESET)
</UL>
<P><STRONG><a name="[1db]"></a>_maybe_terminate_alloc</STRONG> (Thumb, 0 bytes, Stack size 0 bytes, C:\Keil_v5\ARM\ARMCC\Bin\..\lib\armlib\c_w.l(maybetermalloc1.o)(.emb_text), UNUSED)

<P><STRONG><a name="[d]"></a>HardFault_Handler</STRONG> (Thumb, 2 bytes, Stack size 0 bytes, mbed/TARGET_K64F/TOOLCHAIN_ARM_STD/startup_MK64F12.o(.text))
<BR><BR>[Calls]<UL><LI><a href="#[d]">&gt;&gt;</a>&nbsp;&nbsp;&nbsp;HardFault_Handler
</UL>
<BR>[Called By]<UL><LI><a href="#[d]">&gt;&gt;</a>&nbsp;&nbsp;&nbsp;HardFault_Handler
</UL>
<BR>[Address Reference Count : 1]<UL><LI> startup_MK64F12.o(RESET)
</UL>
<P><STRONG><a name="[e]"></a>MemManage_Handler</STRONG> (Thumb, 2 bytes, Stack size 0 bytes, mbed/TARGET_K64F/TOOLCHAIN_ARM_STD/startup_MK64F12.o(.text))
<BR><BR>[Calls]<UL><LI><a href="#[e]">&gt;&gt;</a>&nbsp;&nbsp;&nbsp;MemManage_Handler
</UL>
<BR>[Called By]<UL><LI><a href="#[e]">&gt;&gt;</a>&nbsp;&nbsp;&nbsp;MemManage_Handler
</UL>
<BR>[Address Reference Count : 1]<UL><LI> startup_MK64F12.o(RESET)
</UL>
<P><STRONG><a name="[f]"></a>BusFault_Handler</STRONG> (Thumb, 2 bytes, Stack size 0 bytes, mbed/TARGET_K64F/TOOLCHAIN_ARM_STD/startup_MK64F12.o(.text))
<BR><BR>[Calls]<UL><LI><a href="#[f]">&gt;&gt;</a>&nbsp;&nbsp;&nbsp;BusFault_Handler
</UL>
<BR>[Called By]<UL><LI><a href="#[f]">&gt;&gt;</a>&nbsp;&nbsp;&nbsp;BusFault_Handler
</UL>
<BR>[Address Reference Count : 1]<UL><LI> startup_MK64F12.o(RESET)
</UL>
<P><STRONG><a name="[10]"></a>UsageFault_Handler</STRONG> (Thumb, 2 bytes, Stack size 0 bytes, mbed/TARGET_K64F/TOOLCHAIN_ARM_STD/startup_MK64F12.o(.text))
<BR><BR>[Calls]<UL><LI><a href="#[10]">&gt;&gt;</a>&nbsp;&nbsp;&nbsp;UsageFault_Handler
</UL>
<BR>[Called By]<UL><LI><a href="#[10]">&gt;&gt;</a>&nbsp;&nbsp;&nbsp;UsageFault_Handler
</UL>
<BR>[Address Reference Count : 1]<UL><LI> startup_MK64F12.o(RESET)
</UL>
<P><STRONG><a name="[11]"></a>SVC_Handler</STRONG> (Thumb, 2 bytes, Stack size 0 bytes, mbed/TARGET_K64F/TOOLCHAIN_ARM_STD/startup_MK64F12.o(.text))
<BR><BR>[Calls]<UL><LI><a href="#[11]">&gt;&gt;</a>&nbsp;&nbsp;&nbsp;SVC_Handler
</UL>
<BR>[Called By]<UL><LI><a href="#[11]">&gt;&gt;</a>&nbsp;&nbsp;&nbsp;SVC_Handler
</UL>
<BR>[Address Reference Count : 1]<UL><LI> startup_MK64F12.o(RESET)
</UL>
<P><STRONG><a name="[12]"></a>DebugMon_Handler</STRONG> (Thumb, 2 bytes, Stack size 0 bytes, mbed/TARGET_K64F/TOOLCHAIN_ARM_STD/startup_MK64F12.o(.text))
<BR><BR>[Calls]<UL><LI><a href="#[12]">&gt;&gt;</a>&nbsp;&nbsp;&nbsp;DebugMon_Handler
</UL>
<BR>[Called By]<UL><LI><a href="#[12]">&gt;&gt;</a>&nbsp;&nbsp;&nbsp;DebugMon_Handler
</UL>
<BR>[Address Reference Count : 1]<UL><LI> startup_MK64F12.o(RESET)
</UL>
<P><STRONG><a name="[13]"></a>PendSV_Handler</STRONG> (Thumb, 2 bytes, Stack size 0 bytes, mbed/TARGET_K64F/TOOLCHAIN_ARM_STD/startup_MK64F12.o(.text))
<BR><BR>[Calls]<UL><LI><a href="#[13]">&gt;&gt;</a>&nbsp;&nbsp;&nbsp;PendSV_Handler
</UL>
<BR>[Called By]<UL><LI><a href="#[13]">&gt;&gt;</a>&nbsp;&nbsp;&nbsp;PendSV_Handler
</UL>
<BR>[Address Reference Count : 1]<UL><LI> startup_MK64F12.o(RESET)
</UL>
<P><STRONG><a name="[14]"></a>SysTick_Handler</STRONG> (Thumb, 2 bytes, Stack size 0 bytes, mbed/TARGET_K64F/TOOLCHAIN_ARM_STD/startup_MK64F12.o(.text))
<BR><BR>[Calls]<UL><LI><a href="#[14]">&gt;&gt;</a>&nbsp;&nbsp;&nbsp;SysTick_Handler
</UL>
<BR>[Called By]<UL><LI><a href="#[14]">&gt;&gt;</a>&nbsp;&nbsp;&nbsp;SysTick_Handler
</UL>
<BR>[Address Reference Count : 1]<UL><LI> startup_MK64F12.o(RESET)
</UL>
<P><STRONG><a name="[15]"></a>DMA0_IRQHandler</STRONG> (Thumb, 4 bytes, Stack size 0 bytes, mbed/TARGET_K64F/TOOLCHAIN_ARM_STD/startup_MK64F12.o(.text))
<BR>[Address Reference Count : 1]<UL><LI> startup_MK64F12.o(RESET)
</UL>
<P><STRONG><a name="[16]"></a>DMA1_IRQHandler</STRONG> (Thumb, 4 bytes, Stack size 0 bytes, mbed/TARGET_K64F/TOOLCHAIN_ARM_STD/startup_MK64F12.o(.text))
<BR>[Address Reference Count : 1]<UL><LI> startup_MK64F12.o(RESET)
</UL>
<P><STRONG><a name="[17]"></a>DMA2_IRQHandler</STRONG> (Thumb, 4 bytes, Stack size 0 bytes, mbed/TARGET_K64F/TOOLCHAIN_ARM_STD/startup_MK64F12.o(.text))
<BR>[Address Reference Count : 1]<UL><LI> startup_MK64F12.o(RESET)
</UL>
<P><STRONG><a name="[18]"></a>DMA3_IRQHandler</STRONG> (Thumb, 4 bytes, Stack size 0 bytes, mbed/TARGET_K64F/TOOLCHAIN_ARM_STD/startup_MK64F12.o(.text))
<BR>[Address Reference Count : 1]<UL><LI> startup_MK64F12.o(RESET)
</UL>
<P><STRONG><a name="[19]"></a>DMA4_IRQHandler</STRONG> (Thumb, 4 bytes, Stack size 0 bytes, mbed/TARGET_K64F/TOOLCHAIN_ARM_STD/startup_MK64F12.o(.text))
<BR>[Address Reference Count : 1]<UL><LI> startup_MK64F12.o(RESET)
</UL>
<P><STRONG><a name="[1a]"></a>DMA5_IRQHandler</STRONG> (Thumb, 4 bytes, Stack size 0 bytes, mbed/TARGET_K64F/TOOLCHAIN_ARM_STD/startup_MK64F12.o(.text))
<BR>[Address Reference Count : 1]<UL><LI> startup_MK64F12.o(RESET)
</UL>
<P><STRONG><a name="[1b]"></a>DMA6_IRQHandler</STRONG> (Thumb, 4 bytes, Stack size 0 bytes, mbed/TARGET_K64F/TOOLCHAIN_ARM_STD/startup_MK64F12.o(.text))
<BR>[Address Reference Count : 1]<UL><LI> startup_MK64F12.o(RESET)
</UL>
<P><STRONG><a name="[1c]"></a>DMA7_IRQHandler</STRONG> (Thumb, 4 bytes, Stack size 0 bytes, mbed/TARGET_K64F/TOOLCHAIN_ARM_STD/startup_MK64F12.o(.text))
<BR>[Address Reference Count : 1]<UL><LI> startup_MK64F12.o(RESET)
</UL>
<P><STRONG><a name="[1d]"></a>DMA8_IRQHandler</STRONG> (Thumb, 4 bytes, Stack size 0 bytes, mbed/TARGET_K64F/TOOLCHAIN_ARM_STD/startup_MK64F12.o(.text))
<BR>[Address Reference Count : 1]<UL><LI> startup_MK64F12.o(RESET)
</UL>
<P><STRONG><a name="[1e]"></a>DMA9_IRQHandler</STRONG> (Thumb, 4 bytes, Stack size 0 bytes, mbed/TARGET_K64F/TOOLCHAIN_ARM_STD/startup_MK64F12.o(.text))
<BR>[Address Reference Count : 1]<UL><LI> startup_MK64F12.o(RESET)
</UL>
<P><STRONG><a name="[1f]"></a>DMA10_IRQHandler</STRONG> (Thumb, 4 bytes, Stack size 0 bytes, mbed/TARGET_K64F/TOOLCHAIN_ARM_STD/startup_MK64F12.o(.text))
<BR>[Address Reference Count : 1]<UL><LI> startup_MK64F12.o(RESET)
</UL>
<P><STRONG><a name="[20]"></a>DMA11_IRQHandler</STRONG> (Thumb, 4 bytes, Stack size 0 bytes, mbed/TARGET_K64F/TOOLCHAIN_ARM_STD/startup_MK64F12.o(.text))
<BR>[Address Reference Count : 1]<UL><LI> startup_MK64F12.o(RESET)
</UL>
<P><STRONG><a name="[21]"></a>DMA12_IRQHandler</STRONG> (Thumb, 4 bytes, Stack size 0 bytes, mbed/TARGET_K64F/TOOLCHAIN_ARM_STD/startup_MK64F12.o(.text))
<BR>[Address Reference Count : 1]<UL><LI> startup_MK64F12.o(RESET)
</UL>
<P><STRONG><a name="[22]"></a>DMA13_IRQHandler</STRONG> (Thumb, 4 bytes, Stack size 0 bytes, mbed/TARGET_K64F/TOOLCHAIN_ARM_STD/startup_MK64F12.o(.text))
<BR>[Address Reference Count : 1]<UL><LI> startup_MK64F12.o(RESET)
</UL>
<P><STRONG><a name="[23]"></a>DMA14_IRQHandler</STRONG> (Thumb, 4 bytes, Stack size 0 bytes, mbed/TARGET_K64F/TOOLCHAIN_ARM_STD/startup_MK64F12.o(.text))
<BR>[Address Reference Count : 1]<UL><LI> startup_MK64F12.o(RESET)
</UL>
<P><STRONG><a name="[24]"></a>DMA15_IRQHandler</STRONG> (Thumb, 4 bytes, Stack size 0 bytes, mbed/TARGET_K64F/TOOLCHAIN_ARM_STD/startup_MK64F12.o(.text))
<BR>[Address Reference Count : 1]<UL><LI> startup_MK64F12.o(RESET)
</UL>
<P><STRONG><a name="[25]"></a>DMA_Error_IRQHandler</STRONG> (Thumb, 4 bytes, Stack size 0 bytes, mbed/TARGET_K64F/TOOLCHAIN_ARM_STD/startup_MK64F12.o(.text))
<BR>[Address Reference Count : 1]<UL><LI> startup_MK64F12.o(RESET)
</UL>
<P><STRONG><a name="[2d]"></a>I2C0_IRQHandler</STRONG> (Thumb, 4 bytes, Stack size 0 bytes, mbed/TARGET_K64F/TOOLCHAIN_ARM_STD/startup_MK64F12.o(.text))
<BR>[Address Reference Count : 1]<UL><LI> startup_MK64F12.o(RESET)
</UL>
<P><STRONG><a name="[2e]"></a>I2C1_IRQHandler</STRONG> (Thumb, 4 bytes, Stack size 0 bytes, mbed/TARGET_K64F/TOOLCHAIN_ARM_STD/startup_MK64F12.o(.text))
<BR>[Address Reference Count : 1]<UL><LI> startup_MK64F12.o(RESET)
</UL>
<P><STRONG><a name="[2f]"></a>SPI0_IRQHandler</STRONG> (Thumb, 4 bytes, Stack size 0 bytes, mbed/TARGET_K64F/TOOLCHAIN_ARM_STD/startup_MK64F12.o(.text))
<BR>[Address Reference Count : 1]<UL><LI> startup_MK64F12.o(RESET)
</UL>
<P><STRONG><a name="[30]"></a>SPI1_IRQHandler</STRONG> (Thumb, 4 bytes, Stack size 0 bytes, mbed/TARGET_K64F/TOOLCHAIN_ARM_STD/startup_MK64F12.o(.text))
<BR>[Address Reference Count : 1]<UL><LI> startup_MK64F12.o(RESET)
</UL>
<P><STRONG><a name="[31]"></a>I2S0_Tx_IRQHandler</STRONG> (Thumb, 4 bytes, Stack size 0 bytes, mbed/TARGET_K64F/TOOLCHAIN_ARM_STD/startup_MK64F12.o(.text))
<BR>[Address Reference Count : 1]<UL><LI> startup_MK64F12.o(RESET)
</UL>
<P><STRONG><a name="[32]"></a>I2S0_Rx_IRQHandler</STRONG> (Thumb, 4 bytes, Stack size 0 bytes, mbed/TARGET_K64F/TOOLCHAIN_ARM_STD/startup_MK64F12.o(.text))
<BR>[Address Reference Count : 1]<UL><LI> startup_MK64F12.o(RESET)
</UL>
<P><STRONG><a name="[33]"></a>UART0_LON_IRQHandler</STRONG> (Thumb, 4 bytes, Stack size 0 bytes, mbed/TARGET_K64F/TOOLCHAIN_ARM_STD/startup_MK64F12.o(.text))
<BR>[Address Reference Count : 1]<UL><LI> startup_MK64F12.o(RESET)
</UL>
<P><STRONG><a name="[34]"></a>UART0_RX_TX_IRQHandler</STRONG> (Thumb, 4 bytes, Stack size 0 bytes, mbed/TARGET_K64F/TOOLCHAIN_ARM_STD/startup_MK64F12.o(.text))
<BR>[Address Reference Count : 1]<UL><LI> startup_MK64F12.o(RESET)
</UL>
<P><STRONG><a name="[35]"></a>UART0_ERR_IRQHandler</STRONG> (Thumb, 4 bytes, Stack size 0 bytes, mbed/TARGET_K64F/TOOLCHAIN_ARM_STD/startup_MK64F12.o(.text))
<BR>[Address Reference Count : 1]<UL><LI> startup_MK64F12.o(RESET)
</UL>
<P><STRONG><a name="[36]"></a>UART1_RX_TX_IRQHandler</STRONG> (Thumb, 4 bytes, Stack size 0 bytes, mbed/TARGET_K64F/TOOLCHAIN_ARM_STD/startup_MK64F12.o(.text))
<BR>[Address Reference Count : 1]<UL><LI> startup_MK64F12.o(RESET)
</UL>
<P><STRONG><a name="[37]"></a>UART1_ERR_IRQHandler</STRONG> (Thumb, 4 bytes, Stack size 0 bytes, mbed/TARGET_K64F/TOOLCHAIN_ARM_STD/startup_MK64F12.o(.text))
<BR>[Address Reference Count : 1]<UL><LI> startup_MK64F12.o(RESET)
</UL>
<P><STRONG><a name="[38]"></a>UART2_RX_TX_IRQHandler</STRONG> (Thumb, 4 bytes, Stack size 0 bytes, mbed/TARGET_K64F/TOOLCHAIN_ARM_STD/startup_MK64F12.o(.text))
<BR>[Address Reference Count : 1]<UL><LI> startup_MK64F12.o(RESET)
</UL>
<P><STRONG><a name="[39]"></a>UART2_ERR_IRQHandler</STRONG> (Thumb, 4 bytes, Stack size 0 bytes, mbed/TARGET_K64F/TOOLCHAIN_ARM_STD/startup_MK64F12.o(.text))
<BR>[Address Reference Count : 1]<UL><LI> startup_MK64F12.o(RESET)
</UL>
<P><STRONG><a name="[3a]"></a>UART3_RX_TX_IRQHandler</STRONG> (Thumb, 4 bytes, Stack size 0 bytes, mbed/TARGET_K64F/TOOLCHAIN_ARM_STD/startup_MK64F12.o(.text))
<BR>[Address Reference Count : 1]<UL><LI> startup_MK64F12.o(RESET)
</UL>
<P><STRONG><a name="[3b]"></a>UART3_ERR_IRQHandler</STRONG> (Thumb, 4 bytes, Stack size 0 bytes, mbed/TARGET_K64F/TOOLCHAIN_ARM_STD/startup_MK64F12.o(.text))
<BR>[Address Reference Count : 1]<UL><LI> startup_MK64F12.o(RESET)
</UL>
<P><STRONG><a name="[56]"></a>SPI2_IRQHandler</STRONG> (Thumb, 4 bytes, Stack size 0 bytes, mbed/TARGET_K64F/TOOLCHAIN_ARM_STD/startup_MK64F12.o(.text))
<BR>[Address Reference Count : 1]<UL><LI> startup_MK64F12.o(RESET)
</UL>
<P><STRONG><a name="[57]"></a>UART4_RX_TX_IRQHandler</STRONG> (Thumb, 4 bytes, Stack size 0 bytes, mbed/TARGET_K64F/TOOLCHAIN_ARM_STD/startup_MK64F12.o(.text))
<BR>[Address Reference Count : 1]<UL><LI> startup_MK64F12.o(RESET)
</UL>
<P><STRONG><a name="[58]"></a>UART4_ERR_IRQHandler</STRONG> (Thumb, 4 bytes, Stack size 0 bytes, mbed/TARGET_K64F/TOOLCHAIN_ARM_STD/startup_MK64F12.o(.text))
<BR>[Address Reference Count : 1]<UL><LI> startup_MK64F12.o(RESET)
</UL>
<P><STRONG><a name="[59]"></a>UART5_RX_TX_IRQHandler</STRONG> (Thumb, 4 bytes, Stack size 0 bytes, mbed/TARGET_K64F/TOOLCHAIN_ARM_STD/startup_MK64F12.o(.text))
<BR>[Address Reference Count : 1]<UL><LI> startup_MK64F12.o(RESET)
</UL>
<P><STRONG><a name="[5a]"></a>UART5_ERR_IRQHandler</STRONG> (Thumb, 4 bytes, Stack size 0 bytes, mbed/TARGET_K64F/TOOLCHAIN_ARM_STD/startup_MK64F12.o(.text))
<BR>[Address Reference Count : 1]<UL><LI> startup_MK64F12.o(RESET)
</UL>
<P><STRONG><a name="[5f]"></a>I2C2_IRQHandler</STRONG> (Thumb, 4 bytes, Stack size 0 bytes, mbed/TARGET_K64F/TOOLCHAIN_ARM_STD/startup_MK64F12.o(.text))
<BR>[Address Reference Count : 1]<UL><LI> startup_MK64F12.o(RESET)
</UL>
<P><STRONG><a name="[60]"></a>CAN0_ORed_Message_buffer_IRQHandler</STRONG> (Thumb, 4 bytes, Stack size 0 bytes, mbed/TARGET_K64F/TOOLCHAIN_ARM_STD/startup_MK64F12.o(.text))
<BR>[Address Reference Count : 1]<UL><LI> startup_MK64F12.o(RESET)
</UL>
<P><STRONG><a name="[61]"></a>CAN0_Bus_Off_IRQHandler</STRONG> (Thumb, 4 bytes, Stack size 0 bytes, mbed/TARGET_K64F/TOOLCHAIN_ARM_STD/startup_MK64F12.o(.text))
<BR>[Address Reference Count : 1]<UL><LI> startup_MK64F12.o(RESET)
</UL>
<P><STRONG><a name="[62]"></a>CAN0_Error_IRQHandler</STRONG> (Thumb, 4 bytes, Stack size 0 bytes, mbed/TARGET_K64F/TOOLCHAIN_ARM_STD/startup_MK64F12.o(.text))
<BR>[Address Reference Count : 1]<UL><LI> startup_MK64F12.o(RESET)
</UL>
<P><STRONG><a name="[63]"></a>CAN0_Tx_Warning_IRQHandler</STRONG> (Thumb, 4 bytes, Stack size 0 bytes, mbed/TARGET_K64F/TOOLCHAIN_ARM_STD/startup_MK64F12.o(.text))
<BR>[Address Reference Count : 1]<UL><LI> startup_MK64F12.o(RESET)
</UL>
<P><STRONG><a name="[64]"></a>CAN0_Rx_Warning_IRQHandler</STRONG> (Thumb, 4 bytes, Stack size 0 bytes, mbed/TARGET_K64F/TOOLCHAIN_ARM_STD/startup_MK64F12.o(.text))
<BR>[Address Reference Count : 1]<UL><LI> startup_MK64F12.o(RESET)
</UL>
<P><STRONG><a name="[65]"></a>CAN0_Wake_Up_IRQHandler</STRONG> (Thumb, 4 bytes, Stack size 0 bytes, mbed/TARGET_K64F/TOOLCHAIN_ARM_STD/startup_MK64F12.o(.text))
<BR>[Address Reference Count : 1]<UL><LI> startup_MK64F12.o(RESET)
</UL>
<P><STRONG><a name="[66]"></a>SDHC_IRQHandler</STRONG> (Thumb, 4 bytes, Stack size 0 bytes, mbed/TARGET_K64F/TOOLCHAIN_ARM_STD/startup_MK64F12.o(.text))
<BR>[Address Reference Count : 1]<UL><LI> startup_MK64F12.o(RESET)
</UL>
<P><STRONG><a name="[67]"></a>ENET_1588_Timer_IRQHandler</STRONG> (Thumb, 4 bytes, Stack size 0 bytes, mbed/TARGET_K64F/TOOLCHAIN_ARM_STD/startup_MK64F12.o(.text))
<BR>[Address Reference Count : 1]<UL><LI> startup_MK64F12.o(RESET)
</UL>
<P><STRONG><a name="[3c]"></a>ADC0_IRQHandler</STRONG> (Thumb, 0 bytes, Stack size 0 bytes, mbed/TARGET_K64F/TOOLCHAIN_ARM_STD/startup_MK64F12.o(.text))
<BR><BR>[Calls]<UL><LI><a href="#[6b]">&gt;&gt;</a>&nbsp;&nbsp;&nbsp;DefaultISR
</UL>
<BR>[Address Reference Count : 1]<UL><LI> startup_MK64F12.o(RESET)
</UL>
<P><STRONG><a name="[5e]"></a>ADC1_IRQHandler</STRONG> (Thumb, 0 bytes, Stack size 0 bytes, mbed/TARGET_K64F/TOOLCHAIN_ARM_STD/startup_MK64F12.o(.text))
<BR>[Address Reference Count : 1]<UL><LI> startup_MK64F12.o(RESET)
</UL>
<P><STRONG><a name="[3d]"></a>CMP0_IRQHandler</STRONG> (Thumb, 0 bytes, Stack size 0 bytes, mbed/TARGET_K64F/TOOLCHAIN_ARM_STD/startup_MK64F12.o(.text))
<BR>[Address Reference Count : 1]<UL><LI> startup_MK64F12.o(RESET)
</UL>
<P><STRONG><a name="[3e]"></a>CMP1_IRQHandler</STRONG> (Thumb, 0 bytes, Stack size 0 bytes, mbed/TARGET_K64F/TOOLCHAIN_ARM_STD/startup_MK64F12.o(.text))
<BR>[Address Reference Count : 1]<UL><LI> startup_MK64F12.o(RESET)
</UL>
<P><STRONG><a name="[5b]"></a>CMP2_IRQHandler</STRONG> (Thumb, 0 bytes, Stack size 0 bytes, mbed/TARGET_K64F/TOOLCHAIN_ARM_STD/startup_MK64F12.o(.text))
<BR>[Address Reference Count : 1]<UL><LI> startup_MK64F12.o(RESET)
</UL>
<P><STRONG><a name="[42]"></a>CMT_IRQHandler</STRONG> (Thumb, 0 bytes, Stack size 0 bytes, mbed/TARGET_K64F/TOOLCHAIN_ARM_STD/startup_MK64F12.o(.text))
<BR>[Address Reference Count : 1]<UL><LI> startup_MK64F12.o(RESET)
</UL>
<P><STRONG><a name="[4d]"></a>DAC0_IRQHandler</STRONG> (Thumb, 0 bytes, Stack size 0 bytes, mbed/TARGET_K64F/TOOLCHAIN_ARM_STD/startup_MK64F12.o(.text))
<BR>[Address Reference Count : 1]<UL><LI> startup_MK64F12.o(RESET)
</UL>
<P><STRONG><a name="[5d]"></a>DAC1_IRQHandler</STRONG> (Thumb, 0 bytes, Stack size 0 bytes, mbed/TARGET_K64F/TOOLCHAIN_ARM_STD/startup_MK64F12.o(.text))
<BR>[Address Reference Count : 1]<UL><LI> startup_MK64F12.o(RESET)
</UL>
<P><STRONG><a name="[7e]"></a>DMA_Error_DriverIRQHandler</STRONG> (Thumb, 0 bytes, Stack size 0 bytes, mbed/TARGET_K64F/TOOLCHAIN_ARM_STD/startup_MK64F12.o(.text))
<BR>[Address Reference Count : 1]<UL><LI> startup_MK64F12.o(.text)
</UL>
<P><STRONG><a name="[6b]"></a>DefaultISR</STRONG> (Thumb, 0 bytes, Stack size 0 bytes, mbed/TARGET_K64F/TOOLCHAIN_ARM_STD/startup_MK64F12.o(.text))
<BR><BR>[Called By]<UL><LI><a href="#[3c]">&gt;&gt;</a>&nbsp;&nbsp;&nbsp;ADC0_IRQHandler
</UL>
<BR>[Address Reference Count : 1]<UL><LI> startup_MK64F12.o(RESET)
</UL>
<P><STRONG><a name="[96]"></a>ENET_1588_Timer_DriverIRQHandler</STRONG> (Thumb, 0 bytes, Stack size 0 bytes, mbed/TARGET_K64F/TOOLCHAIN_ARM_STD/startup_MK64F12.o(.text))
<BR>[Address Reference Count : 1]<UL><LI> startup_MK64F12.o(.text)
</UL>
<P><STRONG><a name="[99]"></a>ENET_Error_DriverIRQHandler</STRONG> (Thumb, 0 bytes, Stack size 0 bytes, mbed/TARGET_K64F/TOOLCHAIN_ARM_STD/startup_MK64F12.o(.text))
<BR>[Address Reference Count : 1]<UL><LI> startup_MK64F12.o(.text)
</UL>
<P><STRONG><a name="[98]"></a>ENET_Receive_DriverIRQHandler</STRONG> (Thumb, 0 bytes, Stack size 0 bytes, mbed/TARGET_K64F/TOOLCHAIN_ARM_STD/startup_MK64F12.o(.text))
<BR>[Address Reference Count : 1]<UL><LI> startup_MK64F12.o(.text)
</UL>
<P><STRONG><a name="[97]"></a>ENET_Transmit_DriverIRQHandler</STRONG> (Thumb, 0 bytes, Stack size 0 bytes, mbed/TARGET_K64F/TOOLCHAIN_ARM_STD/startup_MK64F12.o(.text))
<BR>[Address Reference Count : 1]<UL><LI> startup_MK64F12.o(.text)
</UL>
<P><STRONG><a name="[27]"></a>FTFE_IRQHandler</STRONG> (Thumb, 0 bytes, Stack size 0 bytes, mbed/TARGET_K64F/TOOLCHAIN_ARM_STD/startup_MK64F12.o(.text))
<BR>[Address Reference Count : 1]<UL><LI> startup_MK64F12.o(RESET)
</UL>
<P><STRONG><a name="[3f]"></a>FTM0_IRQHandler</STRONG> (Thumb, 0 bytes, Stack size 0 bytes, mbed/TARGET_K64F/TOOLCHAIN_ARM_STD/startup_MK64F12.o(.text))
<BR>[Address Reference Count : 1]<UL><LI> startup_MK64F12.o(RESET)
</UL>
<P><STRONG><a name="[40]"></a>FTM1_IRQHandler</STRONG> (Thumb, 0 bytes, Stack size 0 bytes, mbed/TARGET_K64F/TOOLCHAIN_ARM_STD/startup_MK64F12.o(.text))
<BR>[Address Reference Count : 1]<UL><LI> startup_MK64F12.o(RESET)
</UL>
<P><STRONG><a name="[41]"></a>FTM2_IRQHandler</STRONG> (Thumb, 0 bytes, Stack size 0 bytes, mbed/TARGET_K64F/TOOLCHAIN_ARM_STD/startup_MK64F12.o(.text))
<BR>[Address Reference Count : 1]<UL><LI> startup_MK64F12.o(RESET)
</UL>
<P><STRONG><a name="[5c]"></a>FTM3_IRQHandler</STRONG> (Thumb, 0 bytes, Stack size 0 bytes, mbed/TARGET_K64F/TOOLCHAIN_ARM_STD/startup_MK64F12.o(.text))
<BR>[Address Reference Count : 1]<UL><LI> startup_MK64F12.o(RESET)
</UL>
<P><STRONG><a name="[2a]"></a>LLWU_IRQHandler</STRONG> (Thumb, 0 bytes, Stack size 0 bytes, mbed/TARGET_K64F/TOOLCHAIN_ARM_STD/startup_MK64F12.o(.text))
<BR>[Address Reference Count : 1]<UL><LI> startup_MK64F12.o(RESET)
</UL>
<P><STRONG><a name="[4f]"></a>LPTMR0_IRQHandler</STRONG> (Thumb, 0 bytes, Stack size 0 bytes, mbed/TARGET_K64F/TOOLCHAIN_ARM_STD/startup_MK64F12.o(.text))
<BR>[Address Reference Count : 1]<UL><LI> startup_MK64F12.o(RESET)
</UL>
<P><STRONG><a name="[29]"></a>LVD_LVW_IRQHandler</STRONG> (Thumb, 0 bytes, Stack size 0 bytes, mbed/TARGET_K64F/TOOLCHAIN_ARM_STD/startup_MK64F12.o(.text))
<BR>[Address Reference Count : 1]<UL><LI> startup_MK64F12.o(RESET)
</UL>
<P><STRONG><a name="[4e]"></a>MCG_IRQHandler</STRONG> (Thumb, 0 bytes, Stack size 0 bytes, mbed/TARGET_K64F/TOOLCHAIN_ARM_STD/startup_MK64F12.o(.text))
<BR>[Address Reference Count : 1]<UL><LI> startup_MK64F12.o(RESET)
</UL>
<P><STRONG><a name="[26]"></a>MCM_IRQHandler</STRONG> (Thumb, 0 bytes, Stack size 0 bytes, mbed/TARGET_K64F/TOOLCHAIN_ARM_STD/startup_MK64F12.o(.text))
<BR>[Address Reference Count : 1]<UL><LI> startup_MK64F12.o(RESET)
</UL>
<P><STRONG><a name="[49]"></a>PDB0_IRQHandler</STRONG> (Thumb, 0 bytes, Stack size 0 bytes, mbed/TARGET_K64F/TOOLCHAIN_ARM_STD/startup_MK64F12.o(.text))
<BR>[Address Reference Count : 1]<UL><LI> startup_MK64F12.o(RESET)
</UL>
<P><STRONG><a name="[45]"></a>PIT0_IRQHandler</STRONG> (Thumb, 0 bytes, Stack size 0 bytes, mbed/TARGET_K64F/TOOLCHAIN_ARM_STD/startup_MK64F12.o(.text))
<BR>[Address Reference Count : 1]<UL><LI> startup_MK64F12.o(RESET)
</UL>
<P><STRONG><a name="[46]"></a>PIT1_IRQHandler</STRONG> (Thumb, 0 bytes, Stack size 0 bytes, mbed/TARGET_K64F/TOOLCHAIN_ARM_STD/startup_MK64F12.o(.text))
<BR>[Address Reference Count : 1]<UL><LI> startup_MK64F12.o(RESET)
</UL>
<P><STRONG><a name="[47]"></a>PIT2_IRQHandler</STRONG> (Thumb, 0 bytes, Stack size 0 bytes, mbed/TARGET_K64F/TOOLCHAIN_ARM_STD/startup_MK64F12.o(.text))
<BR>[Address Reference Count : 1]<UL><LI> startup_MK64F12.o(RESET)
</UL>
<P><STRONG><a name="[48]"></a>PIT3_IRQHandler</STRONG> (Thumb, 0 bytes, Stack size 0 bytes, mbed/TARGET_K64F/TOOLCHAIN_ARM_STD/startup_MK64F12.o(.text))
<BR>[Address Reference Count : 1]<UL><LI> startup_MK64F12.o(RESET)
</UL>
<P><STRONG><a name="[50]"></a>PORTA_IRQHandler</STRONG> (Thumb, 0 bytes, Stack size 0 bytes, mbed/TARGET_K64F/TOOLCHAIN_ARM_STD/startup_MK64F12.o(.text))
<BR>[Address Reference Count : 1]<UL><LI> startup_MK64F12.o(RESET)
</UL>
<P><STRONG><a name="[51]"></a>PORTB_IRQHandler</STRONG> (Thumb, 0 bytes, Stack size 0 bytes, mbed/TARGET_K64F/TOOLCHAIN_ARM_STD/startup_MK64F12.o(.text))
<BR>[Address Reference Count : 1]<UL><LI> startup_MK64F12.o(RESET)
</UL>
<P><STRONG><a name="[52]"></a>PORTC_IRQHandler</STRONG> (Thumb, 0 bytes, Stack size 0 bytes, mbed/TARGET_K64F/TOOLCHAIN_ARM_STD/startup_MK64F12.o(.text))
<BR>[Address Reference Count : 1]<UL><LI> startup_MK64F12.o(RESET)
</UL>
<P><STRONG><a name="[53]"></a>PORTD_IRQHandler</STRONG> (Thumb, 0 bytes, Stack size 0 bytes, mbed/TARGET_K64F/TOOLCHAIN_ARM_STD/startup_MK64F12.o(.text))
<BR>[Address Reference Count : 1]<UL><LI> startup_MK64F12.o(RESET)
</UL>
<P><STRONG><a name="[54]"></a>PORTE_IRQHandler</STRONG> (Thumb, 0 bytes, Stack size 0 bytes, mbed/TARGET_K64F/TOOLCHAIN_ARM_STD/startup_MK64F12.o(.text))
<BR>[Address Reference Count : 1]<UL><LI> startup_MK64F12.o(RESET)
</UL>
[...]
</UL>
<BR>[Address Reference Count : 1]<UL><LI> mbed_us_ticker_api.o(.constdata)
</UL>
<P><STRONG><a name="[1ab]"></a>us_ticker_irq_handler</STRONG> (Thumb, 14 bytes, Stack size 0 bytes, mbed/TARGET_K64F/TOOLCHAIN_ARM_STD/mbed.ar(mbed_us_ticker_api.o)(i.us_ticker_irq_handler))
<BR><BR>[Called By]<UL><LI><a href="#[9f]">&gt;&gt;</a>&nbsp;&nbsp;&nbsp;pit_isr
</UL>

<P><STRONG><a name="[a1]"></a>us_ticker_read</STRONG> (Thumb, 10 bytes, Stack size 0 bytes, mbed/TARGET_K64F/TOOLCHAIN_ARM_STD/us_ticker.o(i.us_ticker_read))
<BR>[Address Reference Count : 1]<UL><LI> mbed_us_ticker_api.o(.constdata)
</UL>
<P><STRONG><a name="[a4]"></a>us_ticker_set_interrupt</STRONG> (Thumb, 96 bytes, Stack size 0 bytes, mbed/TARGET_K64F/TOOLCHAIN_ARM_STD/us_ticker.o(i.us_ticker_set_interrupt))
<BR>[Address Reference Count : 1]<UL><LI> mbed_us_ticker_api.o(.constdata)
</UL>
<P><STRONG><a name="[16c]"></a>wait</STRONG> (Thumb, 44 bytes, Stack size 16 bytes, mbed/TARGET_K64F/TOOLCHAIN_ARM_STD/mbed.ar(mbed_wait_api_no_rtos.o)(i.wait))
<BR><BR>[Stack]<UL><LI>Max Depth = 184<LI>Call Chain = wait &rArr; ticker_read &rArr; initialize &rArr;  mbed_assert_internal (Cycle)
</UL>
<BR>[Calls]<UL><LI><a href="#[1ae]">&gt;&gt;</a>&nbsp;&nbsp;&nbsp;ticker_read
<LI><a href="#[1b0]">&gt;&gt;</a>&nbsp;&nbsp;&nbsp;get_us_ticker_data
</UL>
<BR>[Called By]<UL><LI><a href="#[13a]">&gt;&gt;</a>&nbsp;&nbsp;&nbsp;$Super$$main
<LI><a href="#[15d]">&gt;&gt;</a>&nbsp;&nbsp;&nbsp;impulse(Stepper*)
</UL>

<P><STRONG><a name="[1a2]"></a>wait_ms</STRONG> (Thumb, 36 bytes, Stack size 16 bytes, mbed/TARGET_K64F/TOOLCHAIN_ARM_STD/mbed.ar(mbed_wait_api_no_rtos.o)(i.wait_ms))
<BR><BR>[Stack]<UL><LI>Max Depth = 184<LI>Call Chain = wait_ms &rArr; ticker_read &rArr; initialize &rArr;  mbed_assert_internal (Cycle)
</UL>
<BR>[Calls]<UL><LI><a href="#[1ae]">&gt;&gt;</a>&nbsp;&nbsp;&nbsp;ticker_read
<LI><a href="#[1b0]">&gt;&gt;</a>&nbsp;&nbsp;&nbsp;get_us_ticker_data
</UL>
<BR>[Called By]<UL><LI><a href="#[195]">&gt;&gt;</a>&nbsp;&nbsp;&nbsp;mbed_die
</UL>

<P><STRONG><a name="[df]"></a>_get_lc_numeric</STRONG> (Thumb, 44 bytes, Stack size 8 bytes, C:\Keil_v5\ARM\ARMCC\Bin\..\lib\armlib\c_w.l(lc_numeric_c.o)(locale$$code))
<BR><BR>[Stack]<UL><LI>Max Depth = 8<LI>Call Chain = _get_lc_numeric
</UL>
<BR>[Calls]<UL><LI><a href="#[190]">&gt;&gt;</a>&nbsp;&nbsp;&nbsp;strcmp
</UL>
<BR>[Called By]<UL><LI><a href="#[de]">&gt;&gt;</a>&nbsp;&nbsp;&nbsp;__rt_lib_init_lc_numeric_2
</UL>

<P><STRONG><a name="[9c]"></a>_get_lc_ctype</STRONG> (Thumb, 44 bytes, Stack size 8 bytes, C:\Keil_v5\ARM\ARMCC\Bin\..\lib\armlib\c_w.l(lc_ctype_c.o)(locale$$code))
<BR><BR>[Stack]<UL><LI>Max Depth = 8<LI>Call Chain = _get_lc_ctype
</UL>
<BR>[Calls]<UL><LI><a href="#[190]">&gt;&gt;</a>&nbsp;&nbsp;&nbsp;strcmp
</UL>
<BR>[Called By]<UL><LI><a href="#[dd]">&gt;&gt;</a>&nbsp;&nbsp;&nbsp;__rt_lib_init_lc_ctype_2
</UL>
<BR>[Address Reference Count : 1]<UL><LI> rt_ctype_table.o(.text)
</UL>
<P><STRONG><a name="[177]"></a>SingletonPtr&lang;PlatformMutex&rang;::operator -&rang;()</STRONG> (Thumb, 36 bytes, Stack size 8 bytes, mbed/TARGET_K64F/TOOLCHAIN_ARM_STD/mbed.ar(FileBase.o)(t._ZN12SingletonPtrI13PlatformMutexEptEv))
<BR><BR>[Stack]<UL><LI>Max Depth = 488 + Unknown Stack Size
<LI>Call Chain = SingletonPtr&lang;PlatformMutex&rang;::operator -&rang;() &rArr; mbed_assert_internal &rArr; mbed_error_printf &rArr; serial_init &rArr;  mbed_assert_internal (Cycle)
</UL>
<BR>[Calls]<UL><LI><a href="#[159]">&gt;&gt;</a>&nbsp;&nbsp;&nbsp;mbed_assert_internal
</UL>
<BR>[Called By]<UL><LI><a href="#[176]">&gt;&gt;</a>&nbsp;&nbsp;&nbsp;mbed::FileBase::lookup(const char*, unsigned)
</UL>

<P><STRONG><a name="[183]"></a>__aeabi_d2f</STRONG> (Thumb, 0 bytes, Stack size 32 bytes, C:\Keil_v5\ARM\ARMCC\Bin\..\lib\armlib\fz_wm.l(d2f.o)(x$fpl$d2f))
<BR><BR>[Stack]<UL><LI>Max Depth = 32<LI>Call Chain = __aeabi_d2f
</UL>
<BR>[Called By]<UL><LI><a href="#[180]">&gt;&gt;</a>&nbsp;&nbsp;&nbsp;Servo::write(float)
</UL>

<P><STRONG><a name="[1b1]"></a>_d2f</STRONG> (Thumb, 98 bytes, Stack size 32 bytes, C:\Keil_v5\ARM\ARMCC\Bin\..\lib\armlib\fz_wm.l(d2f.o)(x$fpl$d2f), UNUSED)
<BR><BR>[Calls]<UL><LI><a href="#[1b2]">&gt;&gt;</a>&nbsp;&nbsp;&nbsp;__fpl_fretinf
<LI><a href="#[1b3]">&gt;&gt;</a>&nbsp;&nbsp;&nbsp;__fpl_dnaninf
</UL>

<P><STRONG><a name="[185]"></a>__aeabi_dadd</STRONG> (Thumb, 0 bytes, Stack size 16 bytes, C:\Keil_v5\ARM\ARMCC\Bin\..\lib\armlib\fz_wm.l(daddsub_clz.o)(x$fpl$dadd))
<BR><BR>[Stack]<UL><LI>Max Depth = 16<LI>Call Chain = __aeabi_dadd
</UL>
<BR>[Called By]<UL><LI><a href="#[180]">&gt;&gt;</a>&nbsp;&nbsp;&nbsp;Servo::write(float)
</UL>

<P><STRONG><a name="[1b4]"></a>_dadd</STRONG> (Thumb, 332 bytes, Stack size 16 bytes, C:\Keil_v5\ARM\ARMCC\Bin\..\lib\armlib\fz_wm.l(daddsub_clz.o)(x$fpl$dadd), UNUSED)
<BR><BR>[Calls]<UL><LI><a href="#[1b5]">&gt;&gt;</a>&nbsp;&nbsp;&nbsp;_dsub1
<LI><a href="#[1b6]">&gt;&gt;</a>&nbsp;&nbsp;&nbsp;__fpl_dretinf
<LI><a href="#[1b3]">&gt;&gt;</a>&nbsp;&nbsp;&nbsp;__fpl_dnaninf
</UL>

<P><STRONG><a name="[1b8]"></a>__fpl_dcmp_Inf</STRONG> (Thumb, 24 bytes, Stack size 0 bytes, C:\Keil_v5\ARM\ARMCC\Bin\..\lib\armlib\fz_wm.l(dcmpi.o)(x$fpl$dcmpinf), UNUSED)
<BR><BR>[Called By]<UL><LI><a href="#[1b7]">&gt;&gt;</a>&nbsp;&nbsp;&nbsp;_dcmpeq
</UL>

<P><STRONG><a name="[156]"></a>__aeabi_cdcmpeq</STRONG> (Thumb, 0 bytes, Stack size 32 bytes, C:\Keil_v5\ARM\ARMCC\Bin\..\lib\armlib\fz_wm.l(deqf.o)(x$fpl$deqf))
<BR><BR>[Stack]<UL><LI>Max Depth = 32<LI>Call Chain = __aeabi_cdcmpeq
</UL>
<BR>[Called By]<UL><LI><a href="#[154]">&gt;&gt;</a>&nbsp;&nbsp;&nbsp;initializeStepper(Stepper*)
</UL>

<P><STRONG><a name="[1b7]"></a>_dcmpeq</STRONG> (Thumb, 120 bytes, Stack size 32 bytes, C:\Keil_v5\ARM\ARMCC\Bin\..\lib\armlib\fz_wm.l(deqf.o)(x$fpl$deqf), UNUSED)
<BR><BR>[Calls]<UL><LI><a href="#[1b3]">&gt;&gt;</a>&nbsp;&nbsp;&nbsp;__fpl_dnaninf
<LI><a href="#[1b8]">&gt;&gt;</a>&nbsp;&nbsp;&nbsp;__fpl_dcmp_Inf
</UL>

<P><STRONG><a name="[182]"></a>__aeabi_dmul</STRONG> (Thumb, 0 bytes, Stack size 32 bytes, C:\Keil_v5\ARM\ARMCC\Bin\..\lib\armlib\fz_wm.l(dmul.o)(x$fpl$dmul))
<BR><BR>[Stack]<UL><LI>Max Depth = 32<LI>Call Chain = __aeabi_dmul
</UL>
<BR>[Called By]<UL><LI><a href="#[180]">&gt;&gt;</a>&nbsp;&nbsp;&nbsp;Servo::write(float)
</UL>

<P><STRONG><a name="[1b9]"></a>_dmul</STRONG> (Thumb, 332 bytes, Stack size 32 bytes, C:\Keil_v5\ARM\ARMCC\Bin\..\lib\armlib\fz_wm.l(dmul.o)(x$fpl$dmul), UNUSED)
<BR><BR>[Calls]<UL><LI><a href="#[1b6]">&gt;&gt;</a>&nbsp;&nbsp;&nbsp;__fpl_dretinf
<LI><a href="#[1b3]">&gt;&gt;</a>&nbsp;&nbsp;&nbsp;__fpl_dnaninf
</UL>

<P><STRONG><a name="[1b3]"></a>__fpl_dnaninf</STRONG> (Thumb, 156 bytes, Stack size 16 bytes, C:\Keil_v5\ARM\ARMCC\Bin\..\lib\armlib\fz_wm.l(dnaninf.o)(x$fpl$dnaninf), UNUSED)
<BR><BR>[Called By]<UL><LI><a href="#[1b4]">&gt;&gt;</a>&nbsp;&nbsp;&nbsp;_dadd
<LI><a href="#[1b1]">&gt;&gt;</a>&nbsp;&nbsp;&nbsp;_d2f
<LI><a href="#[1b9]">&gt;&gt;</a>&nbsp;&nbsp;&nbsp;_dmul
<LI><a href="#[1b7]">&gt;&gt;</a>&nbsp;&nbsp;&nbsp;_dcmpeq
<LI><a href="#[1ba]">&gt;&gt;</a>&nbsp;&nbsp;&nbsp;_dsub
</UL>

<P><STRONG><a name="[1b6]"></a>__fpl_dretinf</STRONG> (Thumb, 12 bytes, Stack size 0 bytes, C:\Keil_v5\ARM\ARMCC\Bin\..\lib\armlib\fz_wm.l(dretinf.o)(x$fpl$dretinf), UNUSED)
<BR><BR>[Called By]<UL><LI><a href="#[1b4]">&gt;&gt;</a>&nbsp;&nbsp;&nbsp;_dadd
<LI><a href="#[1bc]">&gt;&gt;</a>&nbsp;&nbsp;&nbsp;_f2d
<LI><a href="#[1b9]">&gt;&gt;</a>&nbsp;&nbsp;&nbsp;_dmul
</UL>

<P><STRONG><a name="[181]"></a>__aeabi_dsub</STRONG> (Thumb, 0 bytes, Stack size 32 bytes, C:\Keil_v5\ARM\ARMCC\Bin\..\lib\armlib\fz_wm.l(daddsub_clz.o)(x$fpl$dsub))
<BR><BR>[Stack]<UL><LI>Max Depth = 32<LI>Call Chain = __aeabi_dsub
</UL>
<BR>[Called By]<UL><LI><a href="#[180]">&gt;&gt;</a>&nbsp;&nbsp;&nbsp;Servo::write(float)
</UL>

<P><STRONG><a name="[1ba]"></a>_dsub</STRONG> (Thumb, 464 bytes, Stack size 32 bytes, C:\Keil_v5\ARM\ARMCC\Bin\..\lib\armlib\fz_wm.l(daddsub_clz.o)(x$fpl$dsub), UNUSED)
<BR><BR>[Calls]<UL><LI><a href="#[1bb]">&gt;&gt;</a>&nbsp;&nbsp;&nbsp;_dadd1
<LI><a href="#[1b3]">&gt;&gt;</a>&nbsp;&nbsp;&nbsp;__fpl_dnaninf
</UL>

<P><STRONG><a name="[155]"></a>__aeabi_f2d</STRONG> (Thumb, 0 bytes, Stack size 16 bytes, C:\Keil_v5\ARM\ARMCC\Bin\..\lib\armlib\fz_wm.l(f2d.o)(x$fpl$f2d))
<BR><BR>[Stack]<UL><LI>Max Depth = 16<LI>Call Chain = __aeabi_f2d
</UL>
<BR>[Called By]<UL><LI><a href="#[154]">&gt;&gt;</a>&nbsp;&nbsp;&nbsp;initializeStepper(Stepper*)
<LI><a href="#[180]">&gt;&gt;</a>&nbsp;&nbsp;&nbsp;Servo::write(float)
</UL>

<P><STRONG><a name="[1bc]"></a>_f2d</STRONG> (Thumb, 86 bytes, Stack size 16 bytes, C:\Keil_v5\ARM\ARMCC\Bin\..\lib\armlib\fz_wm.l(f2d.o)(x$fpl$f2d), UNUSED)
<BR><BR>[Calls]<UL><LI><a href="#[1bd]">&gt;&gt;</a>&nbsp;&nbsp;&nbsp;__fpl_fnaninf
<LI><a href="#[1b6]">&gt;&gt;</a>&nbsp;&nbsp;&nbsp;__fpl_dretinf
</UL>

<P><STRONG><a name="[1bd]"></a>__fpl_fnaninf</STRONG> (Thumb, 140 bytes, Stack size 8 bytes, C:\Keil_v5\ARM\ARMCC\Bin\..\lib\armlib\fz_wm.l(fnaninf.o)(x$fpl$fnaninf), UNUSED)
<BR><BR>[Called By]<UL><LI><a href="#[1bc]">&gt;&gt;</a>&nbsp;&nbsp;&nbsp;_f2d
</UL>

<P><STRONG><a name="[d8]"></a>_fp_init</STRONG> (Thumb, 10 bytes, Stack size 0 bytes, C:\Keil_v5\ARM\ARMCC\Bin\..\lib\armlib\fz_wm.l(fpinit.o)(x$fpl$fpinit))
<BR><BR>[Called By]<UL><LI><a href="#[d7]">&gt;&gt;</a>&nbsp;&nbsp;&nbsp;__rt_lib_init_fp_1
</UL>

<P><STRONG><a name="[1f7]"></a>__fplib_config_fpu_vfp</STRONG> (Thumb, 0 bytes, Stack size unknown bytes, C:\Keil_v5\ARM\ARMCC\Bin\..\lib\armlib\fz_wm.l(fpinit.o)(x$fpl$fpinit), UNUSED)

<P><STRONG><a name="[1f8]"></a>__fplib_config_pureend_doubles</STRONG> (Thumb, 0 bytes, Stack size unknown bytes, C:\Keil_v5\ARM\ARMCC\Bin\..\lib\armlib\fz_wm.l(fpinit.o)(x$fpl$fpinit), UNUSED)

<P><STRONG><a name="[1b2]"></a>__fpl_fretinf</STRONG> (Thumb, 10 bytes, Stack size 0 bytes, C:\Keil_v5\ARM\ARMCC\Bin\..\lib\armlib\fz_wm.l(fretinf.o)(x$fpl$fretinf), UNUSED)
<BR><BR>[Called By]<UL><LI><a href="#[1b1]">&gt;&gt;</a>&nbsp;&nbsp;&nbsp;_d2f
</UL>

<P><STRONG><a name="[ba]"></a>_printf_fp_dec</STRONG> (Thumb, 4 bytes, Stack size 0 bytes, C:\Keil_v5\ARM\ARMCC\Bin\..\lib\armlib\fz_wm.l(printf1.o)(x$fpl$printf1))
<BR><BR>[Stack]<UL><LI>Max Depth = 324<LI>Call Chain = _printf_fp_dec &rArr; _printf_fp_dec_real &rArr; _fp_digits &rArr; _btod_etento &rArr; _btod_emul &rArr; _e2e
</UL>
<BR>[Calls]<UL><LI><a href="#[127]">&gt;&gt;</a>&nbsp;&nbsp;&nbsp;_printf_fp_dec_real
</UL>
<BR>[Called By]<UL><LI><a href="#[bc]">&gt;&gt;</a>&nbsp;&nbsp;&nbsp;_printf_g
<LI><a href="#[bb]">&gt;&gt;</a>&nbsp;&nbsp;&nbsp;_printf_e
<LI><a href="#[b9]">&gt;&gt;</a>&nbsp;&nbsp;&nbsp;_printf_f
</UL>

<P><STRONG><a name="[be]"></a>_printf_fp_hex</STRONG> (Thumb, 4 bytes, Stack size 0 bytes, C:\Keil_v5\ARM\ARMCC\Bin\..\lib\armlib\fz_wm.l(printf2.o)(x$fpl$printf2))
<BR><BR>[Stack]<UL><LI>Max Depth = 112<LI>Call Chain = _printf_fp_hex &rArr; _printf_fp_hex_real &rArr; _printf_fp_infnan &rArr; _printf_post_padding
</UL>
<BR>[Calls]<UL><LI><a href="#[12a]">&gt;&gt;</a>&nbsp;&nbsp;&nbsp;_printf_fp_hex_real
</UL>
<BR>[Called By]<UL><LI><a href="#[bd]">&gt;&gt;</a>&nbsp;&nbsp;&nbsp;_printf_a
</UL>
<P>
<H3>
Local Symbols
</H3>
<P><STRONG><a name="[144]"></a>CLOCK_GetFllRefClkFreq</STRONG> (Thumb, 142 bytes, Stack size 8 bytes, mbed/TARGET_K64F/TOOLCHAIN_ARM_STD/fsl_clock.o(i.CLOCK_GetFllRefClkFreq))
<BR><BR>[Stack]<UL><LI>Max Depth = 72<LI>Call Chain = CLOCK_GetFllRefClkFreq &rArr; __aeabi_assert &rArr; abort &rArr; __rt_SIGABRT &rArr; __rt_SIGABRT_inner &rArr; __default_signal_display &rArr; _ttywrch
</UL>
<BR>[Calls]<UL><LI><a href="#[fc]">&gt;&gt;</a>&nbsp;&nbsp;&nbsp;__aeabi_assert
</UL>
<BR>[Called By]<UL><LI><a href="#[146]">&gt;&gt;</a>&nbsp;&nbsp;&nbsp;CLOCK_GetOutClkFreq
<LI><a href="#[145]">&gt;&gt;</a>&nbsp;&nbsp;&nbsp;CLOCK_GetFreq
</UL>

<P><STRONG><a name="[158]"></a>reserve_filehandle()</STRONG> (Thumb, 154 bytes, Stack size 16 bytes, mbed/TARGET_K64F/TOOLCHAIN_ARM_STD/mbed_retarget.o(i._Z18reserve_filehandlev))
<BR><BR>[Stack]<UL><LI>Max Depth = 496 + Unknown Stack Size
<LI>Call Chain = reserve_filehandle() &rArr; mbed_assert_internal &rArr; mbed_error_printf &rArr; serial_init &rArr;  mbed_assert_internal (Cycle)
</UL>
<BR>[Calls]<UL><LI><a href="#[159]">&gt;&gt;</a>&nbsp;&nbsp;&nbsp;mbed_assert_internal
<LI><a href="#[12d]">&gt;&gt;</a>&nbsp;&nbsp;&nbsp;__aeabi_errno_addr
</UL>
<BR>[Called By]<UL><LI><a href="#[191]">&gt;&gt;</a>&nbsp;&nbsp;&nbsp;open
</UL>

<P><STRONG><a name="[164]"></a>get_fhc(int)</STRONG> (Thumb, 140 bytes, Stack size 24 bytes, mbed/TARGET_K64F/TOOLCHAIN_ARM_STD/mbed_retarget.o(i._Z7get_fhci))
<BR><BR>[Stack]<UL><LI>Max Depth = 128 + In Cycle
<LI>Call Chain = get_fhc(int) &rArr;  serial_init (Cycle)
</UL>
<BR>[Calls]<UL><LI><a href="#[16b]">&gt;&gt;</a>&nbsp;&nbsp;&nbsp;__cxa_guard_release
<LI><a href="#[167]">&gt;&gt;</a>&nbsp;&nbsp;&nbsp;__cxa_guard_acquire
<LI><a href="#[16a]">&gt;&gt;</a>&nbsp;&nbsp;&nbsp;__aeabi_atexit
<LI><a href="#[168]">&gt;&gt;</a>&nbsp;&nbsp;&nbsp;serial_init
<LI><a href="#[166]">&gt;&gt;</a>&nbsp;&nbsp;&nbsp;mbed::mbed_target_override_console(int)
<LI><a href="#[165]">&gt;&gt;</a>&nbsp;&nbsp;&nbsp;mbed::mbed_override_console(int)
<LI><a href="#[169]">&gt;&gt;</a>&nbsp;&nbsp;&nbsp;serial_baud
</UL>
<BR>[Called By]<UL><LI><a href="#[119]">&gt;&gt;</a>&nbsp;&nbsp;&nbsp;_sys_write
<LI><a href="#[118]">&gt;&gt;</a>&nbsp;&nbsp;&nbsp;_sys_seek
<LI><a href="#[f9]">&gt;&gt;</a>&nbsp;&nbsp;&nbsp;_sys_open
<LI><a href="#[113]">&gt;&gt;</a>&nbsp;&nbsp;&nbsp;_sys_istty
<LI><a href="#[115]">&gt;&gt;</a>&nbsp;&nbsp;&nbsp;_sys_flen
<LI><a href="#[11e]">&gt;&gt;</a>&nbsp;&nbsp;&nbsp;_sys_close
</UL>

<P><STRONG><a name="[9f]"></a>pit_isr</STRONG> (Thumb, 44 bytes, Stack size 0 bytes, mbed/TARGET_K64F/TOOLCHAIN_ARM_STD/us_ticker.o(i.pit_isr))
<BR><BR>[Calls]<UL><LI><a href="#[1ab]">&gt;&gt;</a>&nbsp;&nbsp;&nbsp;us_ticker_irq_handler
</UL>
<BR>[Address Reference Count : 1]<UL><LI> us_ticker.o(i.us_ticker_init)
</UL>
<P><STRONG><a name="[184]"></a>clamp(float, float, float)</STRONG> (Thumb, 42 bytes, Stack size 0 bytes, .\build\servo.o(i._Z5clampfff))
<BR><BR>[Called By]<UL><LI><a href="#[180]">&gt;&gt;</a>&nbsp;&nbsp;&nbsp;Servo::write(float)
</UL>

<P><STRONG><a name="[ad]"></a>__sti___8_main_cpp_c3143a38</STRONG> (Thumb, 166 bytes, Stack size 24 bytes, .\build\main.o(i.__sti___8_main_cpp_c3143a38))
<BR><BR>[Stack]<UL><LI>Max Depth = 584 + Unknown Stack Size
<LI>Call Chain = __sti___8_main_cpp_c3143a38 &rArr; Servo::Servo(PinName) &rArr; pwmout_init &rArr; mbed_assert_internal &rArr; mbed_error_printf &rArr; serial_init &rArr;  mbed_assert_internal (Cycle)
</UL>
<BR>[Calls]<UL><LI><a href="#[16a]">&gt;&gt;</a>&nbsp;&nbsp;&nbsp;__aeabi_atexit
<LI><a href="#[18b]">&gt;&gt;</a>&nbsp;&nbsp;&nbsp;operator new(unsigned)
<LI><a href="#[18a]">&gt;&gt;</a>&nbsp;&nbsp;&nbsp;Stepper::Stepper(PinName, PinName, PinName, PinName, PinName, float, float, float, int)
<LI><a href="#[186]">&gt;&gt;</a>&nbsp;&nbsp;&nbsp;Servo::Servo(PinName)
</UL>
<BR>[Address Reference Count : 1]<UL><LI> main.o(.init_array)
</UL>
<P><STRONG><a name="[19c]"></a>initialize</STRONG> (Thumb, 256 bytes, Stack size 40 bytes, mbed/TARGET_K64F/TOOLCHAIN_ARM_STD/mbed.ar(mbed_ticker_api.o)(i.initialize))
<BR><BR>[Stack]<UL><LI>Max Depth = 160 + In Cycle
<LI>Call Chain = initialize &rArr;  mbed_assert_internal (Cycle)
</UL>
<BR>[Calls]<UL><LI><a href="#[159]">&gt;&gt;</a>&nbsp;&nbsp;&nbsp;mbed_assert_internal
<LI><a href="#[19e]">&gt;&gt;</a>&nbsp;&nbsp;&nbsp;__aeabi_llsl
<LI><a href="#[19d]">&gt;&gt;</a>&nbsp;&nbsp;&nbsp;__aeabi_uldivmod
<LI><a href="#[19f]">&gt;&gt;</a>&nbsp;&nbsp;&nbsp;update_present_time
<LI><a href="#[1a0]">&gt;&gt;</a>&nbsp;&nbsp;&nbsp;schedule_interrupt
</UL>
<BR>[Called By]<UL><LI><a href="#[1ae]">&gt;&gt;</a>&nbsp;&nbsp;&nbsp;ticker_read
</UL>

<P><STRONG><a name="[1a0]"></a>schedule_interrupt</STRONG> (Thumb, 290 bytes, Stack size 32 bytes, mbed/TARGET_K64F/TOOLCHAIN_ARM_STD/mbed.ar(mbed_ticker_api.o)(i.schedule_interrupt))
<BR><BR>[Stack]<UL><LI>Max Depth = 120 + In Cycle
<LI>Call Chain = schedule_interrupt &rArr;  mbed_assert_internal (Cycle)
</UL>
<BR>[Calls]<UL><LI><a href="#[159]">&gt;&gt;</a>&nbsp;&nbsp;&nbsp;mbed_assert_internal
<LI><a href="#[19e]">&gt;&gt;</a>&nbsp;&nbsp;&nbsp;__aeabi_llsl
<LI><a href="#[19d]">&gt;&gt;</a>&nbsp;&nbsp;&nbsp;__aeabi_uldivmod
<LI><a href="#[19f]">&gt;&gt;</a>&nbsp;&nbsp;&nbsp;update_present_time
</UL>
<BR>[Called By]<UL><LI><a href="#[19c]">&gt;&gt;</a>&nbsp;&nbsp;&nbsp;initialize
<LI><a href="#[ae]">&gt;&gt;</a>&nbsp;&nbsp;&nbsp;ticker_irq_handler
</UL>

<P><STRONG><a name="[19f]"></a>update_present_time</STRONG> (Thumb, 264 bytes, Stack size 40 bytes, mbed/TARGET_K64F/TOOLCHAIN_ARM_STD/mbed.ar(mbed_ticker_api.o)(i.update_present_time))
<BR><BR>[Stack]<UL><LI>Max Depth = 88<LI>Call Chain = update_present_time &rArr; __aeabi_uldivmod
</UL>
<BR>[Calls]<UL><LI><a href="#[1af]">&gt;&gt;</a>&nbsp;&nbsp;&nbsp;__aeabi_llsr
<LI><a href="#[19e]">&gt;&gt;</a>&nbsp;&nbsp;&nbsp;__aeabi_llsl
<LI><a href="#[19d]">&gt;&gt;</a>&nbsp;&nbsp;&nbsp;__aeabi_uldivmod
</UL>
<BR>[Called By]<UL><LI><a href="#[1ae]">&gt;&gt;</a>&nbsp;&nbsp;&nbsp;ticker_read
<LI><a href="#[1a0]">&gt;&gt;</a>&nbsp;&nbsp;&nbsp;schedule_interrupt
<LI><a href="#[19c]">&gt;&gt;</a>&nbsp;&nbsp;&nbsp;initialize
<LI><a href="#[ae]">&gt;&gt;</a>&nbsp;&nbsp;&nbsp;ticker_irq_handler
</UL>

<P><STRONG><a name="[19b]"></a>handle_error</STRONG> (Thumb, 126 bytes, Stack size 40 bytes, mbed/TARGET_K64F/TOOLCHAIN_ARM_STD/mbed.ar(mbed_error.o)(i.handle_error))
<BR><BR>[Stack]<UL><LI>Max Depth = 48<LI>Call Chain = handle_error &rArr; core_util_critical_section_exit &rArr; hal_critical_section_exit &rArr;  mbed_assert_internal (Cycle)
</UL>
<BR>[Calls]<UL><LI><a href="#[175]">&gt;&gt;</a>&nbsp;&nbsp;&nbsp;core_util_critical_section_exit
<LI><a href="#[173]">&gt;&gt;</a>&nbsp;&nbsp;&nbsp;core_util_critical_section_enter
</UL>
<BR>[Called By]<UL><LI><a href="#[18c]">&gt;&gt;</a>&nbsp;&nbsp;&nbsp;mbed_error
</UL>

<P><STRONG><a name="[1a3]"></a>print_error_report</STRONG> (Thumb, 166 bytes, Stack size 24 bytes, mbed/TARGET_K64F/TOOLCHAIN_ARM_STD/mbed.ar(mbed_error.o)(i.print_error_report))
<BR><BR>[Stack]<UL><LI>Max Depth = 24 + In Cycle
<LI>Call Chain = print_error_report &rArr;  mbed_error_printf (Cycle)
</UL>
<BR>[Calls]<UL><LI><a href="#[1a1]">&gt;&gt;</a>&nbsp;&nbsp;&nbsp;mbed_error_printf
</UL>
<BR>[Called By]<UL><LI><a href="#[18c]">&gt;&gt;</a>&nbsp;&nbsp;&nbsp;mbed_error
</UL>

<P><STRONG><a name="[1bb]"></a>_dadd1</STRONG> (Thumb, 0 bytes, Stack size unknown bytes, C:\Keil_v5\ARM\ARMCC\Bin\..\lib\armlib\fz_wm.l(daddsub_clz.o)(x$fpl$dadd), UNUSED)
<BR><BR>[Called By]<UL><LI><a href="#[1ba]">&gt;&gt;</a>&nbsp;&nbsp;&nbsp;_dsub
</UL>

<P><STRONG><a name="[1b5]"></a>_dsub1</STRONG> (Thumb, 0 bytes, Stack size unknown bytes, C:\Keil_v5\ARM\ARMCC\Bin\..\lib\armlib\fz_wm.l(daddsub_clz.o)(x$fpl$dsub), UNUSED)
<BR><BR>[Called By]<UL><LI><a href="#[1b4]">&gt;&gt;</a>&nbsp;&nbsp;&nbsp;_dadd
</UL>

<P><STRONG><a name="[9b]"></a>_printf_input_char</STRONG> (Thumb, 10 bytes, Stack size 0 bytes, C:\Keil_v5\ARM\ARMCC\Bin\..\lib\armlib\c_w.l(_printf_char_common.o)(.text))
<BR>[Address Reference Count : 1]<UL><LI> _printf_char_common.o(.text)
</UL>
<P><STRONG><a name="[122]"></a>_fp_digits</STRONG> (Thumb, 432 bytes, Stack size 96 bytes, C:\Keil_v5\ARM\ARMCC\Bin\..\lib\armlib\c_w.l(_printf_fp_dec.o)(.text))
<BR><BR>[Stack]<UL><LI>Max Depth = 220<LI>Call Chain = _fp_digits &rArr; _btod_etento &rArr; _btod_emul &rArr; _e2e
</UL>
<BR>[Calls]<UL><LI><a href="#[10e]">&gt;&gt;</a>&nbsp;&nbsp;&nbsp;_ll_udiv10
<LI><a href="#[126]">&gt;&gt;</a>&nbsp;&nbsp;&nbsp;_btod_emul
<LI><a href="#[125]">&gt;&gt;</a>&nbsp;&nbsp;&nbsp;_btod_ediv
<LI><a href="#[124]">&gt;&gt;</a>&nbsp;&nbsp;&nbsp;_btod_d2e
<LI><a href="#[123]">&gt;&gt;</a>&nbsp;&nbsp;&nbsp;_btod_etento
</UL>
<BR>[Called By]<UL><LI><a href="#[127]">&gt;&gt;</a>&nbsp;&nbsp;&nbsp;_printf_fp_dec_real
</UL>
<P>
<H3>
Undefined Global Symbols
</H3><HR></body></html>
