Component: ARM Compiler 5.06 update 6 (build 750) Tool: armlink [4d35ed]

==============================================================================

Section Cross References

    mbed/TARGET_K64F/TOOLCHAIN_ARM_STD/analogin_api.o(i.analogin_init) refers to mbed/TARGET_K64F/TOOLCHAIN_ARM_STD/mbed.ar(mbed_pinmap_common.o)(i.pinmap_peripheral) for pinmap_peripheral
    mbed/TARGET_K64F/TOOLCHAIN_ARM_STD/analogin_api.o(i.analogin_init) refers to mbed/TARGET_K64F/TOOLCHAIN_ARM_STD/mbed.ar(mbed_assert.o)(i.mbed_assert_internal) for mbed_assert_internal
    mbed/TARGET_K64F/TOOLCHAIN_ARM_STD/analogin_api.o(i.analogin_init) refers to mbed/TARGET_K64F/TOOLCHAIN_ARM_STD/fsl_clock.o(i.CLOCK_GetFreq) for CLOCK_GetFreq
    mbed/TARGET_K64F/TOOLCHAIN_ARM_STD/analogin_api.o(i.analogin_init) refers to mbed/TARGET_K64F/TOOLCHAIN_ARM_STD/fsl_adc16.o(i.ADC16_GetDefaultConfig) for ADC16_GetDefaultConfig
    mbed/TARGET_K64F/TOOLCHAIN_ARM_STD/analogin_api.o(i.analogin_init) refers to mbed/TARGET_K64F/TOOLCHAIN_ARM_STD/fsl_adc16.o(i.ADC16_Init) for ADC16_Init
    mbed/TARGET_K64F/TOOLCHAIN_ARM_STD/analogin_api.o(i.analogin_init) refers to mbed/TARGET_K64F/TOOLCHAIN_ARM_STD/fsl_adc16.o(i.ADC16_SetHardwareAverage) for ADC16_SetHardwareAverage
    mbed/TARGET_K64F/TOOLCHAIN_ARM_STD/analogin_api.o(i.analogin_init) refers to mbed/TARGET_K64F/TOOLCHAIN_ARM_STD/mbed.ar(mbed_pinmap_common.o)(i.pinmap_pinout) for pinmap_pinout
    mbed/TARGET_K64F/TOOLCHAIN_ARM_STD/analogin_api.o(i.analogin_init) refers to mbed/TARGET_K64F/TOOLCHAIN_ARM_STD/PeripheralPins.o(.constdata) for PinMap_ADC
    mbed/TARGET_K64F/TOOLCHAIN_ARM_STD/analogin_api.o(i.analogin_init) refers to mbed/TARGET_K64F/TOOLCHAIN_ARM_STD/analogin_api.o(.conststring) for .conststring
    mbed/TARGET_K64F/TOOLCHAIN_ARM_STD/analogin_api.o(i.analogin_init) refers to mbed/TARGET_K64F/TOOLCHAIN_ARM_STD/analogin_api.o(.constdata) for .constdata
    mbed/TARGET_K64F/TOOLCHAIN_ARM_STD/analogin_api.o(i.analogin_read) refers to mbed/TARGET_K64F/TOOLCHAIN_ARM_STD/fsl_adc16.o(i.ADC16_SetChannelMuxMode) for ADC16_SetChannelMuxMode
    mbed/TARGET_K64F/TOOLCHAIN_ARM_STD/analogin_api.o(i.analogin_read) refers to mbed/TARGET_K64F/TOOLCHAIN_ARM_STD/fsl_adc16.o(i.ADC16_SetChannelConfig) for ADC16_SetChannelConfig
    mbed/TARGET_K64F/TOOLCHAIN_ARM_STD/analogin_api.o(i.analogin_read) refers to mbed/TARGET_K64F/TOOLCHAIN_ARM_STD/fsl_adc16.o(i.ADC16_GetChannelStatusFlags) for ADC16_GetChannelStatusFlags
    mbed/TARGET_K64F/TOOLCHAIN_ARM_STD/analogin_api.o(i.analogin_read) refers to mbed/TARGET_K64F/TOOLCHAIN_ARM_STD/analogin_api.o(.constdata) for .constdata
    mbed/TARGET_K64F/TOOLCHAIN_ARM_STD/analogin_api.o(i.analogin_read_u16) refers to mbed/TARGET_K64F/TOOLCHAIN_ARM_STD/fsl_adc16.o(i.ADC16_SetChannelMuxMode) for ADC16_SetChannelMuxMode
    mbed/TARGET_K64F/TOOLCHAIN_ARM_STD/analogin_api.o(i.analogin_read_u16) refers to mbed/TARGET_K64F/TOOLCHAIN_ARM_STD/fsl_adc16.o(i.ADC16_SetChannelConfig) for ADC16_SetChannelConfig
    mbed/TARGET_K64F/TOOLCHAIN_ARM_STD/analogin_api.o(i.analogin_read_u16) refers to mbed/TARGET_K64F/TOOLCHAIN_ARM_STD/fsl_adc16.o(i.ADC16_GetChannelStatusFlags) for ADC16_GetChannelStatusFlags
    mbed/TARGET_K64F/TOOLCHAIN_ARM_STD/analogin_api.o(i.analogin_read_u16) refers to mbed/TARGET_K64F/TOOLCHAIN_ARM_STD/analogin_api.o(.constdata) for .constdata
    mbed/TARGET_K64F/TOOLCHAIN_ARM_STD/analogout_api.o(i.analogout_init) refers to mbed/TARGET_K64F/TOOLCHAIN_ARM_STD/mbed.ar(mbed_pinmap_common.o)(i.pinmap_peripheral) for pinmap_peripheral
    mbed/TARGET_K64F/TOOLCHAIN_ARM_STD/analogout_api.o(i.analogout_init) refers to mbed/TARGET_K64F/TOOLCHAIN_ARM_STD/mbed.ar(mbed_error.o)(i.error) for error
    mbed/TARGET_K64F/TOOLCHAIN_ARM_STD/analogout_api.o(i.analogout_init) refers to mbed/TARGET_K64F/TOOLCHAIN_ARM_STD/fsl_dac.o(i.DAC_GetDefaultConfig) for DAC_GetDefaultConfig
    mbed/TARGET_K64F/TOOLCHAIN_ARM_STD/analogout_api.o(i.analogout_init) refers to mbed/TARGET_K64F/TOOLCHAIN_ARM_STD/fsl_dac.o(i.DAC_Init) for DAC_Init
    mbed/TARGET_K64F/TOOLCHAIN_ARM_STD/analogout_api.o(i.analogout_init) refers to mbed/TARGET_K64F/TOOLCHAIN_ARM_STD/fsl_dac.o(i.DAC_SetBufferValue) for DAC_SetBufferValue
    mbed/TARGET_K64F/TOOLCHAIN_ARM_STD/analogout_api.o(i.analogout_init) refers to mbed/TARGET_K64F/TOOLCHAIN_ARM_STD/PeripheralPins.o(.constdata) for PinMap_DAC
    mbed/TARGET_K64F/TOOLCHAIN_ARM_STD/analogout_api.o(i.analogout_init) refers to mbed/TARGET_K64F/TOOLCHAIN_ARM_STD/analogout_api.o(.constdata) for .constdata
    mbed/TARGET_K64F/TOOLCHAIN_ARM_STD/analogout_api.o(i.analogout_write) refers to mbed/TARGET_K64F/TOOLCHAIN_ARM_STD/fsl_dac.o(i.DAC_SetBufferValue) for DAC_SetBufferValue
    mbed/TARGET_K64F/TOOLCHAIN_ARM_STD/analogout_api.o(i.analogout_write) refers to mbed/TARGET_K64F/TOOLCHAIN_ARM_STD/analogout_api.o(.constdata) for .constdata
[...]
    __fpl_dretinf                            0x000069f5   Thumb Code    12  C:\Keil_v5\ARM\ARMCC\Bin\..\lib\armlib\fz_wm.l(dretinf.o)(x$fpl$dretinf)
    __aeabi_dsub                             0x00006a01   Thumb Code     0  C:\Keil_v5\ARM\ARMCC\Bin\..\lib\armlib\fz_wm.l(daddsub_clz.o)(x$fpl$dsub)
    _dsub                                    0x00006a01   Thumb Code   464  C:\Keil_v5\ARM\ARMCC\Bin\..\lib\armlib\fz_wm.l(daddsub_clz.o)(x$fpl$dsub)
    __aeabi_f2d                              0x00006bd5   Thumb Code     0  C:\Keil_v5\ARM\ARMCC\Bin\..\lib\armlib\fz_wm.l(f2d.o)(x$fpl$f2d)
    _f2d                                     0x00006bd5   Thumb Code    86  C:\Keil_v5\ARM\ARMCC\Bin\..\lib\armlib\fz_wm.l(f2d.o)(x$fpl$f2d)
    __fpl_fnaninf                            0x00006c2b   Thumb Code   140  C:\Keil_v5\ARM\ARMCC\Bin\..\lib\armlib\fz_wm.l(fnaninf.o)(x$fpl$fnaninf)
    _fp_init                                 0x00006cb7   Thumb Code    10  C:\Keil_v5\ARM\ARMCC\Bin\..\lib\armlib\fz_wm.l(fpinit.o)(x$fpl$fpinit)
    __fplib_config_fpu_vfp                   0x00006cbf   Thumb Code     0  C:\Keil_v5\ARM\ARMCC\Bin\..\lib\armlib\fz_wm.l(fpinit.o)(x$fpl$fpinit)
    __fplib_config_pureend_doubles           0x00006cbf   Thumb Code     0  C:\Keil_v5\ARM\ARMCC\Bin\..\lib\armlib\fz_wm.l(fpinit.o)(x$fpl$fpinit)
    __fpl_fretinf                            0x00006cc1   Thumb Code    10  C:\Keil_v5\ARM\ARMCC\Bin\..\lib\armlib\fz_wm.l(fretinf.o)(x$fpl$fretinf)
    _printf_fp_dec                           0x00006ccb   Thumb Code     4  C:\Keil_v5\ARM\ARMCC\Bin\..\lib\armlib\fz_wm.l(printf1.o)(x$fpl$printf1)
    _printf_fp_hex                           0x00006ccf   Thumb Code     4  C:\Keil_v5\ARM\ARMCC\Bin\..\lib\armlib\fz_wm.l(printf2.o)(x$fpl$printf2)
    __I$use$fp                               0x00006cd2   Number         0  C:\Keil_v5\ARM\ARMCC\Bin\..\lib\armlib\fz_wm.l(usenofp.o)(x$fpl$usenofp)
    g_defaultClockConfigVlpr                 0x00006d34   Data          32  mbed/TARGET_K64F/TOOLCHAIN_ARM_STD/fsl_clock_config.o(.constdata)
    g_defaultClockConfigRun                  0x00006d54   Data          32  mbed/TARGET_K64F/TOOLCHAIN_ARM_STD/fsl_clock_config.o(.constdata)
    __stdin_name                             0x00006de8   Data           7  mbed/TARGET_K64F/TOOLCHAIN_ARM_STD/mbed_retarget.o(.constdata)
    __stdout_name                            0x00006def   Data           8  mbed/TARGET_K64F/TOOLCHAIN_ARM_STD/mbed_retarget.o(.constdata)
    __stderr_name                            0x00006df7   Data           8  mbed/TARGET_K64F/TOOLCHAIN_ARM_STD/mbed_retarget.o(.constdata)
    PinMap_UART_TX                           0x00006e10   Data         144  mbed/TARGET_K64F/TOOLCHAIN_ARM_STD/PeripheralPins.o(.constdata)
    PinMap_UART_RX                           0x00006ea0   Data         144  mbed/TARGET_K64F/TOOLCHAIN_ARM_STD/PeripheralPins.o(.constdata)
    PinMap_PWM                               0x00006f30   Data         468  mbed/TARGET_K64F/TOOLCHAIN_ARM_STD/PeripheralPins.o(.constdata)
    vtable for DirectSerial                  0x000072a4   Data          80  mbed/TARGET_K64F/TOOLCHAIN_ARM_STD/mbed_retarget.o(.constdata__ZTV12DirectSerial)
    SingletonPtr<PlatformMutex>::get()::string 0x000072f4   Data          20  mbed/TARGET_K64F/TOOLCHAIN_ARM_STD/mbed_retarget.o(.constdata__ZZN12SingletonPtrI13PlatformMutexE3getEvEs)
    SingletonPtr<PlatformMutex>::get()::string (instance 2) 0x00007308   Data          26  mbed/TARGET_K64F/TOOLCHAIN_ARM_STD/mbed_retarget.o(.constdata__ZZN12SingletonPtrI13PlatformMutexE3getEvEs_0)
    Region$$Table$$Base                      0x00007d50   Number         0  anon$$obj.o(Region$$Table)
    Region$$Table$$Limit                     0x00007d70   Number         0  anon$$obj.o(Region$$Table)
    __ctype                                  0x00007d99   Data           0  C:\Keil_v5\ARM\ARMCC\Bin\..\lib\armlib\c_w.l(lc_ctype_c.o)(locale$$data)
    SHT$$INIT_ARRAY$$Base                    0x00007e9c   Number         0  .\build\main.o(.init_array)
    SHT$$INIT_ARRAY$$Limit                   0x00007ea0   Number         0  C:\Keil_v5\ARM\ARMCC\Bin\..\lib\armlib\c_w.l(init_aeabi.o)(.init_array)
    Image$$VECTOR_RAM$$Base                  0x1fff0000   Number         0  anon$$obj.o ABSOLUTE
    Image$$RW_m_data$$Base                   0x1fff0400   Number         0  anon$$obj.o ABSOLUTE
    g_xtal0Freq                              0x20000008   Data           4  mbed/TARGET_K64F/TOOLCHAIN_ARM_STD/fsl_clock.o(.data)
    g_xtal32Freq                             0x2000000c   Data           4  mbed/TARGET_K64F/TOOLCHAIN_ARM_STD/fsl_clock.o(.data)
    s_dummyData                              0x20000010   Data           3  mbed/TARGET_K64F/TOOLCHAIN_ARM_STD/fsl_dspi.o(.data)
    s_saiHandle                              0x20000044   Data           8  mbed/TARGET_K64F/TOOLCHAIN_ARM_STD/fsl_sai.o(.data)
    stdio_uart_inited                        0x200000b4   Data           4  mbed/TARGET_K64F/TOOLCHAIN_ARM_STD/serial_api.o(.data)
    SystemCoreClock                          0x200000bc   Data           4  mbed/TARGET_K64F/TOOLCHAIN_ARM_STD/system_MK64F12.o(.data)
    y                                        0x200000c4   Data           4  .\build\main.o(.data)
    x                                        0x200000c8   Data           4  .\build\main.o(.data)
    mbed::FileBase::_head                    0x20000100   Data           4  mbed/TARGET_K64F/TOOLCHAIN_ARM_STD/mbed.ar(FileBase.o)(.data)
    mbed::FileBase::_default                 0x20000104   Data           4  mbed/TARGET_K64F/TOOLCHAIN_ARM_STD/mbed.ar(FileBase.o)(.data)
    mbed::FileBase::_mutex                   0x20000108   Data           8  mbed/TARGET_K64F/TOOLCHAIN_ARM_STD/mbed.ar(FileBase.o)(.data)
    __aeabi_stdin                            0x20000110   Data           4  C:\Keil_v5\ARM\ARMCC\Bin\..\lib\armlib\c_w.l(stdio_streams.o)(.data)
    __aeabi_stdout                           0x20000114   Data           4  C:\Keil_v5\ARM\ARMCC\Bin\..\lib\armlib\c_w.l(stdio_streams.o)(.data)
    __aeabi_stderr                           0x20000118   Data           4  C:\Keil_v5\ARM\ARMCC\Bin\..\lib\armlib\c_w.l(stdio_streams.o)(.data)
    stdio_uart                               0x200002cc   Data         188  mbed/TARGET_K64F/TOOLCHAIN_ARM_STD/serial_api.o(.bss)
    current_position                         0x20000388   Data          12  .\build\main.o(.bss)
    myservo                                  0x20000394   Data          16  .\build\main.o(.bss)
    __stdin                                  0x20000454   Data          84  C:\Keil_v5\ARM\ARMCC\Bin\..\lib\armlib\c_w.l(stdio_streams.o)(.bss)
    __stdout                                 0x200004a8   Data          84  C:\Keil_v5\ARM\ARMCC\Bin\..\lib\armlib\c_w.l(stdio_streams.o)(.bss)
    __stderr                                 0x200004fc   Data          84  C:\Keil_v5\ARM\ARMCC\Bin\..\lib\armlib\c_w.l(stdio_streams.o)(.bss)
    Image$$RW_IRAM1$$ZI$$Limit               0x20000568   Number         0  anon$$obj.o ABSOLUTE



==============================================================================

Memory Map of the image

  Image Entry point : 0x00000411

  Load Region LR_IROM1 (Base: 0x00000000, Size: 0x00007fc0, Max: 0x00100000, ABSOLUTE)

    Execution Region VECTOR_ROM (Exec base: 0x00000000, Load base: 0x00000000, Size: 0x00000400, Max: 0x00000400, ABSOLUTE)

    Exec Addr    Load Addr    Size         Type   Attr      Idx    E Section Name        Object

    0x00000000   0x00000000   0x00000400   Data   RO         2127    RESET               mbed/TARGET_K64F/TOOLCHAIN_ARM_STD/startup_MK64F12.o


    Execution Region ER_m_flash_config (Exec base: 0x00000400, Load base: 0x00000400, Size: 0x00000010, Max: 0x00000010, ABSOLUTE, FIXED)

    Exec Addr    Load Addr    Size         Type   Attr      Idx    E Section Name        Object

    0x00000400   0x00000400   0x00000010   Data   RO         2128    FlashConfig         mbed/TARGET_K64F/TOOLCHAIN_ARM_STD/startup_MK64F12.o


    Execution Region ER_IROM1 (Exec base: 0x00000410, Load base: 0x00000410, Size: 0x00007a90, Max: 0x000ffbf0, ABSOLUTE)

    Exec Addr    Load Addr    Size         Type   Attr      Idx    E Section Name        Object

    0x00000410   0x00000410   0x00000008   Code   RO         3540  * !!!main             C:\Keil_v5\ARM\ARMCC\Bin\..\lib\armlib\c_w.l(__main.o)
    0x00000418   0x00000418   0x00000034   Code   RO         4127    !!!scatter          C:\Keil_v5\ARM\ARMCC\Bin\..\lib\armlib\c_w.l(__scatter.o)
    0x0000044c   0x0000044c   0x0000001a   Code   RO         4129    !!handler_copy      C:\Keil_v5\ARM\ARMCC\Bin\..\lib\armlib\c_w.l(__scatter_copy.o)
    0x00000466   0x00000466   0x00000002   PAD
    0x00000468   0x00000468   0x0000001c   Code   RO         4131    !!handler_zi        C:\Keil_v5\ARM\ARMCC\Bin\..\lib\armlib\c_w.l(__scatter_zi.o)
    0x00000484   0x00000484   0x00000000   Code   RO         3791    .ARM.Collect$$_printf_percent$$00000000  C:\Keil_v5\ARM\ARMCC\Bin\..\lib\armlib\c_w.l(_printf_percent.o)
    0x00000484   0x00000484   0x00000006   Code   RO         3780    .ARM.Collect$$_printf_percent$$00000001  C:\Keil_v5\ARM\ARMCC\Bin\..\lib\armlib\c_w.l(_printf_n.o)
    0x0000048a   0x0000048a   0x00000006   Code   RO         3782    .ARM.Collect$$_printf_percent$$00000002  C:\Keil_v5\ARM\ARMCC\Bin\..\lib\armlib\c_w.l(_printf_p.o)
    0x00000490   0x00000490   0x00000006   Code   RO         3787    .ARM.Collect$$_printf_percent$$00000003  C:\Keil_v5\ARM\ARMCC\Bin\..\lib\armlib\c_w.l(_printf_f.o)
    0x00000496   0x00000496   0x00000006   Code   RO         3788    .ARM.Collect$$_printf_percent$$00000004  C:\Keil_v5\ARM\ARMCC\Bin\..\lib\armlib\c_w.l(_printf_e.o)
    0x0000049c   0x0000049c   0x00000006   Code   RO         3789    .ARM.Collect$$_printf_percent$$00000005  C:\Keil_v5\ARM\ARMCC\Bin\..\lib\armlib\c_w.l(_printf_g.o)
    0x000004a2   0x000004a2   0x00000006   Code   RO         3790    .ARM.Collect$$_printf_percent$$00000006  C:\Keil_v5\ARM\ARMCC\Bin\..\lib\armlib\c_w.l(_printf_a.o)
    0x000004a8   0x000004a8   0x0000000a   Code   RO         3795    .ARM.Collect$$_printf_percent$$00000007  C:\Keil_v5\ARM\ARMCC\Bin\..\lib\armlib\c_w.l(_printf_ll.o)
    0x000004b2   0x000004b2   0x00000006   Code   RO         3784    .ARM.Collect$$_printf_percent$$00000008  C:\Keil_v5\ARM\ARMCC\Bin\..\lib\armlib\c_w.l(_printf_i.o)
    0x000004b8   0x000004b8   0x00000006   Code   RO         3785    .ARM.Collect$$_printf_percent$$00000009  C:\Keil_v5\ARM\ARMCC\Bin\..\lib\armlib\c_w.l(_printf_d.o)
    0x000004be   0x000004be   0x00000006   Code   RO         3786    .ARM.Collect$$_printf_percent$$0000000A  C:\Keil_v5\ARM\ARMCC\Bin\..\lib\armlib\c_w.l(_printf_u.o)
    0x000004c4   0x000004c4   0x00000006   Code   RO         3783    .ARM.Collect$$_printf_percent$$0000000B  C:\Keil_v5\ARM\ARMCC\Bin\..\lib\armlib\c_w.l(_printf_o.o)
    0x000004ca   0x000004ca   0x00000006   Code   RO         3781    .ARM.Collect$$_printf_percent$$0000000C  C:\Keil_v5\ARM\ARMCC\Bin\..\lib\armlib\c_w.l(_printf_x.o)
    0x000004d0   0x000004d0   0x00000006   Code   RO         3792    .ARM.Collect$$_printf_percent$$0000000D  C:\Keil_v5\ARM\ARMCC\Bin\..\lib\armlib\c_w.l(_printf_lli.o)
    0x000004d6   0x000004d6   0x00000006   Code   RO         3793    .ARM.Collect$$_printf_percent$$0000000E  C:\Keil_v5\ARM\ARMCC\Bin\..\lib\armlib\c_w.l(_printf_lld.o)
    0x000004dc   0x000004dc   0x00000006   Code   RO         3794    .ARM.Collect$$_printf_percent$$0000000F  C:\Keil_v5\ARM\ARMCC\Bin\..\lib\armlib\c_w.l(_printf_llu.o)
    0x000004e2   0x000004e2   0x00000006   Code   RO         3799    .ARM.Collect$$_printf_percent$$00000010  C:\Keil_v5\ARM\ARMCC\Bin\..\lib\armlib\c_w.l(_printf_llo.o)
    0x000004e8   0x000004e8   0x00000006   Code   RO         3800    .ARM.Collect$$_printf_percent$$00000011  C:\Keil_v5\ARM\ARMCC\Bin\..\lib\armlib\c_w.l(_printf_llx.o)
    0x000004ee   0x000004ee   0x0000000a   Code   RO         3796    .ARM.Collect$$_printf_percent$$00000012  C:\Keil_v5\ARM\ARMCC\Bin\..\lib\armlib\c_w.l(_printf_l.o)
    0x000004f8   0x000004f8   0x00000006   Code   RO         3778    .ARM.Collect$$_printf_percent$$00000013  C:\Keil_v5\ARM\ARMCC\Bin\..\lib\armlib\c_w.l(_printf_c.o)
    0x000004fe   0x000004fe   0x00000006   Code   RO         3779    .ARM.Collect$$_printf_percent$$00000014  C:\Keil_v5\ARM\ARMCC\Bin\..\lib\armlib\c_w.l(_printf_s.o)
    0x00000504   0x00000504   0x00000006   Code   RO         3797    .ARM.Collect$$_printf_percent$$00000015  C:\Keil_v5\ARM\ARMCC\Bin\..\lib\armlib\c_w.l(_printf_lc.o)
    0x0000050a   0x0000050a   0x00000006   Code   RO         3798    .ARM.Collect$$_printf_percent$$00000016  C:\Keil_v5\ARM\ARMCC\Bin\..\lib\armlib\c_w.l(_printf_ls.o)
    0x00000510   0x00000510   0x00000004   Code   RO         3957    .ARM.Collect$$_printf_percent$$00000017  C:\Keil_v5\ARM\ARMCC\Bin\..\lib\armlib\c_w.l(_printf_percent_end.o)
    0x00000514   0x00000514   0x00000002   Code   RO         4098    .ARM.Collect$$libinit$$00000000  C:\Keil_v5\ARM\ARMCC\Bin\..\lib\armlib\c_w.l(libinit.o)
    0x00000516   0x00000516   0x00000004   Code   RO         3832    .ARM.Collect$$libinit$$00000001  C:\Keil_v5\ARM\ARMCC\Bin\..\lib\armlib\c_w.l(libinit2.o)
    0x0000051a   0x0000051a   0x00000000   Code   RO         3835    .ARM.Collect$$libinit$$00000004  C:\Keil_v5\ARM\ARMCC\Bin\..\lib\armlib\c_w.l(libinit2.o)
    0x0000051a   0x0000051a   0x00000008   Code   RO         3836    .ARM.Collect$$libinit$$00000005  C:\Keil_v5\ARM\ARMCC\Bin\..\lib\armlib\c_w.l(libinit2.o)
    0x00000522   0x00000522   0x00000000   Code   RO         3838    .ARM.Collect$$libinit$$0000000A  C:\Keil_v5\ARM\ARMCC\Bin\..\lib\armlib\c_w.l(libinit2.o)
    0x00000522   0x00000522   0x00000000   Code   RO         3840    .ARM.Collect$$libinit$$0000000C  C:\Keil_v5\ARM\ARMCC\Bin\..\lib\armlib\c_w.l(libinit2.o)
    0x00000522   0x00000522   0x00000000   Code   RO         3842    .ARM.Collect$$libinit$$0000000E  C:\Keil_v5\ARM\ARMCC\Bin\..\lib\armlib\c_w.l(libinit2.o)
    0x00000522   0x00000522   0x00000006   Code   RO         3843    .ARM.Collect$$libinit$$0000000F  C:\Keil_v5\ARM\ARMCC\Bin\..\lib\armlib\c_w.l(libinit2.o)
    0x00000528   0x00000528   0x00000000   Code   RO         3845    .ARM.Collect$$libinit$$00000011  C:\Keil_v5\ARM\ARMCC\Bin\..\lib\armlib\c_w.l(libinit2.o)
    0x00000528   0x00000528   0x0000000c   Code   RO         3846    .ARM.Collect$$libinit$$00000012  C:\Keil_v5\ARM\ARMCC\Bin\..\lib\armlib\c_w.l(libinit2.o)
    0x00000534   0x00000534   0x00000000   Code   RO         3847    .ARM.Collect$$libinit$$00000013  C:\Keil_v5\ARM\ARMCC\Bin\..\lib\armlib\c_w.l(libinit2.o)
    0x00000534   0x00000534   0x00000000   Code   RO         3849    .ARM.Collect$$libinit$$00000015  C:\Keil_v5\ARM\ARMCC\Bin\..\lib\armlib\c_w.l(libinit2.o)
    0x00000534   0x00000534   0x0000000a   Code   RO         3850    .ARM.Collect$$libinit$$00000016  C:\Keil_v5\ARM\ARMCC\Bin\..\lib\armlib\c_w.l(libinit2.o)
    0x0000053e   0x0000053e   0x00000000   Code   RO         3851    .ARM.Collect$$libinit$$00000017  C:\Keil_v5\ARM\ARMCC\Bin\..\lib\armlib\c_w.l(libinit2.o)
    0x0000053e   0x0000053e   0x00000000   Code   RO         3853    .ARM.Collect$$libinit$$00000019  C:\Keil_v5\ARM\ARMCC\Bin\..\lib\armlib\c_w.l(libinit2.o)
    0x0000053e   0x0000053e   0x00000000   Code   RO         3855    .ARM.Collect$$libinit$$0000001B  C:\Keil_v5\ARM\ARMCC\Bin\..\lib\armlib\c_w.l(libinit2.o)
    0x0000053e   0x0000053e   0x00000000   Code   RO         3857    .ARM.Collect$$libinit$$0000001D  C:\Keil_v5\ARM\ARMCC\Bin\..\lib\armlib\c_w.l(libinit2.o)
    0x0000053e   0x0000053e   0x00000000   Code   RO         3859    .ARM.Collect$$libinit$$0000001F  C:\Keil_v5\ARM\ARMCC\Bin\..\lib\armlib\c_w.l(libinit2.o)
    0x0000053e   0x0000053e   0x00000000   Code   RO         3861    .ARM.Collect$$libinit$$00000021  C:\Keil_v5\ARM\ARMCC\Bin\..\lib\armlib\c_w.l(libinit2.o)
    0x0000053e   0x0000053e   0x00000000   Code   RO         3863    .ARM.Collect$$libinit$$00000023  C:\Keil_v5\ARM\ARMCC\Bin\..\lib\armlib\c_w.l(libinit2.o)
    0x0000053e   0x0000053e   0x00000004   Code   RO         3864    .ARM.Collect$$libinit$$00000024  C:\Keil_v5\ARM\ARMCC\Bin\..\lib\armlib\c_w.l(libinit2.o)
    0x00000542   0x00000542   0x00000000   Code   RO         3865    .ARM.Collect$$libinit$$00000025  C:\Keil_v5\ARM\ARMCC\Bin\..\lib\armlib\c_w.l(libinit2.o)
    0x00000542   0x00000542   0x00000000   Code   RO         3869    .ARM.Collect$$libinit$$0000002C  C:\Keil_v5\ARM\ARMCC\Bin\..\lib\armlib\c_w.l(libinit2.o)
    0x00000542   0x00000542   0x00000000   Code   RO         3871    .ARM.Collect$$libinit$$0000002E  C:\Keil_v5\ARM\ARMCC\Bin\..\lib\armlib\c_w.l(libinit2.o)
    0x00000542   0x00000542   0x00000000   Code   RO         3873    .ARM.Collect$$libinit$$00000030  C:\Keil_v5\ARM\ARMCC\Bin\..\lib\armlib\c_w.l(libinit2.o)
    0x00000542   0x00000542   0x00000004   Code   RO         3874    .ARM.Collect$$libinit$$00000031  C:\Keil_v5\ARM\ARMCC\Bin\..\lib\armlib\c_w.l(libinit2.o)
    0x00000546   0x00000546   0x00000000   Code   RO         3875    .ARM.Collect$$libinit$$00000032  C:\Keil_v5\ARM\ARMCC\Bin\..\lib\armlib\c_w.l(libinit2.o)
    0x00000546   0x00000546   0x00000002   Code   RO         3876    .ARM.Collect$$libinit$$00000033  C:\Keil_v5\ARM\ARMCC\Bin\..\lib\armlib\c_w.l(libinit2.o)
    0x00000548   0x00000548   0x00000000   Code   RO         4002    .ARM.Collect$$libshutdown$$00000004  C:\Keil_v5\ARM\ARMCC\Bin\..\lib\armlib\c_w.l(libshutdown2.o)
    0x00000548   0x00000548   0x00000000   Code   RO         3678    .ARM.Collect$$rtentry$$00000000  C:\Keil_v5\ARM\ARMCC\Bin\..\lib\armlib\c_w.l(__rtentry.o)
    0x00000548   0x00000548   0x00000000   Code   RO         3916    .ARM.Collect$$rtentry$$00000002  C:\Keil_v5\ARM\ARMCC\Bin\..\lib\armlib\c_w.l(__rtentry2.o)
    0x00000548   0x00000548   0x00000006   Code   RO         3928    .ARM.Collect$$rtentry$$00000004  C:\Keil_v5\ARM\ARMCC\Bin\..\lib\armlib\c_w.l(__rtentry4.o)
    0x0000054e   0x0000054e   0x00000008   Code   RO         3917    .ARM.Collect$$rtentry$$00000008  C:\Keil_v5\ARM\ARMCC\Bin\..\lib\armlib\c_w.l(__rtentry2.o)
    0x00000556   0x00000556   0x00000004   Code   RO         3919    .ARM.Collect$$rtentry$$0000000A  C:\Keil_v5\ARM\ARMCC\Bin\..\lib\armlib\c_w.l(__rtentry2.o)
    0x0000055a   0x0000055a   0x00000000   Code   RO         3921    .ARM.Collect$$rtentry$$0000000C  C:\Keil_v5\ARM\ARMCC\Bin\..\lib\armlib\c_w.l(__rtentry2.o)
    0x0000055a   0x0000055a   0x00000008   Code   RO         3922    .ARM.Collect$$rtentry$$0000000D  C:\Keil_v5\ARM\ARMCC\Bin\..\lib\armlib\c_w.l(__rtentry2.o)
    0x00000562   0x00000562   0x00000002   PAD
    0x00000564   0x00000564   0x00000000   Code   RO         3936    .emb_text           C:\Keil_v5\ARM\ARMCC\Bin\..\lib\armlib\c_w.l(maybetermalloc1.o)
    0x00000564   0x00000564   0x000001c0   Code   RO         2129    .text               mbed/TARGET_K64F/TOOLCHAIN_ARM_STD/startup_MK64F12.o
    0x00000724   0x00000724   0x00000008   Code   RO         3425    .text               C:\Keil_v5\ARM\ARMCC\Bin\..\lib\armlib\c_w.l(rt_errno_addr.o)
    0x0000072c   0x0000072c   0x0000005e   Code   RO         3434    .text               C:\Keil_v5\ARM\ARMCC\Bin\..\lib\armlib\c_w.l(h1_alloc.o)
    0x0000078a   0x0000078a   0x0000004e   Code   RO         3436    .text               C:\Keil_v5\ARM\ARMCC\Bin\..\lib\armlib\c_w.l(h1_free.o)
    0x000007d8   0x000007d8   0x000000ee   Code   RO         3492    .text               C:\Keil_v5\ARM\ARMCC\Bin\..\lib\armlib\c_w.l(lludivv7m.o)
    0x000008c6   0x000008c6   0x00000026   Code   RO         3494    .text               C:\Keil_v5\ARM\ARMCC\Bin\..\lib\armlib\c_w.l(llshl.o)
    0x000008ec   0x000008ec   0x00000026   Code   RO         3496    .text               C:\Keil_v5\ARM\ARMCC\Bin\..\lib\armlib\c_w.l(llushr.o)
    0x00000912   0x00000912   0x00000002   PAD
    0x00000914   0x00000914   0x00000034   Code   RO         3498    .text               C:\Keil_v5\ARM\ARMCC\Bin\..\lib\armlib\c_w.l(vsnprintf.o)
    0x00000948   0x00000948   0x00000064   Code   RO         3500    .text               C:\Keil_v5\ARM\ARMCC\Bin\..\lib\armlib\c_w.l(fflush.o)
    0x000009ac   0x000009ac   0x000000ec   Code   RO         3508    .text               C:\Keil_v5\ARM\ARMCC\Bin\..\lib\armlib\c_w.l(fopen.o)
    0x00000a98   0x00000a98   0x00000080   Code   RO         3524    .text               C:\Keil_v5\ARM\ARMCC\Bin\..\lib\armlib\c_w.l(assert.o)
    0x00000b18   0x00000b18   0x0000001c   Code   RO         3526    .text               C:\Keil_v5\ARM\ARMCC\Bin\..\lib\armlib\c_w.l(strspn.o)
    0x00000b34   0x00000b34   0x00000058   Code   RO         3528    .text               C:\Keil_v5\ARM\ARMCC\Bin\..\lib\armlib\c_w.l(memcmp.o)
    0x00000b8c   0x00000b8c   0x0000003e   Code   RO         3530    .text               C:\Keil_v5\ARM\ARMCC\Bin\..\lib\armlib\c_w.l(strlen.o)
    0x00000bca   0x00000bca   0x00000064   Code   RO         3534    .text               C:\Keil_v5\ARM\ARMCC\Bin\..\lib\armlib\c_w.l(rt_memcpy_w.o)
    0x00000c2e   0x00000c2e   0x0000004e   Code   RO         3536    .text               C:\Keil_v5\ARM\ARMCC\Bin\..\lib\armlib\c_w.l(rt_memclr_w.o)
    0x00000c7c   0x00000c7c   0x00000080   Code   RO         3538    .text               C:\Keil_v5\ARM\ARMCC\Bin\..\lib\armlib\c_w.l(strcmpv7m.o)
    0x00000cfc   0x00000cfc   0x00000024   Code   RO         3545    .text               C:\Keil_v5\ARM\ARMCC\Bin\..\lib\armlib\c_w.l(init_aeabi.o)
    0x00000d20   0x00000d20   0x00000008   Code   RO         3683    .text               C:\Keil_v5\ARM\ARMCC\Bin\..\lib\armlib\c_w.l(rt_heap_descriptor.o)
    0x00000d28   0x00000d28   0x00000004   Code   RO         3688    .text               C:\Keil_v5\ARM\ARMCC\Bin\..\lib\armlib\c_w.l(hguard.o)
    0x00000d2c   0x00000d2c   0x0000008a   Code   RO         3690    .text               C:\Keil_v5\ARM\ARMCC\Bin\..\lib\armlib\c_w.l(init_alloc.o)
    0x00000db6   0x00000db6   0x0000000e   Code   RO         3694    .text               C:\Keil_v5\ARM\ARMCC\Bin\..\lib\armlib\c_w.l(h1_init.o)
    0x00000dc4   0x00000dc4   0x0000004e   Code   RO         3710    .text               C:\Keil_v5\ARM\ARMCC\Bin\..\lib\armlib\c_w.l(_printf_pad.o)
    0x00000e12   0x00000e12   0x00000024   Code   RO         3712    .text               C:\Keil_v5\ARM\ARMCC\Bin\..\lib\armlib\c_w.l(_printf_truncate.o)
    0x00000e36   0x00000e36   0x00000052   Code   RO         3714    .text               C:\Keil_v5\ARM\ARMCC\Bin\..\lib\armlib\c_w.l(_printf_str.o)
    0x00000e88   0x00000e88   0x00000078   Code   RO         3716    .text               C:\Keil_v5\ARM\ARMCC\Bin\..\lib\armlib\c_w.l(_printf_dec.o)
    0x00000f00   0x00000f00   0x00000028   Code   RO         3718    .text               C:\Keil_v5\ARM\ARMCC\Bin\..\lib\armlib\c_w.l(_printf_charcount.o)
    0x00000f28   0x00000f28   0x00000030   Code   RO         3720    .text               C:\Keil_v5\ARM\ARMCC\Bin\..\lib\armlib\c_w.l(_printf_char_common.o)
    0x00000f58   0x00000f58   0x0000000a   Code   RO         3722    .text               C:\Keil_v5\ARM\ARMCC\Bin\..\lib\armlib\c_w.l(_sputc.o)
    0x00000f62   0x00000f62   0x00000010   Code   RO         3724    .text               C:\Keil_v5\ARM\ARMCC\Bin\..\lib\armlib\c_w.l(_snputc.o)
    0x00000f72   0x00000f72   0x00000002   PAD
    0x00000f74   0x00000f74   0x000000bc   Code   RO         3726    .text               C:\Keil_v5\ARM\ARMCC\Bin\..\lib\armlib\c_w.l(_printf_wctomb.o)
    0x00001030   0x00001030   0x0000007c   Code   RO         3729    .text               C:\Keil_v5\ARM\ARMCC\Bin\..\lib\armlib\c_w.l(_printf_longlong_dec.o)
    0x000010ac   0x000010ac   0x00000070   Code   RO         3735    .text               C:\Keil_v5\ARM\ARMCC\Bin\..\lib\armlib\c_w.l(_printf_oct_int_ll.o)
    0x0000111c   0x0000111c   0x00000094   Code   RO         3755    .text               C:\Keil_v5\ARM\ARMCC\Bin\..\lib\armlib\c_w.l(_printf_hex_int_ll_ptr.o)
    0x000011b0   0x000011b0   0x00000188   Code   RO         3775    .text               C:\Keil_v5\ARM\ARMCC\Bin\..\lib\armlib\c_w.l(__printf_flags_ss_wp.o)
    0x00001338   0x00001338   0x000000f8   Code   RO         3805    .text               C:\Keil_v5\ARM\ARMCC\Bin\..\lib\armlib\c_w.l(fseek.o)
    0x00001430   0x00001430   0x00000046   Code   RO         3807    .text               C:\Keil_v5\ARM\ARMCC\Bin\..\lib\armlib\c_w.l(setvbuf.o)
    0x00001476   0x00001476   0x00000002   PAD
    0x00001478   0x00001478   0x000000f0   Code   RO         3809    .text               C:\Keil_v5\ARM\ARMCC\Bin\..\lib\armlib\c_w.l(stdio.o)
    0x00001568   0x00001568   0x00000138   Code   RO         3812    .text               C:\Keil_v5\ARM\ARMCC\Bin\..\lib\armlib\c_w.l(initio.o)
    0x000016a0   0x000016a0   0x0000004c   Code   RO         3814    .text               C:\Keil_v5\ARM\ARMCC\Bin\..\lib\armlib\c_w.l(fclose.o)
    0x000016ec   0x000016ec   0x00000016   Code   RO         3822    .text               C:\Keil_v5\ARM\ARMCC\Bin\..\lib\armlib\c_w.l(abort.o)
    0x00001702   0x00001702   0x00000014   Code   RO         3828    .text               C:\Keil_v5\ARM\ARMCC\Bin\..\lib\armlib\c_w.l(assert_puts.o)
    0x00001716   0x00001716   0x0000000e   Code   RO         3911    .text               C:\Keil_v5\ARM\ARMCC\Bin\..\lib\armlib\c_w.l(sys_wrch.o)
    0x00001724   0x00001724   0x0000000c   Code   RO         3913    .text               C:\Keil_v5\ARM\ARMCC\Bin\..\lib\armlib\c_w.l(sys_exit.o)
    0x00001730   0x00001730   0x00000034   Code   RO         3938    .text               C:\Keil_v5\ARM\ARMCC\Bin\..\lib\armlib\c_w.l(h1_extend.o)
    0x00001764   0x00001764   0x0000008a   Code   RO         3942    .text               C:\Keil_v5\ARM\ARMCC\Bin\..\lib\armlib\c_w.l(lludiv10.o)
    0x000017ee   0x000017ee   0x000000b2   Code   RO         3944    .text               C:\Keil_v5\ARM\ARMCC\Bin\..\lib\armlib\c_w.l(_printf_intcommon.o)
    0x000018a0   0x000018a0   0x0000041e   Code   RO         3946    .text               C:\Keil_v5\ARM\ARMCC\Bin\..\lib\armlib\c_w.l(_printf_fp_dec.o)
    0x00001cbe   0x00001cbe   0x00000002   PAD
    0x00001cc0   0x00001cc0   0x000002fc   Code   RO         3948    .text               C:\Keil_v5\ARM\ARMCC\Bin\..\lib\armlib\c_w.l(_printf_fp_hex.o)
    0x00001fbc   0x00001fbc   0x0000002c   Code   RO         3953    .text               C:\Keil_v5\ARM\ARMCC\Bin\..\lib\armlib\c_w.l(_printf_char.o)
    0x00001fe8   0x00001fe8   0x0000002c   Code   RO         3955    .text               C:\Keil_v5\ARM\ARMCC\Bin\..\lib\armlib\c_w.l(_printf_wchar.o)
    0x00002014   0x00002014   0x00000042   Code   RO         3958    .text               C:\Keil_v5\ARM\ARMCC\Bin\..\lib\armlib\c_w.l(ftell.o)
    0x00002056   0x00002056   0x00000040   Code   RO         3974    .text               C:\Keil_v5\ARM\ARMCC\Bin\..\lib\armlib\c_w.l(_wcrtomb.o)
    0x00002096   0x00002096   0x0000000a   Code   RO         3976    .text               C:\Keil_v5\ARM\ARMCC\Bin\..\lib\armlib\c_w.l(defsig_exit.o)
    0x000020a0   0x000020a0   0x0000000e   Code   RO         3978    .text               C:\Keil_v5\ARM\ARMCC\Bin\..\lib\armlib\c_w.l(defsig_abrt_outer.o)
    0x000020ae   0x000020ae   0x0000000e   Code   RO         3982    .text               C:\Keil_v5\ARM\ARMCC\Bin\..\lib\armlib\c_w.l(defsig_rtred_outer.o)
    0x000020bc   0x000020bc   0x0000000e   Code   RO         3986    .text               C:\Keil_v5\ARM\ARMCC\Bin\..\lib\armlib\c_w.l(defsig_rtmem_outer.o)
    0x000020ca   0x000020ca   0x00000002   PAD
    0x000020cc   0x000020cc   0x00000050   Code   RO         3992    .text               C:\Keil_v5\ARM\ARMCC\Bin\..\lib\armlib\c_w.l(heapauxa.o)
    0x0000211c   0x0000211c   0x00000002   Code   RO         4030    .text               C:\Keil_v5\ARM\ARMCC\Bin\..\lib\armlib\c_w.l(use_no_semi.o)
    0x0000211e   0x0000211e   0x00000000   Code   RO         4032    .text               C:\Keil_v5\ARM\ARMCC\Bin\..\lib\armlib\c_w.l(indicate_semi.o)
    0x0000211e   0x0000211e   0x00000002   PAD
    0x00002120   0x00002120   0x00000010   Code   RO         4033    .text               C:\Keil_v5\ARM\ARMCC\Bin\..\lib\armlib\c_w.l(rt_ctype_table.o)
    0x00002130   0x00002130   0x00000008   Code   RO         4035    .text               C:\Keil_v5\ARM\ARMCC\Bin\..\lib\armlib\c_w.l(rt_locale.o)
    0x00002138   0x00002138   0x00000080   Code   RO         4047    .text               C:\Keil_v5\ARM\ARMCC\Bin\..\lib\armlib\c_w.l(_printf_fp_infnan.o)
    0x000021b8   0x000021b8   0x000000e4   Code   RO         4049    .text               C:\Keil_v5\ARM\ARMCC\Bin\..\lib\armlib\c_w.l(bigflt0.o)
    0x0000229c   0x0000229c   0x00000032   Code   RO         4079    .text               C:\Keil_v5\ARM\ARMCC\Bin\..\lib\armlib\c_w.l(defsig_general.o)
    0x000022ce   0x000022ce   0x00000002   PAD
    0x000022d0   0x000022d0   0x00000030   Code   RO         4081    .text               C:\Keil_v5\ARM\ARMCC\Bin\..\lib\armlib\c_w.l(defsig_abrt_inner.o)
    0x00002300   0x00002300   0x00000034   Code   RO         4087    .text               C:\Keil_v5\ARM\ARMCC\Bin\..\lib\armlib\c_w.l(defsig_rtred_inner.o)
    0x00002334   0x00002334   0x00000050   Code   RO         4089    .text               C:\Keil_v5\ARM\ARMCC\Bin\..\lib\armlib\c_w.l(defsig_rtmem_inner.o)
    0x00002384   0x00002384   0x0000003e   Code   RO         4052    CL$$btod_d2e        C:\Keil_v5\ARM\ARMCC\Bin\..\lib\armlib\c_w.l(btod.o)
    0x000023c2   0x000023c2   0x00000046   Code   RO         4054    CL$$btod_d2e_denorm_low  C:\Keil_v5\ARM\ARMCC\Bin\..\lib\armlib\c_w.l(btod.o)
    0x00002408   0x00002408   0x00000060   Code   RO         4053    CL$$btod_d2e_norm_op1  C:\Keil_v5\ARM\ARMCC\Bin\..\lib\armlib\c_w.l(btod.o)
    0x00002468   0x00002468   0x00000338   Code   RO         4062    CL$$btod_div_common  C:\Keil_v5\ARM\ARMCC\Bin\..\lib\armlib\c_w.l(btod.o)
    0x000027a0   0x000027a0   0x000000dc   Code   RO         4059    CL$$btod_e2e        C:\Keil_v5\ARM\ARMCC\Bin\..\lib\armlib\c_w.l(btod.o)
    0x0000287c   0x0000287c   0x0000002a   Code   RO         4056    CL$$btod_ediv       C:\Keil_v5\ARM\ARMCC\Bin\..\lib\armlib\c_w.l(btod.o)
    0x000028a6   0x000028a6   0x0000002a   Code   RO         4055    CL$$btod_emul       C:\Keil_v5\ARM\ARMCC\Bin\..\lib\armlib\c_w.l(btod.o)
    0x000028d0   0x000028d0   0x00000244   Code   RO         4061    CL$$btod_mult_common  C:\Keil_v5\ARM\ARMCC\Bin\..\lib\armlib\c_w.l(btod.o)
    0x00002b14   0x00002b14   0x0000000e   Code   RO         1894    i.$Sub$$main        mbed/TARGET_K64F/TOOLCHAIN_ARM_STD/mbed_sdk_boot.o
    0x00002b22   0x00002b22   0x00000002   PAD
    0x00002b24   0x00002b24   0x00000058   Code   RO          214    i.BOARD_BootClockRUN  mbed/TARGET_K64F/TOOLCHAIN_ARM_STD/fsl_clock_config.o
    0x00002b7c   0x00002b7c   0x00000040   Code   RO          718    i.CAN0_DriverIRQHandler  mbed/TARGET_K64F/TOOLCHAIN_ARM_STD/fsl_flexcan.o
    0x00002bbc   0x00002bbc   0x00000048   Code   RO          115    i.CLOCK_BootToPeeMode  mbed/TARGET_K64F/TOOLCHAIN_ARM_STD/fsl_clock.o
    0x00002c04   0x00002c04   0x0000004c   Code   RO          119    i.CLOCK_EnablePll0  mbed/TARGET_K64F/TOOLCHAIN_ARM_STD/fsl_clock.o
    0x00002c50   0x00002c50   0x0000007c   Code   RO          125    i.CLOCK_GetEr32kClkFreq  mbed/TARGET_K64F/TOOLCHAIN_ARM_STD/fsl_clock.o
    0x00002ccc   0x00002ccc   0x000000b0   Code   RO          130    i.CLOCK_GetFllRefClkFreq  mbed/TARGET_K64F/TOOLCHAIN_ARM_STD/fsl_clock.o
    0x00002d7c   0x00002d7c   0x000001b8   Code   RO          131    i.CLOCK_GetFreq     mbed/TARGET_K64F/TOOLCHAIN_ARM_STD/fsl_clock.o
    0x00002f34   0x00002f34   0x0000003c   Code   RO          134    i.CLOCK_GetOsc0ErClkFreq  mbed/TARGET_K64F/TOOLCHAIN_ARM_STD/fsl_clock.o
    0x00002f70   0x00002f70   0x000000c4   Code   RO          135    i.CLOCK_GetOutClkFreq  mbed/TARGET_K64F/TOOLCHAIN_ARM_STD/fsl_clock.o
    0x00003034   0x00003034   0x00000088   Code   RO          137    i.CLOCK_GetPll0Freq  mbed/TARGET_K64F/TOOLCHAIN_ARM_STD/fsl_clock.o
    0x000030bc   0x000030bc   0x0000007c   Code   RO          140    i.CLOCK_InitOsc0    mbed/TARGET_K64F/TOOLCHAIN_ARM_STD/fsl_clock.o
    0x00003138   0x00003138   0x00000044   Code   RO          144    i.CLOCK_SetExternalRefClkConfig  mbed/TARGET_K64F/TOOLCHAIN_ARM_STD/fsl_clock.o
    0x0000317c   0x0000317c   0x00000090   Code   RO          149    i.CLOCK_SetInternalRefClkConfig  mbed/TARGET_K64F/TOOLCHAIN_ARM_STD/fsl_clock.o
    0x0000320c   0x0000320c   0x00000098   Code   RO          152    i.CLOCK_SetPbeMode  mbed/TARGET_K64F/TOOLCHAIN_ARM_STD/fsl_clock.o
    0x000032a4   0x000032a4   0x00000028   Code   RO          156    i.CLOCK_SetSimConfig  mbed/TARGET_K64F/TOOLCHAIN_ARM_STD/fsl_clock.o
    0x000032cc   0x000032cc   0x0000000c   Code   RO          454    i.DMA0_DriverIRQHandler  mbed/TARGET_K64F/TOOLCHAIN_ARM_STD/fsl_edma.o
    0x000032d8   0x000032d8   0x0000000c   Code   RO          455    i.DMA10_DriverIRQHandler  mbed/TARGET_K64F/TOOLCHAIN_ARM_STD/fsl_edma.o
    0x000032e4   0x000032e4   0x0000000c   Code   RO          456    i.DMA11_DriverIRQHandler  mbed/TARGET_K64F/TOOLCHAIN_ARM_STD/fsl_edma.o
    0x000032f0   0x000032f0   0x0000000c   Code   RO          457    i.DMA12_DriverIRQHandler  mbed/TARGET_K64F/TOOLCHAIN_ARM_STD/fsl_edma.o
    0x000032fc   0x000032fc   0x0000000c   Code   RO          458    i.DMA13_DriverIRQHandler  mbed/TARGET_K64F/TOOLCHAIN_ARM_STD/fsl_edma.o
    0x00003308   0x00003308   0x0000000c   Code   RO          459    i.DMA14_DriverIRQHandler  mbed/TARGET_K64F/TOOLCHAIN_ARM_STD/fsl_edma.o
    0x00003314   0x00003314   0x0000000c   Code   RO          460    i.DMA15_DriverIRQHandler  mbed/TARGET_K64F/TOOLCHAIN_ARM_STD/fsl_edma.o
    0x00003320   0x00003320   0x0000000c   Code   RO          461    i.DMA1_DriverIRQHandler  mbed/TARGET_K64F/TOOLCHAIN_ARM_STD/fsl_edma.o
    0x0000332c   0x0000332c   0x0000000c   Code   RO          462    i.DMA2_DriverIRQHandler  mbed/TARGET_K64F/TOOLCHAIN_ARM_STD/fsl_edma.o
    0x00003338   0x00003338   0x0000000c   Code   RO          463    i.DMA3_DriverIRQHandler  mbed/TARGET_K64F/TOOLCHAIN_ARM_STD/fsl_edma.o
    0x00003344   0x00003344   0x0000000c   Code   RO          464    i.DMA4_DriverIRQHandler  mbed/TARGET_K64F/TOOLCHAIN_ARM_STD/fsl_edma.o
    0x00003350   0x00003350   0x0000000c   Code   RO          465    i.DMA5_DriverIRQHandler  mbed/TARGET_K64F/TOOLCHAIN_ARM_STD/fsl_edma.o
    0x0000335c   0x0000335c   0x0000000c   Code   RO          466    i.DMA6_DriverIRQHandler  mbed/TARGET_K64F/TOOLCHAIN_ARM_STD/fsl_edma.o
    0x00003368   0x00003368   0x0000000c   Code   RO          467    i.DMA7_DriverIRQHandler  mbed/TARGET_K64F/TOOLCHAIN_ARM_STD/fsl_edma.o
    0x00003374   0x00003374   0x0000000c   Code   RO          468    i.DMA8_DriverIRQHandler  mbed/TARGET_K64F/TOOLCHAIN_ARM_STD/fsl_edma.o
    0x00003380   0x00003380   0x0000000c   Code   RO          469    i.DMA9_DriverIRQHandler  mbed/TARGET_K64F/TOOLCHAIN_ARM_STD/fsl_edma.o
    0x0000338c   0x0000338c   0x000000c0   Code   RO          479    i.EDMA_HandleIRQ    mbed/TARGET_K64F/TOOLCHAIN_ARM_STD/fsl_edma.o
    0x0000344c   0x0000344c   0x00000014   Code   RO          566    i.ENET_Error_IRQHandler  mbed/TARGET_K64F/TOOLCHAIN_ARM_STD/fsl_enet.o
    0x00003460   0x00003460   0x00000014   Code   RO          576    i.ENET_Receive_IRQHandler  mbed/TARGET_K64F/TOOLCHAIN_ARM_STD/fsl_enet.o
    0x00003474   0x00003474   0x00000014   Code   RO          585    i.ENET_Transmit_IRQHandler  mbed/TARGET_K64F/TOOLCHAIN_ARM_STD/fsl_enet.o
    0x00003488   0x00003488   0x0000003c   Code   RO          783    i.FTM_GetDefaultConfig  mbed/TARGET_K64F/TOOLCHAIN_ARM_STD/fsl_ftm.o
    0x000034c4   0x000034c4   0x000002d4   Code   RO          786    i.FTM_Init          mbed/TARGET_K64F/TOOLCHAIN_ARM_STD/fsl_ftm.o
    0x00003798   0x00003798   0x00000228   Code   RO          791    i.FTM_SetupPwm      mbed/TARGET_K64F/TOOLCHAIN_ARM_STD/fsl_ftm.o
    0x000039c0   0x000039c0   0x00000030   Code   RO          833    i.I2C0_DriverIRQHandler  mbed/TARGET_K64F/TOOLCHAIN_ARM_STD/fsl_i2c.o
    0x000039f0   0x000039f0   0x00000030   Code   RO          834    i.I2C1_DriverIRQHandler  mbed/TARGET_K64F/TOOLCHAIN_ARM_STD/fsl_i2c.o
    0x00003a20   0x00003a20   0x00000030   Code   RO          835    i.I2C2_DriverIRQHandler  mbed/TARGET_K64F/TOOLCHAIN_ARM_STD/fsl_i2c.o
    0x00003a50   0x00003a50   0x00000044   Code   RO         1071    i.I2S0_Rx_DriverIRQHandler  mbed/TARGET_K64F/TOOLCHAIN_ARM_STD/fsl_sai.o
    0x00003a94   0x00003a94   0x00000044   Code   RO         1072    i.I2S0_Tx_DriverIRQHandler  mbed/TARGET_K64F/TOOLCHAIN_ARM_STD/fsl_sai.o
    0x00003ad8   0x00003ad8   0x0000000c   Code   RO         1558    i.NMI_Handler       mbed/TARGET_K64F/TOOLCHAIN_ARM_STD/mbed_overrides.o
    0x00003ae4   0x00003ae4   0x00000098   Code   RO          997    i.PIT_Init          mbed/TARGET_K64F/TOOLCHAIN_ARM_STD/fsl_pit.o
    0x00003b7c   0x00003b7c   0x00000094   Code   RO         1052    i.RTC_Init          mbed/TARGET_K64F/TOOLCHAIN_ARM_STD/fsl_rtc.o
    0x00003c10   0x00003c10   0x0000003c   Code   RO         1169    i.SDHC_DriverIRQHandler  mbed/TARGET_K64F/TOOLCHAIN_ARM_STD/fsl_sdhc.o
    0x00003c4c   0x00003c4c   0x00000050   Code   RO          373    i.SPI0_DriverIRQHandler  mbed/TARGET_K64F/TOOLCHAIN_ARM_STD/fsl_dspi.o
    0x00003c9c   0x00003c9c   0x00000050   Code   RO          374    i.SPI1_DriverIRQHandler  mbed/TARGET_K64F/TOOLCHAIN_ARM_STD/fsl_dspi.o
    0x00003cec   0x00003cec   0x00000050   Code   RO          375    i.SPI2_DriverIRQHandler  mbed/TARGET_K64F/TOOLCHAIN_ARM_STD/fsl_dspi.o
    0x00003d3c   0x00003d3c   0x00000028   Code   RO         2180    i.SystemInit        mbed/TARGET_K64F/TOOLCHAIN_ARM_STD/system_MK64F12.o
    0x00003d64   0x00003d64   0x00000018   Code   RO         1275    i.UART0_RX_TX_DriverIRQHandler  mbed/TARGET_K64F/TOOLCHAIN_ARM_STD/fsl_uart.o
    0x00003d7c   0x00003d7c   0x00000018   Code   RO         1277    i.UART1_RX_TX_DriverIRQHandler  mbed/TARGET_K64F/TOOLCHAIN_ARM_STD/fsl_uart.o
    0x00003d94   0x00003d94   0x00000018   Code   RO         1279    i.UART2_RX_TX_DriverIRQHandler  mbed/TARGET_K64F/TOOLCHAIN_ARM_STD/fsl_uart.o
    0x00003dac   0x00003dac   0x00000018   Code   RO         1281    i.UART3_RX_TX_DriverIRQHandler  mbed/TARGET_K64F/TOOLCHAIN_ARM_STD/fsl_uart.o
    0x00003dc4   0x00003dc4   0x00000018   Code   RO         1283    i.UART4_RX_TX_DriverIRQHandler  mbed/TARGET_K64F/TOOLCHAIN_ARM_STD/fsl_uart.o
    0x00003ddc   0x00003ddc   0x00000018   Code   RO         1285    i.UART5_RX_TX_DriverIRQHandler  mbed/TARGET_K64F/TOOLCHAIN_ARM_STD/fsl_uart.o
    0x00003df4   0x00003df4   0x0000004a   Code   RO         1286    i.UART_ClearStatusFlags  mbed/TARGET_K64F/TOOLCHAIN_ARM_STD/fsl_uart.o
    0x00003e3e   0x00003e3e   0x00000002   PAD
    0x00003e40   0x00003e40   0x00000034   Code   RO         1290    i.UART_GetDefaultConfig  mbed/TARGET_K64F/TOOLCHAIN_ARM_STD/fsl_uart.o
    0x00003e74   0x00003e74   0x00000050   Code   RO         1292    i.UART_GetInstance  mbed/TARGET_K64F/TOOLCHAIN_ARM_STD/fsl_uart.o
    0x00003ec4   0x00003ec4   0x00000016   Code   RO         1293    i.UART_GetStatusFlags  mbed/TARGET_K64F/TOOLCHAIN_ARM_STD/fsl_uart.o
    0x00003eda   0x00003eda   0x00000002   PAD
    0x00003edc   0x00003edc   0x00000278   Code   RO         1294    i.UART_Init         mbed/TARGET_K64F/TOOLCHAIN_ARM_STD/fsl_uart.o
    0x00004154   0x00004154   0x00000094   Code   RO         1296    i.UART_SetBaudRate  mbed/TARGET_K64F/TOOLCHAIN_ARM_STD/fsl_uart.o
    0x000041e8   0x000041e8   0x00000144   Code   RO         2806    i._Z17initializeStepperP7Stepper  .\build\main.o
    0x0000432c   0x0000432c   0x000000ac   Code   RO         1570    i._Z18reserve_filehandlev  mbed/TARGET_K64F/TOOLCHAIN_ARM_STD/mbed_retarget.o
    0x000043d8   0x000043d8   0x0000001e   Code   RO         2807    i._Z3gcdii          .\build\main.o
    0x000043f6   0x000043f6   0x0000009e   Code   RO         2808    i._Z4moveP7Stepperff  .\build\main.o
    0x00004494   0x00004494   0x0000002a   Code   RO         2228    i._Z5clampfff       .\build\servo.o
    0x000044be   0x000044be   0x00000002   PAD
    0x000044c0   0x000044c0   0x00000020   Code   RO         2809    i._Z5penUpv         .\build\main.o
    0x000044e0   0x000044e0   0x00000114   Code   RO         2810    i._Z6moveToff       .\build\main.o
    0x000045f4   0x000045f4   0x000001e0   Code   RO         2811    i._Z6moveXYfff      .\build\main.o
    0x000047d4   0x000047d4   0x000000ac   Code   RO         1571    i._Z7get_fhci       mbed/TARGET_K64F/TOOLCHAIN_ARM_STD/mbed_retarget.o
    0x00004880   0x00004880   0x0000002e   Code   RO         2812    i._Z7impulseP7Stepper  .\build\main.o
    0x000048ae   0x000048ae   0x00000002   PAD
    0x000048b0   0x000048b0   0x00000040   Code   RO         2814    i._Z8getSlope14current_statusff  .\build\main.o
    0x000048f0   0x000048f0   0x00000006   Code   RO         1822    i._ZN12DirectSerial4seekEli  mbed/TARGET_K64F/TOOLCHAIN_ARM_STD/mbed_retarget.o
    0x000048f6   0x000048f6   0x00000006   Code   RO         1825    i._ZN12DirectSerial4sizeEv  mbed/TARGET_K64F/TOOLCHAIN_ARM_STD/mbed_retarget.o
    0x000048fc   0x000048fc   0x00000004   Code   RO         1831    i._ZN12DirectSerial5closeEv  mbed/TARGET_K64F/TOOLCHAIN_ARM_STD/mbed_retarget.o
    0x00004900   0x00004900   0x00000024   Code   RO         1573    i._ZN12DirectSerial5writeEPKvj  mbed/TARGET_K64F/TOOLCHAIN_ARM_STD/mbed_retarget.o
    0x00004924   0x00004924   0x00000004   Code   RO         1828    i._ZN12DirectSerial6isattyEv  mbed/TARGET_K64F/TOOLCHAIN_ARM_STD/mbed_retarget.o
    0x00004928   0x00004928   0x00000002   Code   RO         1816    i._ZN12DirectSerialD1Ev  mbed/TARGET_K64F/TOOLCHAIN_ARM_STD/mbed_retarget.o
    0x0000492a   0x0000492a   0x00000016   Code   RO         2923    i._ZN4mbed10DigitalOutC1E7PinName  .\build\main.o
    0x00004940   0x00004940   0x00000016   Code   RO         2902    i._ZN4mbed10DigitalOutaSEi  .\build\main.o
    0x00004956   0x00004956   0x0000000e   Code   RO         2908    i._ZN4mbed10DigitalOutcviEv  .\build\main.o
    0x00004964   0x00004964   0x00000004   Code   RO         1579    i._ZN4mbed21mbed_override_consoleEi  mbed/TARGET_K64F/TOOLCHAIN_ARM_STD/mbed_retarget.o
    0x00004968   0x00004968   0x00000004   Code   RO         1581    i._ZN4mbed28mbed_target_override_consoleEi  mbed/TARGET_K64F/TOOLCHAIN_ARM_STD/mbed_retarget.o
    0x0000496c   0x0000496c   0x00000024   Code   RO         2294    i._ZN4mbed6PwmOut10pulsewidthEf  .\build\servo.o
    0x00004990   0x00004990   0x00000004   Code   RO         3386    i._ZN4mbed8FileBase11getPathTypeEv  mbed/TARGET_K64F/TOOLCHAIN_ARM_STD/mbed.ar(FileBase.o)
    0x00004994   0x00004994   0x00000098   Code   RO         3389    i._ZN4mbed8FileBase6lookupEPKcj  mbed/TARGET_K64F/TOOLCHAIN_ARM_STD/mbed.ar(FileBase.o)
    0x00004a2c   0x00004a2c   0x0000001e   Code   RO         3203    i._ZN4mbed8FilePath10fileSystemEv  mbed/TARGET_K64F/TOOLCHAIN_ARM_STD/mbed.ar(FilePath.o)
    0x00004a4a   0x00004a4a   0x0000001c   Code   RO         3205    i._ZN4mbed8FilePath4fileEv  mbed/TARGET_K64F/TOOLCHAIN_ARM_STD/mbed.ar(FilePath.o)
    0x00004a66   0x00004a66   0x0000000a   Code   RO         3206    i._ZN4mbed8FilePath6existsEv  mbed/TARGET_K64F/TOOLCHAIN_ARM_STD/mbed.ar(FilePath.o)
    0x00004a70   0x00004a70   0x00000018   Code   RO         3207    i._ZN4mbed8FilePath6isFileEv  mbed/TARGET_K64F/TOOLCHAIN_ARM_STD/mbed.ar(FilePath.o)
    0x00004a88   0x00004a88   0x00000004   Code   RO         3208    i._ZN4mbed8FilePath8fileNameEv  mbed/TARGET_K64F/TOOLCHAIN_ARM_STD/mbed.ar(FilePath.o)
    0x00004a8c   0x00004a8c   0x00000060   Code   RO         3209    i._ZN4mbed8FilePathC1EPKc  mbed/TARGET_K64F/TOOLCHAIN_ARM_STD/mbed.ar(FilePath.o)
    0x00004aec   0x00004aec   0x000000e0   Code   RO         2230    i._ZN5Servo5writeEf  .\build\servo.o
    0x00004bcc   0x00004bcc   0x0000000a   Code   RO         2232    i._ZN5Servo9calibrateEff  .\build\servo.o
    0x00004bd6   0x00004bd6   0x00000002   PAD
    0x00004bd8   0x00004bd8   0x00000044   Code   RO         2233    i._ZN5ServoC1E7PinName  .\build\servo.o
    0x00004c1c   0x00004c1c   0x00000028   Code   RO         2920    i._ZN5ServoD1Ev     .\build\main.o
    0x00004c44   0x00004c44   0x0000001e   Code   RO         2235    i._ZN5ServoaSEf     .\build\servo.o
    0x00004c62   0x00004c62   0x000000e0   Code   RO         2896    i._ZN7StepperC1E7PinNameS0_S0_S0_S0_fffi  .\build\main.o
    0x00004d42   0x00004d42   0x0000000c   Code   RO         2914    i._ZSt3absf         .\build\main.o
    0x00004d4e   0x00004d4e   0x00000002   PAD
    0x00004d50   0x00004d50   0x00000044   Code   RO         1590    i._Znwj             mbed/TARGET_K64F/TOOLCHAIN_ARM_STD/mbed_retarget.o
    0x00004d94   0x00004d94   0x00000030   Code   RO         4104    i.__ARM_fpclassify  C:\Keil_v5\ARM\ARMCC\Bin\..\lib\armlib\m_wm.l(fpclassify.o)
    0x00004dc4   0x00004dc4   0x00000004   Code   RO         1592    i.__aeabi_atexit    mbed/TARGET_K64F/TOOLCHAIN_ARM_STD/mbed_retarget.o
    0x00004dc8   0x00004dc8   0x0000005c   Code   RO         1596    i.__cxa_guard_acquire  mbed/TARGET_K64F/TOOLCHAIN_ARM_STD/mbed_retarget.o
    0x00004e24   0x00004e24   0x0000006c   Code   RO         1597    i.__cxa_guard_release  mbed/TARGET_K64F/TOOLCHAIN_ARM_STD/mbed_retarget.o
    0x00004e90   0x00004e90   0x000000cc   Code   RO         2815    i.__sti___8_main_cpp_c3143a38  .\build\main.o
    0x00004f5c   0x00004f5c   0x00000008   Code   RO         1598    i.__user_setup_stackheap  mbed/TARGET_K64F/TOOLCHAIN_ARM_STD/mbed_retarget.o
    0x00004f64   0x00004f64   0x0000000e   Code   RO         3768    i._is_digit         C:\Keil_v5\ARM\ARMCC\Bin\..\lib\armlib\c_w.l(__printf_wp.o)
    0x00004f72   0x00004f72   0x00000002   PAD
    0x00004f74   0x00004f74   0x00000010   Code   RO         1599    i._mbed_user_setup_stackheap  mbed/TARGET_K64F/TOOLCHAIN_ARM_STD/mbed_retarget.o
    0x00004f84   0x00004f84   0x00000024   Code   RO         1895    i._platform_post_stackheap_init  mbed/TARGET_K64F/TOOLCHAIN_ARM_STD/mbed_sdk_boot.o
    0x00004fa8   0x00004fa8   0x00000040   Code   RO         1600    i._sys_close        mbed/TARGET_K64F/TOOLCHAIN_ARM_STD/mbed_retarget.o
    0x00004fe8   0x00004fe8   0x00000030   Code   RO         1603    i._sys_flen         mbed/TARGET_K64F/TOOLCHAIN_ARM_STD/mbed_retarget.o
    0x00005018   0x00005018   0x0000002e   Code   RO         1604    i._sys_istty        mbed/TARGET_K64F/TOOLCHAIN_ARM_STD/mbed_retarget.o
    0x00005046   0x00005046   0x00000002   PAD
    0x00005048   0x00005048   0x00000098   Code   RO         1605    i._sys_open         mbed/TARGET_K64F/TOOLCHAIN_ARM_STD/mbed_retarget.o
    0x000050e0   0x000050e0   0x00000036   Code   RO         1607    i._sys_seek         mbed/TARGET_K64F/TOOLCHAIN_ARM_STD/mbed_retarget.o
    0x00005116   0x00005116   0x00000002   PAD
    0x00005118   0x00005118   0x00000068   Code   RO         1608    i._sys_write        mbed/TARGET_K64F/TOOLCHAIN_ARM_STD/mbed_retarget.o
    0x00005180   0x00005180   0x0000000c   Code   RO         3231    i.core_util_are_interrupts_enabled  mbed/TARGET_K64F/TOOLCHAIN_ARM_STD/mbed.ar(mbed_critical.o)
    0x0000518c   0x0000518c   0x00000014   Code   RO         3237    i.core_util_atomic_decr_u16  mbed/TARGET_K64F/TOOLCHAIN_ARM_STD/mbed.ar(mbed_critical.o)
    0x000051a0   0x000051a0   0x00000060   Code   RO         3244    i.core_util_critical_section_enter  mbed/TARGET_K64F/TOOLCHAIN_ARM_STD/mbed.ar(mbed_critical.o)
    0x00005200   0x00005200   0x00000020   Code   RO         3245    i.core_util_critical_section_exit  mbed/TARGET_K64F/TOOLCHAIN_ARM_STD/mbed.ar(mbed_critical.o)
    0x00005220   0x00005220   0x0000000c   Code   RO         3247    i.core_util_is_isr_active  mbed/TARGET_K64F/TOOLCHAIN_ARM_STD/mbed.ar(mbed_critical.o)
    0x0000522c   0x0000522c   0x00000020   Code   RO         1612    i.exit              mbed/TARGET_K64F/TOOLCHAIN_ARM_STD/mbed_retarget.o
    0x0000524c   0x0000524c   0x00000008   Code   RO         3119    i.get_us_ticker_data  mbed/TARGET_K64F/TOOLCHAIN_ARM_STD/mbed.ar(mbed_us_ticker_api.o)
    0x00005254   0x00005254   0x00000064   Code   RO         1417    i.gpio_dir          mbed/TARGET_K64F/TOOLCHAIN_ARM_STD/gpio_api.o
    0x000052b8   0x000052b8   0x00000014   Code   RO         1418    i.gpio_init         mbed/TARGET_K64F/TOOLCHAIN_ARM_STD/gpio_api.o
    0x000052cc   0x000052cc   0x00000028   Code   RO         3044    i.gpio_init_in      mbed/TARGET_K64F/TOOLCHAIN_ARM_STD/mbed.ar(mbed_gpio.o)
    0x000052f4   0x000052f4   0x00000036   Code   RO         3047    i.gpio_init_out     mbed/TARGET_K64F/TOOLCHAIN_ARM_STD/mbed.ar(mbed_gpio.o)
    0x0000532a   0x0000532a   0x00000006   Code   RO         1419    i.gpio_mode         mbed/TARGET_K64F/TOOLCHAIN_ARM_STD/gpio_api.o
    0x00005330   0x00005330   0x0000004c   Code   RO         1420    i.gpio_read         mbed/TARGET_K64F/TOOLCHAIN_ARM_STD/gpio_api.o
    0x0000537c   0x0000537c   0x00000058   Code   RO         1422    i.gpio_write        mbed/TARGET_K64F/TOOLCHAIN_ARM_STD/gpio_api.o
    0x000053d4   0x000053d4   0x00000020   Code   RO         3372    i.hal_critical_section_enter  mbed/TARGET_K64F/TOOLCHAIN_ARM_STD/mbed.ar(mbed_critical_section_api.o)
    0x000053f4   0x000053f4   0x00000050   Code   RO         3373    i.hal_critical_section_exit  mbed/TARGET_K64F/TOOLCHAIN_ARM_STD/mbed.ar(mbed_critical_section_api.o)
    0x00005444   0x00005444   0x00000090   Code   RO         3274    i.handle_error      mbed/TARGET_K64F/TOOLCHAIN_ARM_STD/mbed.ar(mbed_error.o)
    0x000054d4   0x000054d4   0x0000010c   Code   RO         3144    i.initialize        mbed/TARGET_K64F/TOOLCHAIN_ARM_STD/mbed.ar(mbed_ticker_api.o)
    0x000055e0   0x000055e0   0x00000078   Code   RO         2816    i.main              .\build\main.o
    0x00005658   0x00005658   0x00000054   Code   RO         3135    i.mbed_assert_internal  mbed/TARGET_K64F/TOOLCHAIN_ARM_STD/mbed.ar(mbed_assert.o)
    0x000056ac   0x000056ac   0x0000005e   Code   RO         1531    i.mbed_die          mbed/TARGET_K64F/TOOLCHAIN_ARM_STD/mbed_board.o
    0x0000570a   0x0000570a   0x00000002   PAD
    0x0000570c   0x0000570c   0x00000048   Code   RO         3276    i.mbed_error        mbed/TARGET_K64F/TOOLCHAIN_ARM_STD/mbed.ar(mbed_error.o)
    0x00005754   0x00005754   0x00000058   Code   RO         1532    i.mbed_error_printf  mbed/TARGET_K64F/TOOLCHAIN_ARM_STD/mbed_board.o
    0x000057ac   0x000057ac   0x00000002   Code   RO         1897    i.mbed_main         mbed/TARGET_K64F/TOOLCHAIN_ARM_STD/mbed_sdk_boot.o
    0x000057ae   0x000057ae   0x00000002   PAD
    0x000057b0   0x000057b0   0x0000005c   Code   RO         1560    i.mbed_sdk_init     mbed/TARGET_K64F/TOOLCHAIN_ARM_STD/mbed_overrides.o
    0x0000580c   0x0000580c   0x000000b8   Code   RO         1621    i.open              mbed/TARGET_K64F/TOOLCHAIN_ARM_STD/mbed_retarget.o
    0x000058c4   0x000058c4   0x0000007c   Code   RO         1932    i.pin_function      mbed/TARGET_K64F/TOOLCHAIN_ARM_STD/pinmap.o
    0x00005940   0x00005940   0x00000074   Code   RO         1933    i.pin_mode          mbed/TARGET_K64F/TOOLCHAIN_ARM_STD/pinmap.o
    0x000059b4   0x000059b4   0x00000048   Code   RO         3063    i.pinmap_merge      mbed/TARGET_K64F/TOOLCHAIN_ARM_STD/mbed.ar(mbed_pinmap_common.o)
    0x000059fc   0x000059fc   0x00000068   Code   RO         3064    i.pinmap_peripheral  mbed/TARGET_K64F/TOOLCHAIN_ARM_STD/mbed.ar(mbed_pinmap_common.o)
    0x00005a64   0x00005a64   0x00000064   Code   RO         3065    i.pinmap_pinout     mbed/TARGET_K64F/TOOLCHAIN_ARM_STD/mbed.ar(mbed_pinmap_common.o)
    0x00005ac8   0x00005ac8   0x00000034   Code   RO         2202    i.pit_isr           mbed/TARGET_K64F/TOOLCHAIN_ARM_STD/us_ticker.o
    0x00005afc   0x00005afc   0x00000190   Code   RO         3285    i.print_error_report  mbed/TARGET_K64F/TOOLCHAIN_ARM_STD/mbed.ar(mbed_error.o)
    0x00005c8c   0x00005c8c   0x00000100   Code   RO         1964    i.pwmout_init       mbed/TARGET_K64F/TOOLCHAIN_ARM_STD/pwmout_api.o
    0x00005d8c   0x00005d8c   0x0000004c   Code   RO         1968    i.pwmout_pulsewidth  mbed/TARGET_K64F/TOOLCHAIN_ARM_STD/pwmout_api.o
    0x00005dd8   0x00005dd8   0x00000154   Code   RO         3145    i.schedule_interrupt  mbed/TARGET_K64F/TOOLCHAIN_ARM_STD/mbed.ar(mbed_ticker_api.o)
    0x00005f2c   0x00005f2c   0x00000030   Code   RO         2010    i.serial_baud       mbed/TARGET_K64F/TOOLCHAIN_ARM_STD/serial_api.o
    0x00005f5c   0x00005f5c   0x0000012c   Code   RO         2019    i.serial_init       mbed/TARGET_K64F/TOOLCHAIN_ARM_STD/serial_api.o
    0x00006088   0x00006088   0x00000040   Code   RO         2024    i.serial_putc       mbed/TARGET_K64F/TOOLCHAIN_ARM_STD/serial_api.o
    0x000060c8   0x000060c8   0x0000005c   Code   RO         3102    i.sleep_manager_unlock_deep_sleep_internal  mbed/TARGET_K64F/TOOLCHAIN_ARM_STD/mbed.ar(mbed_sleep_manager.o)
    0x00006124   0x00006124   0x00000072   Code   RO         3149    i.ticker_irq_handler  mbed/TARGET_K64F/TOOLCHAIN_ARM_STD/mbed.ar(mbed_ticker_api.o)
    0x00006196   0x00006196   0x0000001c   Code   RO         3150    i.ticker_read       mbed/TARGET_K64F/TOOLCHAIN_ARM_STD/mbed.ar(mbed_ticker_api.o)
    0x000061b2   0x000061b2   0x00000002   PAD
    0x000061b4   0x000061b4   0x0000010c   Code   RO         3156    i.update_present_time  mbed/TARGET_K64F/TOOLCHAIN_ARM_STD/mbed.ar(mbed_ticker_api.o)
    0x000062c0   0x000062c0   0x00000010   Code   RO         2203    i.us_ticker_clear_interrupt  mbed/TARGET_K64F/TOOLCHAIN_ARM_STD/us_ticker.o
    0x000062d0   0x000062d0   0x00000014   Code   RO         2204    i.us_ticker_disable_interrupt  mbed/TARGET_K64F/TOOLCHAIN_ARM_STD/us_ticker.o
    0x000062e4   0x000062e4   0x00000010   Code   RO         2205    i.us_ticker_fire_interrupt  mbed/TARGET_K64F/TOOLCHAIN_ARM_STD/us_ticker.o
    0x000062f4   0x000062f4   0x00000078   Code   RO         2206    i.us_ticker_free    mbed/TARGET_K64F/TOOLCHAIN_ARM_STD/us_ticker.o
    0x0000636c   0x0000636c   0x00000008   Code   RO         2207    i.us_ticker_get_info  mbed/TARGET_K64F/TOOLCHAIN_ARM_STD/us_ticker.o
    0x00006374   0x00006374   0x000000e0   Code   RO         2208    i.us_ticker_init    mbed/TARGET_K64F/TOOLCHAIN_ARM_STD/us_ticker.o
    0x00006454   0x00006454   0x00000018   Code   RO         3121    i.us_ticker_irq_handler  mbed/TARGET_K64F/TOOLCHAIN_ARM_STD/mbed.ar(mbed_us_ticker_api.o)
    0x0000646c   0x0000646c   0x00000010   Code   RO         2209    i.us_ticker_read    mbed/TARGET_K64F/TOOLCHAIN_ARM_STD/us_ticker.o
    0x0000647c   0x0000647c   0x0000006c   Code   RO         2210    i.us_ticker_set_interrupt  mbed/TARGET_K64F/TOOLCHAIN_ARM_STD/us_ticker.o
    0x000064e8   0x000064e8   0x00000030   Code   RO         3318    i.wait              mbed/TARGET_K64F/TOOLCHAIN_ARM_STD/mbed.ar(mbed_wait_api_no_rtos.o)
    0x00006518   0x00006518   0x00000024   Code   RO         3319    i.wait_ms           mbed/TARGET_K64F/TOOLCHAIN_ARM_STD/mbed.ar(mbed_wait_api_no_rtos.o)
    0x0000653c   0x0000653c   0x0000002c   Code   RO         4075    locale$$code        C:\Keil_v5\ARM\ARMCC\Bin\..\lib\armlib\c_w.l(lc_numeric_c.o)
    0x00006568   0x00006568   0x0000002c   Code   RO         4111    locale$$code        C:\Keil_v5\ARM\ARMCC\Bin\..\lib\armlib\c_w.l(lc_ctype_c.o)
    0x00006594   0x00006594   0x0000002c   Code   RO         3416    t._ZN12SingletonPtrI13PlatformMutexEptEv  mbed/TARGET_K64F/TOOLCHAIN_ARM_STD/mbed.ar(FileBase.o)
    0x000065c0   0x000065c0   0x00000062   Code   RO         3657    x$fpl$d2f           C:\Keil_v5\ARM\ARMCC\Bin\..\lib\armlib\fz_wm.l(d2f.o)
    0x00006622   0x00006622   0x00000002   PAD
    0x00006624   0x00006624   0x00000150   Code   RO         3659    x$fpl$dadd          C:\Keil_v5\ARM\ARMCC\Bin\..\lib\armlib\fz_wm.l(daddsub_clz.o)
    0x00006774   0x00006774   0x00000018   Code   RO         3892    x$fpl$dcmpinf       C:\Keil_v5\ARM\ARMCC\Bin\..\lib\armlib\fz_wm.l(dcmpi.o)
    0x0000678c   0x0000678c   0x00000078   Code   RO         3665    x$fpl$deqf          C:\Keil_v5\ARM\ARMCC\Bin\..\lib\armlib\fz_wm.l(deqf.o)
    0x00006804   0x00006804   0x00000154   Code   RO         3667    x$fpl$dmul          C:\Keil_v5\ARM\ARMCC\Bin\..\lib\armlib\fz_wm.l(dmul.o)
    0x00006958   0x00006958   0x0000009c   Code   RO         3894    x$fpl$dnaninf       C:\Keil_v5\ARM\ARMCC\Bin\..\lib\armlib\fz_wm.l(dnaninf.o)
    0x000069f4   0x000069f4   0x0000000c   Code   RO         3896    x$fpl$dretinf       C:\Keil_v5\ARM\ARMCC\Bin\..\lib\armlib\fz_wm.l(dretinf.o)
    0x00006a00   0x00006a00   0x000001d4   Code   RO         3661    x$fpl$dsub          C:\Keil_v5\ARM\ARMCC\Bin\..\lib\armlib\fz_wm.l(daddsub_clz.o)
    0x00006bd4   0x00006bd4   0x00000056   Code   RO         3669    x$fpl$f2d           C:\Keil_v5\ARM\ARMCC\Bin\..\lib\armlib\fz_wm.l(f2d.o)
    0x00006c2a   0x00006c2a   0x0000008c   Code   RO         3898    x$fpl$fnaninf       C:\Keil_v5\ARM\ARMCC\Bin\..\lib\armlib\fz_wm.l(fnaninf.o)
    0x00006cb6   0x00006cb6   0x0000000a   Code   RO         4028    x$fpl$fpinit        C:\Keil_v5\ARM\ARMCC\Bin\..\lib\armlib\fz_wm.l(fpinit.o)
    0x00006cc0   0x00006cc0   0x0000000a   Code   RO         3900    x$fpl$fretinf       C:\Keil_v5\ARM\ARMCC\Bin\..\lib\armlib\fz_wm.l(fretinf.o)
    0x00006cca   0x00006cca   0x00000004   Code   RO         3902    x$fpl$printf1       C:\Keil_v5\ARM\ARMCC\Bin\..\lib\armlib\fz_wm.l(printf1.o)
    0x00006cce   0x00006cce   0x00000004   Code   RO         3904    x$fpl$printf2       C:\Keil_v5\ARM\ARMCC\Bin\..\lib\armlib\fz_wm.l(printf2.o)
    0x00006cd2   0x00006cd2   0x00000000   Code   RO         3910    x$fpl$usenofp       C:\Keil_v5\ARM\ARMCC\Bin\..\lib\armlib\fz_wm.l(usenofp.o)
    0x00006cd2   0x00006cd2   0x00000002   PAD
    0x00006cd4   0x00006cd4   0x00000060   Data   RO          158    .constdata          mbed/TARGET_K64F/TOOLCHAIN_ARM_STD/fsl_clock.o
    0x00006d34   0x00006d34   0x00000040   Data   RO          216    .constdata          mbed/TARGET_K64F/TOOLCHAIN_ARM_STD/fsl_clock_config.o
    0x00006d74   0x00006d74   0x00000020   Data   RO          795    .constdata          mbed/TARGET_K64F/TOOLCHAIN_ARM_STD/fsl_ftm.o
    0x00006d94   0x00006d94   0x00000008   Data   RO          998    .constdata          mbed/TARGET_K64F/TOOLCHAIN_ARM_STD/fsl_pit.o
    0x00006d9c   0x00006d9c   0x00000038   Data   RO         1310    .constdata          mbed/TARGET_K64F/TOOLCHAIN_ARM_STD/fsl_uart.o
    0x00006dd4   0x00006dd4   0x00000014   Data   RO         1423    .constdata          mbed/TARGET_K64F/TOOLCHAIN_ARM_STD/gpio_api.o
    0x00006de8   0x00006de8   0x00000028   Data   RO         1705    .constdata          mbed/TARGET_K64F/TOOLCHAIN_ARM_STD/mbed_retarget.o
    0x00006e10   0x00006e10   0x00000090   Data   RO         1917    .constdata          mbed/TARGET_K64F/TOOLCHAIN_ARM_STD/PeripheralPins.o
    0x00006ea0   0x00006ea0   0x00000090   Data   RO         1918    .constdata          mbed/TARGET_K64F/TOOLCHAIN_ARM_STD/PeripheralPins.o
    0x00006f30   0x00006f30   0x000001d4   Data   RO         1925    .constdata          mbed/TARGET_K64F/TOOLCHAIN_ARM_STD/PeripheralPins.o
    0x00007104   0x00007104   0x00000028   Data   RO         1934    .constdata          mbed/TARGET_K64F/TOOLCHAIN_ARM_STD/pinmap.o
    0x0000712c   0x0000712c   0x00000014   Data   RO         1973    .constdata          mbed/TARGET_K64F/TOOLCHAIN_ARM_STD/pwmout_api.o
    0x00007140   0x00007140   0x00000038   Data   RO         2042    .constdata          mbed/TARGET_K64F/TOOLCHAIN_ARM_STD/serial_api.o
    0x00007178   0x00007178   0x00000008   Data   RO         2211    .constdata          mbed/TARGET_K64F/TOOLCHAIN_ARM_STD/us_ticker.o
    0x00007180   0x00007180   0x00000020   Data   RO         3123    .constdata          mbed/TARGET_K64F/TOOLCHAIN_ARM_STD/mbed.ar(mbed_us_ticker_api.o)
    0x000071a0   0x000071a0   0x00000008   Data   RO         3124    .constdata          mbed/TARGET_K64F/TOOLCHAIN_ARM_STD/mbed.ar(mbed_us_ticker_api.o)
    0x000071a8   0x000071a8   0x00000008   Data   RO         3727    .constdata          C:\Keil_v5\ARM\ARMCC\Bin\..\lib\armlib\c_w.l(_printf_wctomb.o)
    0x000071b0   0x000071b0   0x00000028   Data   RO         3756    .constdata          C:\Keil_v5\ARM\ARMCC\Bin\..\lib\armlib\c_w.l(_printf_hex_int_ll_ptr.o)
    0x000071d8   0x000071d8   0x00000011   Data   RO         3776    .constdata          C:\Keil_v5\ARM\ARMCC\Bin\..\lib\armlib\c_w.l(__printf_flags_ss_wp.o)
    0x000071e9   0x000071e9   0x00000026   Data   RO         3949    .constdata          C:\Keil_v5\ARM\ARMCC\Bin\..\lib\armlib\c_w.l(_printf_fp_hex.o)
    0x0000720f   0x0000720f   0x00000001   PAD
    0x00007210   0x00007210   0x00000094   Data   RO         4050    .constdata          C:\Keil_v5\ARM\ARMCC\Bin\..\lib\armlib\c_w.l(bigflt0.o)
    0x000072a4   0x000072a4   0x00000050   Data   RO         1811    .constdata__ZTV12DirectSerial  mbed/TARGET_K64F/TOOLCHAIN_ARM_STD/mbed_retarget.o
    0x000072f4   0x000072f4   0x00000014   Data   RO         1814    .constdata__ZZN12SingletonPtrI13PlatformMutexE3getEvEs  mbed/TARGET_K64F/TOOLCHAIN_ARM_STD/mbed_retarget.o
    0x00007308   0x00007308   0x0000001a   Data   RO         1815    .constdata__ZZN12SingletonPtrI13PlatformMutexE3getEvEs_0  mbed/TARGET_K64F/TOOLCHAIN_ARM_STD/mbed_retarget.o
    0x00007322   0x00007322   0x00000002   PAD
    0x00007324   0x00007324   0x0000008e   Data   RO          159    .conststring        mbed/TARGET_K64F/TOOLCHAIN_ARM_STD/fsl_clock.o
    0x000073b2   0x000073b2   0x00000002   PAD
    0x000073b4   0x000073b4   0x0000008d   Data   RO          378    .conststring        mbed/TARGET_K64F/TOOLCHAIN_ARM_STD/fsl_dspi.o
    0x00007441   0x00007441   0x00000003   PAD
    0x00007444   0x00007444   0x0000008d   Data   RO          502    .conststring        mbed/TARGET_K64F/TOOLCHAIN_ARM_STD/fsl_edma.o
    0x000074d1   0x000074d1   0x00000003   PAD
    0x000074d4   0x000074d4   0x00000090   Data   RO          745    .conststring        mbed/TARGET_K64F/TOOLCHAIN_ARM_STD/fsl_flexcan.o
    0x00007564   0x00007564   0x0000008c   Data   RO          796    .conststring        mbed/TARGET_K64F/TOOLCHAIN_ARM_STD/fsl_ftm.o
    0x000075f0   0x000075f0   0x0000008c   Data   RO          999    .conststring        mbed/TARGET_K64F/TOOLCHAIN_ARM_STD/fsl_pit.o
    0x0000767c   0x0000767c   0x0000008c   Data   RO         1056    .conststring        mbed/TARGET_K64F/TOOLCHAIN_ARM_STD/fsl_rtc.o
    0x00007708   0x00007708   0x0000008c   Data   RO         1100    .conststring        mbed/TARGET_K64F/TOOLCHAIN_ARM_STD/fsl_sai.o
    0x00007794   0x00007794   0x0000008d   Data   RO         1186    .conststring        mbed/TARGET_K64F/TOOLCHAIN_ARM_STD/fsl_sdhc.o
    0x00007821   0x00007821   0x00000003   PAD
    0x00007824   0x00007824   0x0000008d   Data   RO         1311    .conststring        mbed/TARGET_K64F/TOOLCHAIN_ARM_STD/fsl_uart.o
    0x000078b1   0x000078b1   0x00000003   PAD
    0x000078b4   0x000078b4   0x00000079   Data   RO         1424    .conststring        mbed/TARGET_K64F/TOOLCHAIN_ARM_STD/gpio_api.o
    0x0000792d   0x0000792d   0x00000003   PAD
    0x00007930   0x00007930   0x00000055   Data   RO         1706    .conststring        mbed/TARGET_K64F/TOOLCHAIN_ARM_STD/mbed_retarget.o
    0x00007985   0x00007985   0x00000003   PAD
    0x00007988   0x00007988   0x00000077   Data   RO         1935    .conststring        mbed/TARGET_K64F/TOOLCHAIN_ARM_STD/pinmap.o
    0x000079ff   0x000079ff   0x00000001   PAD
    0x00007a00   0x00007a00   0x00000087   Data   RO         1974    .conststring        mbed/TARGET_K64F/TOOLCHAIN_ARM_STD/pwmout_api.o
    0x00007a87   0x00007a87   0x00000001   PAD
    0x00007a88   0x00007a88   0x00000087   Data   RO         2043    .conststring        mbed/TARGET_K64F/TOOLCHAIN_ARM_STD/serial_api.o
    0x00007b0f   0x00007b0f   0x00000001   PAD
    0x00007b10   0x00007b10   0x00000050   Data   RO         3157    .conststring        mbed/TARGET_K64F/TOOLCHAIN_ARM_STD/mbed.ar(mbed_ticker_api.o)
    0x00007b60   0x00007b60   0x00000050   Data   RO         3217    .conststring        mbed/TARGET_K64F/TOOLCHAIN_ARM_STD/mbed.ar(FilePath.o)
    0x00007bb0   0x00007bb0   0x00000053   Data   RO         3248    .conststring        mbed/TARGET_K64F/TOOLCHAIN_ARM_STD/mbed.ar(mbed_critical.o)
    0x00007c03   0x00007c03   0x00000001   PAD
    0x00007c04   0x00007c04   0x000000f0   Data   RO         3287    .conststring        mbed/TARGET_K64F/TOOLCHAIN_ARM_STD/mbed.ar(mbed_error.o)
    0x00007cf4   0x00007cf4   0x0000005a   Data   RO         3375    .conststring        mbed/TARGET_K64F/TOOLCHAIN_ARM_STD/mbed.ar(mbed_critical_section_api.o)
    0x00007d4e   0x00007d4e   0x00000002   PAD
    0x00007d50   0x00007d50   0x00000020   Data   RO         4125    Region$$Table       anon$$obj.o
    0x00007d70   0x00007d70   0x0000001c   Data   RO         4074    locale$$data        C:\Keil_v5\ARM\ARMCC\Bin\..\lib\armlib\c_w.l(lc_numeric_c.o)
    0x00007d8c   0x00007d8c   0x00000110   Data   RO         4110    locale$$data        C:\Keil_v5\ARM\ARMCC\Bin\..\lib\armlib\c_w.l(lc_ctype_c.o)
    0x00007e9c   0x00007e9c   0x00000004   Data   RO         2830    .init_array         .\build\main.o
    0x00007ea0   0x00007e9c   0x00000000   Data   RO         3543    .init_array         C:\Keil_v5\ARM\ARMCC\Bin\..\lib\armlib\c_w.l(init_aeabi.o)


    Execution Region VECTOR_RAM (Exec base: 0x1fff0000, Load base: 0x00007ea0, Size: 0x00000400, Max: 0x00000400, ABSOLUTE)

    Exec Addr    Load Addr    Size         Type   Attr      Idx    E Section Name        Object

    0x1fff0000        -       0x00000400   Zero   RW            1    VECTOR_RAM.bss      anon$$obj.o


    Execution Region RW_m_data (Exec base: 0x1fff0400, Load base: 0x00007ea0, Size: 0x00000000, Max: 0x0000fc00, ABSOLUTE)

    **** No section assigned to this execution region ****


    Execution Region RW_m_data_2 (Exec base: 0x20000000, Load base: 0x00007ea0, Size: 0x00000568, Max: 0x0002f800, ABSOLUTE)

    Exec Addr    Load Addr    Size         Type   Attr      Idx    E Section Name        Object

    0x20000000   0x00007ea0   0x00000010   Data   RW          160    .data               mbed/TARGET_K64F/TOOLCHAIN_ARM_STD/fsl_clock.o
    0x20000010   0x00007eb0   0x0000000c   Data   RW          379    .data               mbed/TARGET_K64F/TOOLCHAIN_ARM_STD/fsl_dspi.o
    0x2000001c   0x00007ebc   0x00000010   Data   RW          588    .data               mbed/TARGET_K64F/TOOLCHAIN_ARM_STD/fsl_enet.o
    0x2000002c   0x00007ecc   0x00000008   Data   RW          746    .data               mbed/TARGET_K64F/TOOLCHAIN_ARM_STD/fsl_flexcan.o
    0x20000034   0x00007ed4   0x00000008   Data   RW          868    .data               mbed/TARGET_K64F/TOOLCHAIN_ARM_STD/fsl_i2c.o
    0x2000003c   0x00007edc   0x00000010   Data   RW         1101    .data               mbed/TARGET_K64F/TOOLCHAIN_ARM_STD/fsl_sai.o
    0x2000004c   0x00007eec   0x00000008   Data   RW         1187    .data               mbed/TARGET_K64F/TOOLCHAIN_ARM_STD/fsl_sdhc.o
    0x20000054   0x00007ef4   0x00000004   Data   RW         1312    .data               mbed/TARGET_K64F/TOOLCHAIN_ARM_STD/fsl_uart.o
    0x20000058   0x00007ef8   0x00000058   Data   RW         1709    .data               mbed/TARGET_K64F/TOOLCHAIN_ARM_STD/mbed_retarget.o
    0x200000b0   0x00007f50   0x00000004   Data   RW         1975    .data               mbed/TARGET_K64F/TOOLCHAIN_ARM_STD/pwmout_api.o
    0x200000b4   0x00007f54   0x00000008   Data   RW         2044    .data               mbed/TARGET_K64F/TOOLCHAIN_ARM_STD/serial_api.o
    0x200000bc   0x00007f5c   0x00000004   Data   RW         2181    .data               mbed/TARGET_K64F/TOOLCHAIN_ARM_STD/system_MK64F12.o
    0x200000c0   0x00007f60   0x00000001   Data   RW         2212    .data               mbed/TARGET_K64F/TOOLCHAIN_ARM_STD/us_ticker.o
    0x200000c1   0x00007f61   0x00000003   PAD
    0x200000c4   0x00007f64   0x00000008   Data   RW         2829    .data               .\build\main.o
    0x200000cc   0x00007f6c   0x00000004   PAD
    0x200000d0   0x00007f70   0x00000018   Data   RW         3103    .data               mbed/TARGET_K64F/TOOLCHAIN_ARM_STD/mbed.ar(mbed_sleep_manager.o)
    0x200000e8   0x00007f88   0x00000004   Data   RW         3125    .data               mbed/TARGET_K64F/TOOLCHAIN_ARM_STD/mbed.ar(mbed_us_ticker_api.o)
    0x200000ec   0x00007f8c   0x00000004   Data   RW         3249    .data               mbed/TARGET_K64F/TOOLCHAIN_ARM_STD/mbed.ar(mbed_critical.o)
    0x200000f0   0x00007f90   0x0000000c   Data   RW         3288    .data               mbed/TARGET_K64F/TOOLCHAIN_ARM_STD/mbed.ar(mbed_error.o)
    0x200000fc   0x00007f9c   0x00000002   Data   RW         3376    .data               mbed/TARGET_K64F/TOOLCHAIN_ARM_STD/mbed.ar(mbed_critical_section_api.o)
    0x200000fe   0x00007f9e   0x00000002   PAD
    0x20000100   0x00007fa0   0x00000010   Data   RW         3402    .data               mbed/TARGET_K64F/TOOLCHAIN_ARM_STD/mbed.ar(FileBase.o)
    0x20000110   0x00007fb0   0x00000004   Data   RW         3515    .data               C:\Keil_v5\ARM\ARMCC\Bin\..\lib\armlib\c_w.l(stdio_streams.o)
    0x20000114   0x00007fb4   0x00000004   Data   RW         3516    .data               C:\Keil_v5\ARM\ARMCC\Bin\..\lib\armlib\c_w.l(stdio_streams.o)
    0x20000118   0x00007fb8   0x00000004   Data   RW         3517    .data               C:\Keil_v5\ARM\ARMCC\Bin\..\lib\armlib\c_w.l(stdio_streams.o)
    0x2000011c   0x00007fbc   0x00000004   Data   RW         3993    .data               C:\Keil_v5\ARM\ARMCC\Bin\..\lib\armlib\c_w.l(heapauxa.o)
    0x20000120        -       0x0000000c   Zero   RW          376    .bss                mbed/TARGET_K64F/TOOLCHAIN_ARM_STD/fsl_dspi.o
    0x2000012c        -       0x00000040   Zero   RW          500    .bss                mbed/TARGET_K64F/TOOLCHAIN_ARM_STD/fsl_edma.o
    0x2000016c        -       0x0000000c   Zero   RW          865    .bss                mbed/TARGET_K64F/TOOLCHAIN_ARM_STD/fsl_i2c.o
    0x20000178        -       0x00000018   Zero   RW         1309    .bss                mbed/TARGET_K64F/TOOLCHAIN_ARM_STD/fsl_uart.o
    0x20000190        -       0x00000121   Zero   RW         1704    .bss                mbed/TARGET_K64F/TOOLCHAIN_ARM_STD/mbed_retarget.o
    0x200002b1   0x00007fc0   0x00000003   PAD
    0x200002b4        -       0x000000d4   Zero   RW         2041    .bss                mbed/TARGET_K64F/TOOLCHAIN_ARM_STD/serial_api.o
    0x20000388        -       0x0000001c   Zero   RW         2828    .bss                .\build\main.o
    0x200003a4   0x00007fc0   0x00000004   PAD
    0x200003a8        -       0x00000040   Zero   RW         3122    .bss                mbed/TARGET_K64F/TOOLCHAIN_ARM_STD/mbed.ar(mbed_us_ticker_api.o)
    0x200003e8        -       0x00000068   Zero   RW         3286    .bss                mbed/TARGET_K64F/TOOLCHAIN_ARM_STD/mbed.ar(mbed_error.o)
    0x20000450        -       0x00000004   Zero   RW         3426    .bss                C:\Keil_v5\ARM\ARMCC\Bin\..\lib\armlib\c_w.l(rt_errno_addr.o)
    0x20000454        -       0x00000054   Zero   RW         3512    .bss                C:\Keil_v5\ARM\ARMCC\Bin\..\lib\armlib\c_w.l(stdio_streams.o)
    0x200004a8        -       0x00000054   Zero   RW         3513    .bss                C:\Keil_v5\ARM\ARMCC\Bin\..\lib\armlib\c_w.l(stdio_streams.o)
    0x200004fc        -       0x00000054   Zero   RW         3514    .bss                C:\Keil_v5\ARM\ARMCC\Bin\..\lib\armlib\c_w.l(stdio_streams.o)
    0x20000550        -       0x00000004   Zero   RW         3684    .bss                C:\Keil_v5\ARM\ARMCC\Bin\..\lib\armlib\c_w.l(rt_heap_descriptor.o)
    0x20000554        -       0x00000014   Zero   RW         4036    .bss                C:\Keil_v5\ARM\ARMCC\Bin\..\lib\armlib\c_w.l(rt_locale.o)


    Execution Region RW_IRAM1 (Exec base: 0x20000568, Load base: 0x00007fc0, Size: 0x00000000, Max: 0xffffffff, ABSOLUTE)

    **** No section assigned to this execution region ****


==============================================================================

Image component sizes


      Code (inc. data)   RO Data    RW Data    ZI Data      Debug   Object Name

         0          0        756          0          0          0   mbed/TARGET_K64F/TOOLCHAIN_ARM_STD/PeripheralPins.o
      1808        312        238         16          0       1624   mbed/TARGET_K64F/TOOLCHAIN_ARM_STD/fsl_clock.o
        88         24         64          0          0        124   mbed/TARGET_K64F/TOOLCHAIN_ARM_STD/fsl_clock_config.o
       240        102        141         12         12        408   mbed/TARGET_K64F/TOOLCHAIN_ARM_STD/fsl_dspi.o
       384         84        141          0         64       1992   mbed/TARGET_K64F/TOOLCHAIN_ARM_STD/fsl_edma.o
        60         24          0         16          0        348   mbed/TARGET_K64F/TOOLCHAIN_ARM_STD/fsl_enet.o
        64         32        144          8          0        132   mbed/TARGET_K64F/TOOLCHAIN_ARM_STD/fsl_flexcan.o
      1336        148        172          0          0        404   mbed/TARGET_K64F/TOOLCHAIN_ARM_STD/fsl_ftm.o
       144         36          0          8         12        372   mbed/TARGET_K64F/TOOLCHAIN_ARM_STD/fsl_i2c.o
       152         66        148          0          0        124   mbed/TARGET_K64F/TOOLCHAIN_ARM_STD/fsl_pit.o
       148         20        140          0          0        124   mbed/TARGET_K64F/TOOLCHAIN_ARM_STD/fsl_rtc.o
       136         72        140         16          0        264   mbed/TARGET_K64F/TOOLCHAIN_ARM_STD/fsl_sai.o
        60         28        141          8          0        132   mbed/TARGET_K64F/TOOLCHAIN_ARM_STD/fsl_sdhc.o
      1152        354        197          4         24       1436   mbed/TARGET_K64F/TOOLCHAIN_ARM_STD/fsl_uart.o
       290         98        141          0          0        612   mbed/TARGET_K64F/TOOLCHAIN_ARM_STD/gpio_api.o
      2068        132          4          8         28      16267   .\build\main.o
       182         10          0          0          0        268   mbed/TARGET_K64F/TOOLCHAIN_ARM_STD/mbed_board.o
       104          8          0          0          0        264   mbed/TARGET_K64F/TOOLCHAIN_ARM_STD/mbed_overrides.o
      1390        252        251         88        289       2992   mbed/TARGET_K64F/TOOLCHAIN_ARM_STD/mbed_retarget.o
        52         10          0          0          0        368   mbed/TARGET_K64F/TOOLCHAIN_ARM_STD/mbed_sdk_boot.o
       240         68        159          0          0        260   mbed/TARGET_K64F/TOOLCHAIN_ARM_STD/pinmap.o
       332         54        155          4          0        256   mbed/TARGET_K64F/TOOLCHAIN_ARM_STD/pwmout_api.o
       412         78        191          8        212        408   mbed/TARGET_K64F/TOOLCHAIN_ARM_STD/serial_api.o
       410         36          0          0          0     508436   .\build\servo.o
       448        214       1040          0          0       1060   mbed/TARGET_K64F/TOOLCHAIN_ARM_STD/startup_MK64F12.o
        40          8          0          4          0        116   mbed/TARGET_K64F/TOOLCHAIN_ARM_STD/system_MK64F12.o
       580        106          8          1          0       1056   mbed/TARGET_K64F/TOOLCHAIN_ARM_STD/us_ticker.o

    ----------------------------------------------------------------------
     12342       2376       4428        208       1672     539847   Object Totals
         0          0         32          0       1024          0   (incl. Generated)
        22          0         25          7          7          0   (incl. Padding)

    ----------------------------------------------------------------------

      Code (inc. data)   RO Data    RW Data    ZI Data      Debug   Library Member Name

         8          0          0          0          0         68   C:\Keil_v5\ARM\ARMCC\Bin\..\lib\armlib\c_w.l(__main.o)
       392          4         17          0          0         92   C:\Keil_v5\ARM\ARMCC\Bin\..\lib\armlib\c_w.l(__printf_flags_ss_wp.o)
        14          0          0          0          0         68   C:\Keil_v5\ARM\ARMCC\Bin\..\lib\armlib\c_w.l(__printf_wp.o)
         0          0          0          0          0          0   C:\Keil_v5\ARM\ARMCC\Bin\..\lib\armlib\c_w.l(__rtentry.o)
        20          0          0          0          0          0   C:\Keil_v5\ARM\ARMCC\Bin\..\lib\armlib\c_w.l(__rtentry2.o)
         6          0          0          0          0          0   C:\Keil_v5\ARM\ARMCC\Bin\..\lib\armlib\c_w.l(__rtentry4.o)
        52          8          0          0          0          0   C:\Keil_v5\ARM\ARMCC\Bin\..\lib\armlib\c_w.l(__scatter.o)
        26          0          0          0          0          0   C:\Keil_v5\ARM\ARMCC\Bin\..\lib\armlib\c_w.l(__scatter_copy.o)
        28          0          0          0          0          0   C:\Keil_v5\ARM\ARMCC\Bin\..\lib\armlib\c_w.l(__scatter_zi.o)
         6          0          0          0          0          0   C:\Keil_v5\ARM\ARMCC\Bin\..\lib\armlib\c_w.l(_printf_a.o)
         6          0          0          0          0          0   C:\Keil_v5\ARM\ARMCC\Bin\..\lib\armlib\c_w.l(_printf_c.o)
        44          0          0          0          0        108   C:\Keil_v5\ARM\ARMCC\Bin\..\lib\armlib\c_w.l(_printf_char.o)
        48          6          0          0          0         96   C:\Keil_v5\ARM\ARMCC\Bin\..\lib\armlib\c_w.l(_printf_char_common.o)
        40          0          0          0          0         68   C:\Keil_v5\ARM\ARMCC\Bin\..\lib\armlib\c_w.l(_printf_charcount.o)
         6          0          0          0          0          0   C:\Keil_v5\ARM\ARMCC\Bin\..\lib\armlib\c_w.l(_printf_d.o)
       120         16          0          0          0         92   C:\Keil_v5\ARM\ARMCC\Bin\..\lib\armlib\c_w.l(_printf_dec.o)
         6          0          0          0          0          0   C:\Keil_v5\ARM\ARMCC\Bin\..\lib\armlib\c_w.l(_printf_e.o)
         6          0          0          0          0          0   C:\Keil_v5\ARM\ARMCC\Bin\..\lib\armlib\c_w.l(_printf_f.o)
      1054          0          0          0          0        216   C:\Keil_v5\ARM\ARMCC\Bin\..\lib\armlib\c_w.l(_printf_fp_dec.o)
       764          8         38          0          0        100   C:\Keil_v5\ARM\ARMCC\Bin\..\lib\armlib\c_w.l(_printf_fp_hex.o)
       128         16          0          0          0         84   C:\Keil_v5\ARM\ARMCC\Bin\..\lib\armlib\c_w.l(_printf_fp_infnan.o)
         6          0          0          0          0          0   C:\Keil_v5\ARM\ARMCC\Bin\..\lib\armlib\c_w.l(_printf_g.o)
       148          4         40          0          0        160   C:\Keil_v5\ARM\ARMCC\Bin\..\lib\armlib\c_w.l(_printf_hex_int_ll_ptr.o)
         6          0          0          0          0          0   C:\Keil_v5\ARM\ARMCC\Bin\..\lib\armlib\c_w.l(_printf_i.o)
       178          0          0          0          0         88   C:\Keil_v5\ARM\ARMCC\Bin\..\lib\armlib\c_w.l(_printf_intcommon.o)
        10          0          0          0          0          0   C:\Keil_v5\ARM\ARMCC\Bin\..\lib\armlib\c_w.l(_printf_l.o)
         6          0          0          0          0          0   C:\Keil_v5\ARM\ARMCC\Bin\..\lib\armlib\c_w.l(_printf_lc.o)
        10          0          0          0          0          0   C:\Keil_v5\ARM\ARMCC\Bin\..\lib\armlib\c_w.l(_printf_ll.o)
         6          0          0          0          0          0   C:\Keil_v5\ARM\ARMCC\Bin\..\lib\armlib\c_w.l(_printf_lld.o)
         6          0          0          0          0          0   C:\Keil_v5\ARM\ARMCC\Bin\..\lib\armlib\c_w.l(_printf_lli.o)
         6          0          0          0          0          0   C:\Keil_v5\ARM\ARMCC\Bin\..\lib\armlib\c_w.l(_printf_llo.o)
         6          0          0          0          0          0   C:\Keil_v5\ARM\ARMCC\Bin\..\lib\armlib\c_w.l(_printf_llu.o)
         6          0          0          0          0          0   C:\Keil_v5\ARM\ARMCC\Bin\..\lib\armlib\c_w.l(_printf_llx.o)
       124         16          0          0          0         92   C:\Keil_v5\ARM\ARMCC\Bin\..\lib\armlib\c_w.l(_printf_longlong_dec.o)
         6          0          0          0          0          0   C:\Keil_v5\ARM\ARMCC\Bin\..\lib\armlib\c_w.l(_printf_ls.o)
         6          0          0          0          0          0   C:\Keil_v5\ARM\ARMCC\Bin\..\lib\armlib\c_w.l(_printf_n.o)
         6          0          0          0          0          0   C:\Keil_v5\ARM\ARMCC\Bin\..\lib\armlib\c_w.l(_printf_o.o)
       112         10          0          0          0        124   C:\Keil_v5\ARM\ARMCC\Bin\..\lib\armlib\c_w.l(_printf_oct_int_ll.o)
         6          0          0          0          0          0   C:\Keil_v5\ARM\ARMCC\Bin\..\lib\armlib\c_w.l(_printf_p.o)
        78          0          0          0          0        108   C:\Keil_v5\ARM\ARMCC\Bin\..\lib\armlib\c_w.l(_printf_pad.o)
         0          0          0          0          0          0   C:\Keil_v5\ARM\ARMCC\Bin\..\lib\armlib\c_w.l(_printf_percent.o)
         4          0          0          0          0          0   C:\Keil_v5\ARM\ARMCC\Bin\..\lib\armlib\c_w.l(_printf_percent_end.o)
         6          0          0          0          0          0   C:\Keil_v5\ARM\ARMCC\Bin\..\lib\armlib\c_w.l(_printf_s.o)
        82          0          0          0          0         80   C:\Keil_v5\ARM\ARMCC\Bin\..\lib\armlib\c_w.l(_printf_str.o)
        36          0          0          0          0         84   C:\Keil_v5\ARM\ARMCC\Bin\..\lib\armlib\c_w.l(_printf_truncate.o)
         6          0          0          0          0          0   C:\Keil_v5\ARM\ARMCC\Bin\..\lib\armlib\c_w.l(_printf_u.o)
        44          0          0          0          0        108   C:\Keil_v5\ARM\ARMCC\Bin\..\lib\armlib\c_w.l(_printf_wchar.o)
       188          6          8          0          0         92   C:\Keil_v5\ARM\ARMCC\Bin\..\lib\armlib\c_w.l(_printf_wctomb.o)
         6          0          0          0          0          0   C:\Keil_v5\ARM\ARMCC\Bin\..\lib\armlib\c_w.l(_printf_x.o)
        16          0          0          0          0         68   C:\Keil_v5\ARM\ARMCC\Bin\..\lib\armlib\c_w.l(_snputc.o)
        10          0          0          0          0         68   C:\Keil_v5\ARM\ARMCC\Bin\..\lib\armlib\c_w.l(_sputc.o)
        64          0          0          0          0         92   C:\Keil_v5\ARM\ARMCC\Bin\..\lib\armlib\c_w.l(_wcrtomb.o)
        22          0          0          0          0         80   C:\Keil_v5\ARM\ARMCC\Bin\..\lib\armlib\c_w.l(abort.o)
       128         42          0          0          0         76   C:\Keil_v5\ARM\ARMCC\Bin\..\lib\armlib\c_w.l(assert.o)
        20          0          0          0          0         76   C:\Keil_v5\ARM\ARMCC\Bin\..\lib\armlib\c_w.l(assert_puts.o)
       228          4        148          0          0         96   C:\Keil_v5\ARM\ARMCC\Bin\..\lib\armlib\c_w.l(bigflt0.o)
      1936        128          0          0          0        672   C:\Keil_v5\ARM\ARMCC\Bin\..\lib\armlib\c_w.l(btod.o)
        48         34          0          0          0         76   C:\Keil_v5\ARM\ARMCC\Bin\..\lib\armlib\c_w.l(defsig_abrt_inner.o)
        14          0          0          0          0         80   C:\Keil_v5\ARM\ARMCC\Bin\..\lib\armlib\c_w.l(defsig_abrt_outer.o)
        10          0          0          0          0         68   C:\Keil_v5\ARM\ARMCC\Bin\..\lib\armlib\c_w.l(defsig_exit.o)
        50          0          0          0          0         88   C:\Keil_v5\ARM\ARMCC\Bin\..\lib\armlib\c_w.l(defsig_general.o)
        80         58          0          0          0         76   C:\Keil_v5\ARM\ARMCC\Bin\..\lib\armlib\c_w.l(defsig_rtmem_inner.o)
        14          0          0          0          0         80   C:\Keil_v5\ARM\ARMCC\Bin\..\lib\armlib\c_w.l(defsig_rtmem_outer.o)
        52         38          0          0          0         76   C:\Keil_v5\ARM\ARMCC\Bin\..\lib\armlib\c_w.l(defsig_rtred_inner.o)
        14          0          0          0          0         80   C:\Keil_v5\ARM\ARMCC\Bin\..\lib\armlib\c_w.l(defsig_rtred_outer.o)
        76          0          0          0          0         88   C:\Keil_v5\ARM\ARMCC\Bin\..\lib\armlib\c_w.l(fclose.o)
       100          4          0          0          0        120   C:\Keil_v5\ARM\ARMCC\Bin\..\lib\armlib\c_w.l(fflush.o)
       236          4          0          0          0        128   C:\Keil_v5\ARM\ARMCC\Bin\..\lib\armlib\c_w.l(fopen.o)
       248          6          0          0          0         84   C:\Keil_v5\ARM\ARMCC\Bin\..\lib\armlib\c_w.l(fseek.o)
        66          0          0          0          0         76   C:\Keil_v5\ARM\ARMCC\Bin\..\lib\armlib\c_w.l(ftell.o)
        94          0          0          0          0         80   C:\Keil_v5\ARM\ARMCC\Bin\..\lib\armlib\c_w.l(h1_alloc.o)
        52          0          0          0          0         68   C:\Keil_v5\ARM\ARMCC\Bin\..\lib\armlib\c_w.l(h1_extend.o)
        78          0          0          0          0         80   C:\Keil_v5\ARM\ARMCC\Bin\..\lib\armlib\c_w.l(h1_free.o)
        14          0          0          0          0         84   C:\Keil_v5\ARM\ARMCC\Bin\..\lib\armlib\c_w.l(h1_init.o)
        80          6          0          4          0         96   C:\Keil_v5\ARM\ARMCC\Bin\..\lib\armlib\c_w.l(heapauxa.o)
         4          0          0          0          0        136   C:\Keil_v5\ARM\ARMCC\Bin\..\lib\armlib\c_w.l(hguard.o)
         0          0          0          0          0          0   C:\Keil_v5\ARM\ARMCC\Bin\..\lib\armlib\c_w.l(indicate_semi.o)
        36         10          0          0          0         80   C:\Keil_v5\ARM\ARMCC\Bin\..\lib\armlib\c_w.l(init_aeabi.o)
       138          0          0          0          0        168   C:\Keil_v5\ARM\ARMCC\Bin\..\lib\armlib\c_w.l(init_alloc.o)
       312         46          0          0          0        112   C:\Keil_v5\ARM\ARMCC\Bin\..\lib\armlib\c_w.l(initio.o)
        44         10        272          0          0         76   C:\Keil_v5\ARM\ARMCC\Bin\..\lib\armlib\c_w.l(lc_ctype_c.o)
        44         10         28          0          0         76   C:\Keil_v5\ARM\ARMCC\Bin\..\lib\armlib\c_w.l(lc_numeric_c.o)
         2          0          0          0          0          0   C:\Keil_v5\ARM\ARMCC\Bin\..\lib\armlib\c_w.l(libinit.o)
        50          0          0          0          0          0   C:\Keil_v5\ARM\ARMCC\Bin\..\lib\armlib\c_w.l(libinit2.o)
         0          0          0          0          0          0   C:\Keil_v5\ARM\ARMCC\Bin\..\lib\armlib\c_w.l(libshutdown2.o)
        38          0          0          0          0         68   C:\Keil_v5\ARM\ARMCC\Bin\..\lib\armlib\c_w.l(llshl.o)
       138          0          0          0          0         80   C:\Keil_v5\ARM\ARMCC\Bin\..\lib\armlib\c_w.l(lludiv10.o)
       238          0          0          0          0        100   C:\Keil_v5\ARM\ARMCC\Bin\..\lib\armlib\c_w.l(lludivv7m.o)
        38          0          0          0          0         68   C:\Keil_v5\ARM\ARMCC\Bin\..\lib\armlib\c_w.l(llushr.o)
         0          0          0          0          0          0   C:\Keil_v5\ARM\ARMCC\Bin\..\lib\armlib\c_w.l(maybetermalloc1.o)
        88          0          0          0          0         76   C:\Keil_v5\ARM\ARMCC\Bin\..\lib\armlib\c_w.l(memcmp.o)
        16          4          0          0          0         76   C:\Keil_v5\ARM\ARMCC\Bin\..\lib\armlib\c_w.l(rt_ctype_table.o)
         8          4          0          0          4         68   C:\Keil_v5\ARM\ARMCC\Bin\..\lib\armlib\c_w.l(rt_errno_addr.o)
         8          4          0          0          4         68   C:\Keil_v5\ARM\ARMCC\Bin\..\lib\armlib\c_w.l(rt_heap_descriptor.o)
         8          4          0          0         20         68   C:\Keil_v5\ARM\ARMCC\Bin\..\lib\armlib\c_w.l(rt_locale.o)
        78          0          0          0          0         80   C:\Keil_v5\ARM\ARMCC\Bin\..\lib\armlib\c_w.l(rt_memclr_w.o)
       100          0          0          0          0         80   C:\Keil_v5\ARM\ARMCC\Bin\..\lib\armlib\c_w.l(rt_memcpy_w.o)
        70          0          0          0          0         80   C:\Keil_v5\ARM\ARMCC\Bin\..\lib\armlib\c_w.l(setvbuf.o)
       240          6          0          0          0        156   C:\Keil_v5\ARM\ARMCC\Bin\..\lib\armlib\c_w.l(stdio.o)
         0          0          0         12        252          0   C:\Keil_v5\ARM\ARMCC\Bin\..\lib\armlib\c_w.l(stdio_streams.o)
       128          0          0          0          0         68   C:\Keil_v5\ARM\ARMCC\Bin\..\lib\armlib\c_w.l(strcmpv7m.o)
        62          0          0          0          0         76   C:\Keil_v5\ARM\ARMCC\Bin\..\lib\armlib\c_w.l(strlen.o)
        28          0          0          0          0         80   C:\Keil_v5\ARM\ARMCC\Bin\..\lib\armlib\c_w.l(strspn.o)
        12          4          0          0          0         68   C:\Keil_v5\ARM\ARMCC\Bin\..\lib\armlib\c_w.l(sys_exit.o)
        14          0          0          0          0         76   C:\Keil_v5\ARM\ARMCC\Bin\..\lib\armlib\c_w.l(sys_wrch.o)
         2          0          0          0          0         68   C:\Keil_v5\ARM\ARMCC\Bin\..\lib\armlib\c_w.l(use_no_semi.o)
        52          4          0          0          0         80   C:\Keil_v5\ARM\ARMCC\Bin\..\lib\armlib\c_w.l(vsnprintf.o)
        98          4          0          0          0        140   C:\Keil_v5\ARM\ARMCC\Bin\..\lib\armlib\fz_wm.l(d2f.o)
       804         16          0          0          0        368   C:\Keil_v5\ARM\ARMCC\Bin\..\lib\armlib\fz_wm.l(daddsub_clz.o)
        24          0          0          0          0        116   C:\Keil_v5\ARM\ARMCC\Bin\..\lib\armlib\fz_wm.l(dcmpi.o)
       120          4          0          0          0        140   C:\Keil_v5\ARM\ARMCC\Bin\..\lib\armlib\fz_wm.l(deqf.o)
       340         12          0          0          0        152   C:\Keil_v5\ARM\ARMCC\Bin\..\lib\armlib\fz_wm.l(dmul.o)
       156          4          0          0          0        140   C:\Keil_v5\ARM\ARMCC\Bin\..\lib\armlib\fz_wm.l(dnaninf.o)
        12          0          0          0          0        116   C:\Keil_v5\ARM\ARMCC\Bin\..\lib\armlib\fz_wm.l(dretinf.o)
        86          4          0          0          0        132   C:\Keil_v5\ARM\ARMCC\Bin\..\lib\armlib\fz_wm.l(f2d.o)
       140          4          0          0          0        132   C:\Keil_v5\ARM\ARMCC\Bin\..\lib\armlib\fz_wm.l(fnaninf.o)
        10          0          0          0          0        116   C:\Keil_v5\ARM\ARMCC\Bin\..\lib\armlib\fz_wm.l(fpinit.o)
        10          0          0          0          0        116   C:\Keil_v5\ARM\ARMCC\Bin\..\lib\armlib\fz_wm.l(fretinf.o)
         4          0          0          0          0        116   C:\Keil_v5\ARM\ARMCC\Bin\..\lib\armlib\fz_wm.l(printf1.o)
         4          0          0          0          0        116   C:\Keil_v5\ARM\ARMCC\Bin\..\lib\armlib\fz_wm.l(printf2.o)
         0          0          0          0          0          0   C:\Keil_v5\ARM\ARMCC\Bin\..\lib\armlib\fz_wm.l(usenofp.o)
        48          0          0          0          0        124   C:\Keil_v5\ARM\ARMCC\Bin\..\lib\armlib\m_wm.l(fpclassify.o)
       200         34          0         16          0        372   mbed/TARGET_K64F/TOOLCHAIN_ARM_STD/mbed.ar(FileBase.o)
       192         22         80          0          0        732   mbed/TARGET_K64F/TOOLCHAIN_ARM_STD/mbed.ar(FilePath.o)
        84         52          0          0          0        136   mbed/TARGET_K64F/TOOLCHAIN_ARM_STD/mbed.ar(mbed_assert.o)
       172         66         83          4          0        588   mbed/TARGET_K64F/TOOLCHAIN_ARM_STD/mbed.ar(mbed_critical.o)
       112         44         90          2          0        240   mbed/TARGET_K64F/TOOLCHAIN_ARM_STD/mbed.ar(mbed_critical_section_api.o)
       616        270        240         12        104        412   mbed/TARGET_K64F/TOOLCHAIN_ARM_STD/mbed.ar(mbed_error.o)
        94          0          0          0          0        276   mbed/TARGET_K64F/TOOLCHAIN_ARM_STD/mbed.ar(mbed_gpio.o)
       276         86          0          0          0        388   mbed/TARGET_K64F/TOOLCHAIN_ARM_STD/mbed.ar(mbed_pinmap_common.o)
        92         42          0         24          0        136   mbed/TARGET_K64F/TOOLCHAIN_ARM_STD/mbed.ar(mbed_sleep_manager.o)
      1018         66         80          0          0        724   mbed/TARGET_K64F/TOOLCHAIN_ARM_STD/mbed.ar(mbed_ticker_api.o)
        32         14         40          4         64        232   mbed/TARGET_K64F/TOOLCHAIN_ARM_STD/mbed.ar(mbed_us_ticker_api.o)
        84          4          0          0          0        256   mbed/TARGET_K64F/TOOLCHAIN_ARM_STD/mbed.ar(mbed_wait_api_no_rtos.o)

    ----------------------------------------------------------------------
     14478       1272       1168         80        448      13432   Library Totals
        26          0          4          2          0          0   (incl. Padding)

    ----------------------------------------------------------------------

      Code (inc. data)   RO Data    RW Data    ZI Data      Debug   Library Name

      9624        524        551         16        280       6916   C:\Keil_v5\ARM\ARMCC\Bin\..\lib\armlib\c_w.l
      1808         48          0          0          0       1900   C:\Keil_v5\ARM\ARMCC\Bin\..\lib\armlib\fz_wm.l
        48          0          0          0          0        124   C:\Keil_v5\ARM\ARMCC\Bin\..\lib\armlib\m_wm.l
      2972        700        613         62        168       4492   mbed/TARGET_K64F/TOOLCHAIN_ARM_STD/mbed.ar

    ----------------------------------------------------------------------
     14478       1272       1168         80        448      13432   Library Totals

    ----------------------------------------------------------------------

==============================================================================


      Code (inc. data)   RO Data    RW Data    ZI Data      Debug   

     26820       3648       5596        288       2120     531779   Grand Totals
     26820       3648       5596        288       2120     531779   ELF Image Totals
     26820       3648       5596        288          0          0   ROM Totals

==============================================================================

    Total RO  Size (Code + RO Data)                32416 (  31.66kB)
    Total RW  Size (RW Data + ZI Data)              2408 (   2.35kB)
    Total ROM Size (Code + RO Data + RW Data)      32704 (  31.94kB)

==============================================================================

